Archive member included to satisfy reference by file (symbol)

f:/f/mounriver_studio/toolchain/risc-v embedded gcc/bin/../lib/gcc/riscv-none-embed/8.2.0/../../../../riscv-none-embed/lib/rv32imafc/ilp32f\libm.a(lib_a-s_atan.o)
                              ./code/better_mpu6050.o (atan)
f:/f/mounriver_studio/toolchain/risc-v embedded gcc/bin/../lib/gcc/riscv-none-embed/8.2.0/../../../../riscv-none-embed/lib/rv32imafc/ilp32f\libm.a(lib_a-s_cos.o)
                              ./zf_device/zf_device_gnss.o (cos)
f:/f/mounriver_studio/toolchain/risc-v embedded gcc/bin/../lib/gcc/riscv-none-embed/8.2.0/../../../../riscv-none-embed/lib/rv32imafc/ilp32f\libm.a(lib_a-s_fabs.o)
                              f:/f/mounriver_studio/toolchain/risc-v embedded gcc/bin/../lib/gcc/riscv-none-embed/8.2.0/../../../../riscv-none-embed/lib/rv32imafc/ilp32f\libm.a(lib_a-s_atan.o) (fabs)
f:/f/mounriver_studio/toolchain/risc-v embedded gcc/bin/../lib/gcc/riscv-none-embed/8.2.0/../../../../riscv-none-embed/lib/rv32imafc/ilp32f\libm.a(lib_a-s_sin.o)
                              ./zf_device/zf_device_gnss.o (sin)
f:/f/mounriver_studio/toolchain/risc-v embedded gcc/bin/../lib/gcc/riscv-none-embed/8.2.0/../../../../riscv-none-embed/lib/rv32imafc/ilp32f\libm.a(lib_a-w_asin.o)
                              ./zf_device/zf_device_gnss.o (asin)
f:/f/mounriver_studio/toolchain/risc-v embedded gcc/bin/../lib/gcc/riscv-none-embed/8.2.0/../../../../riscv-none-embed/lib/rv32imafc/ilp32f\libm.a(lib_a-w_atan2.o)
                              ./zf_device/zf_device_gnss.o (atan2)
f:/f/mounriver_studio/toolchain/risc-v embedded gcc/bin/../lib/gcc/riscv-none-embed/8.2.0/../../../../riscv-none-embed/lib/rv32imafc/ilp32f\libm.a(lib_a-w_pow.o)
                              ./zf_device/zf_device_gnss.o (pow)
f:/f/mounriver_studio/toolchain/risc-v embedded gcc/bin/../lib/gcc/riscv-none-embed/8.2.0/../../../../riscv-none-embed/lib/rv32imafc/ilp32f\libm.a(lib_a-w_sqrt.o)
                              ./zf_device/zf_device_gnss.o (sqrt)
f:/f/mounriver_studio/toolchain/risc-v embedded gcc/bin/../lib/gcc/riscv-none-embed/8.2.0/../../../../riscv-none-embed/lib/rv32imafc/ilp32f\libm.a(lib_a-e_asin.o)
                              f:/f/mounriver_studio/toolchain/risc-v embedded gcc/bin/../lib/gcc/riscv-none-embed/8.2.0/../../../../riscv-none-embed/lib/rv32imafc/ilp32f\libm.a(lib_a-w_asin.o) (__ieee754_asin)
f:/f/mounriver_studio/toolchain/risc-v embedded gcc/bin/../lib/gcc/riscv-none-embed/8.2.0/../../../../riscv-none-embed/lib/rv32imafc/ilp32f\libm.a(lib_a-e_atan2.o)
                              f:/f/mounriver_studio/toolchain/risc-v embedded gcc/bin/../lib/gcc/riscv-none-embed/8.2.0/../../../../riscv-none-embed/lib/rv32imafc/ilp32f\libm.a(lib_a-w_atan2.o) (__ieee754_atan2)
f:/f/mounriver_studio/toolchain/risc-v embedded gcc/bin/../lib/gcc/riscv-none-embed/8.2.0/../../../../riscv-none-embed/lib/rv32imafc/ilp32f\libm.a(lib_a-e_pow.o)
                              f:/f/mounriver_studio/toolchain/risc-v embedded gcc/bin/../lib/gcc/riscv-none-embed/8.2.0/../../../../riscv-none-embed/lib/rv32imafc/ilp32f\libm.a(lib_a-w_pow.o) (__ieee754_pow)
f:/f/mounriver_studio/toolchain/risc-v embedded gcc/bin/../lib/gcc/riscv-none-embed/8.2.0/../../../../riscv-none-embed/lib/rv32imafc/ilp32f\libm.a(lib_a-e_rem_pio2.o)
                              f:/f/mounriver_studio/toolchain/risc-v embedded gcc/bin/../lib/gcc/riscv-none-embed/8.2.0/../../../../riscv-none-embed/lib/rv32imafc/ilp32f\libm.a(lib_a-s_cos.o) (__ieee754_rem_pio2)
f:/f/mounriver_studio/toolchain/risc-v embedded gcc/bin/../lib/gcc/riscv-none-embed/8.2.0/../../../../riscv-none-embed/lib/rv32imafc/ilp32f\libm.a(lib_a-e_sqrt.o)
                              f:/f/mounriver_studio/toolchain/risc-v embedded gcc/bin/../lib/gcc/riscv-none-embed/8.2.0/../../../../riscv-none-embed/lib/rv32imafc/ilp32f\libm.a(lib_a-w_sqrt.o) (__ieee754_sqrt)
f:/f/mounriver_studio/toolchain/risc-v embedded gcc/bin/../lib/gcc/riscv-none-embed/8.2.0/../../../../riscv-none-embed/lib/rv32imafc/ilp32f\libm.a(lib_a-k_cos.o)
                              f:/f/mounriver_studio/toolchain/risc-v embedded gcc/bin/../lib/gcc/riscv-none-embed/8.2.0/../../../../riscv-none-embed/lib/rv32imafc/ilp32f\libm.a(lib_a-s_cos.o) (__kernel_cos)
f:/f/mounriver_studio/toolchain/risc-v embedded gcc/bin/../lib/gcc/riscv-none-embed/8.2.0/../../../../riscv-none-embed/lib/rv32imafc/ilp32f\libm.a(lib_a-k_rem_pio2.o)
                              f:/f/mounriver_studio/toolchain/risc-v embedded gcc/bin/../lib/gcc/riscv-none-embed/8.2.0/../../../../riscv-none-embed/lib/rv32imafc/ilp32f\libm.a(lib_a-e_rem_pio2.o) (__kernel_rem_pio2)
f:/f/mounriver_studio/toolchain/risc-v embedded gcc/bin/../lib/gcc/riscv-none-embed/8.2.0/../../../../riscv-none-embed/lib/rv32imafc/ilp32f\libm.a(lib_a-k_sin.o)
[...]
Memory Configuration

Name             Origin             Length             Attributes
RAM              0x0000000020000040 0x000000000000fc00 xrw
FLASH            0x0000000000000000 0x0000000000040000 xr
*default*        0x0000000000000000 0xffffffffffffffff

Linker script and memory map

LOAD ./zf_driver/zf_driver_adc.o
LOAD ./zf_driver/zf_driver_delay.o
LOAD ./zf_driver/zf_driver_dvp.o
LOAD ./zf_driver/zf_driver_encoder.o
LOAD ./zf_driver/zf_driver_exti.o
LOAD ./zf_driver/zf_driver_flash.o
LOAD ./zf_driver/zf_driver_gpio.o
LOAD ./zf_driver/zf_driver_iic.o
LOAD ./zf_driver/zf_driver_pit.o
LOAD ./zf_driver/zf_driver_pwm.o
LOAD ./zf_driver/zf_driver_soft_iic.o
LOAD ./zf_driver/zf_driver_soft_spi.o
LOAD ./zf_driver/zf_driver_spi.o
LOAD ./zf_driver/zf_driver_timer.o
LOAD ./zf_driver/zf_driver_uart.o
LOAD ./zf_driver/zf_driver_usb_cdc.o
LOAD ./zf_device/zf_device_absolute_encoder.o
LOAD ./zf_device/zf_device_aht20.o
LOAD ./zf_device/zf_device_bluetooth_ch9141.o
LOAD ./zf_device/zf_device_camera.o
LOAD ./zf_device/zf_device_dl1a.o
LOAD ./zf_device/zf_device_dl1b.o
LOAD ./zf_device/zf_device_dm1xa.o
LOAD ./zf_device/zf_device_gnss.o
LOAD ./zf_device/zf_device_icm20602.o
LOAD ./zf_device/zf_device_imu660ra.o
LOAD ./zf_device/zf_device_imu963ra.o
LOAD ./zf_device/zf_device_ips114.o
LOAD ./zf_device/zf_device_ips200.o
LOAD ./zf_device/zf_device_k24c02.o
LOAD ./zf_device/zf_device_key.o
LOAD ./zf_device/zf_device_mpu6050.o
LOAD ./zf_device/zf_device_mt9v03x_dvp.o
LOAD ./zf_device/zf_device_oled.o
LOAD ./zf_device/zf_device_scc8660_dvp.o
LOAD ./zf_device/zf_device_tft180.o
LOAD ./zf_device/zf_device_type.o
LOAD ./zf_device/zf_device_virtual_oscilloscope.o
LOAD ./zf_device/zf_device_w25q32.o
LOAD ./zf_device/zf_device_wifi_spi.o
LOAD ./zf_device/zf_device_wifi_uart.o
LOAD ./zf_device/zf_device_wireless_ch573.o
LOAD ./zf_device/zf_device_wireless_uart.o
LOAD ./zf_components/seekfree_assistant.o
LOAD ./zf_components/seekfree_assistant_interface.o
LOAD ./zf_common/zf_common_clock.o
LOAD ./zf_common/zf_common_debug.o
LOAD ./zf_common/zf_common_fifo.o
LOAD ./zf_common/zf_common_font.o
LOAD ./zf_common/zf_common_function.o
LOAD ./zf_common/zf_common_interrupt.o
LOAD ./user_c/isr.o
LOAD ./user_c/main.o
LOAD ./sdk/Startup/startup_ch32v30x_D8C.o
LOAD ./sdk/Peripheral/ch32v30x_adc.o
LOAD ./sdk/Peripheral/ch32v30x_bkp.o
LOAD ./sdk/Peripheral/ch32v30x_can.o
LOAD ./sdk/Peripheral/ch32v30x_crc.o
LOAD ./sdk/Peripheral/ch32v30x_dac.o
LOAD ./sdk/Peripheral/ch32v30x_dbgmcu.o
LOAD ./sdk/Peripheral/ch32v30x_dma.o
LOAD ./sdk/Peripheral/ch32v30x_dvp.o
LOAD ./sdk/Peripheral/ch32v30x_eth.o
LOAD ./sdk/Peripheral/ch32v30x_exti.o
LOAD ./sdk/Peripheral/ch32v30x_flash.o
LOAD ./sdk/Peripheral/ch32v30x_fsmc.o
LOAD ./sdk/Peripheral/ch32v30x_gpio.o
LOAD ./sdk/Peripheral/ch32v30x_i2c.o
LOAD ./sdk/Peripheral/ch32v30x_iwdg.o
LOAD ./sdk/Peripheral/ch32v30x_opa.o
LOAD ./sdk/Peripheral/ch32v30x_pwr.o
LOAD ./sdk/Peripheral/ch32v30x_rcc.o
LOAD ./sdk/Peripheral/ch32v30x_rng.o
LOAD ./sdk/Peripheral/ch32v30x_rtc.o
LOAD ./sdk/Peripheral/ch32v30x_sdio.o
LOAD ./sdk/Peripheral/ch32v30x_spi.o
LOAD ./sdk/Peripheral/ch32v30x_tim.o
LOAD ./sdk/Peripheral/ch32v30x_usart.o
LOAD ./sdk/Peripheral/ch32v30x_usbotg_device.o
LOAD ./sdk/Peripheral/ch32v30x_wwdg.o
LOAD ./sdk/Core/core_riscv.o
LOAD ./code/UART_Data_Unpacker.o
LOAD ./code/better_mpu6050.o
LOAD ./code/better_pid.o
LOAD ./code/better_pwm.o
LOAD ./code/button.o
LOAD ./code/control.o
LOAD ./code/flash.o
LOAD ./code/revision_mt9v03x.o
LOAD ./code/swj.o
LOAD f:/f/mounriver_studio/toolchain/risc-v embedded gcc/bin/../lib/gcc/riscv-none-embed/8.2.0/../../../../riscv-none-embed/lib/rv32imafc/ilp32f\libm.a
LOAD F:\H\desktop\document\CHV307_Library-master\CHV307_Library-master\Seekfree_CH32V307VCT6_Opensource_Library\libraries\zf_device\libzf_device_config.a
LOAD f:/f/mounriver_studio/toolchain/risc-v embedded gcc/bin/../lib/gcc/riscv-none-embed/8.2.0/rv32imafc/ilp32f\libgcc.a
LOAD f:/f/mounriver_studio/toolchain/risc-v embedded gcc/bin/../lib/gcc/riscv-none-embed/8.2.0/../../../../riscv-none-embed/lib/rv32imafc/ilp32f\libg_nano.a
LOAD f:/f/mounriver_studio/toolchain/risc-v embedded gcc/bin/../lib/gcc/riscv-none-embed/8.2.0/../../../../riscv-none-embed/lib/rv32imafc/ilp32f\libc_nano.a
LOAD f:/f/mounriver_studio/toolchain/risc-v embedded gcc/bin/../lib/gcc/riscv-none-embed/8.2.0/rv32imafc/ilp32f\libgcc.a
START GROUP
LOAD f:/f/mounriver_studio/toolchain/risc-v embedded gcc/bin/../lib/gcc/riscv-none-embed/8.2.0/rv32imafc/ilp32f\libgcc.a
LOAD f:/f/mounriver_studio/toolchain/risc-v embedded gcc/bin/../lib/gcc/riscv-none-embed/8.2.0/../../../../riscv-none-embed/lib/rv32imafc/ilp32f\libc_nano.a
LOAD f:/f/mounriver_studio/toolchain/risc-v embedded gcc/bin/../lib/gcc/riscv-none-embed/8.2.0/../../../../riscv-none-embed/lib/rv32imafc/ilp32f\libnosys.a
END GROUP
START GROUP
LOAD f:/f/mounriver_studio/toolchain/risc-v embedded gcc/bin/../lib/gcc/riscv-none-embed/8.2.0/rv32imafc/ilp32f\libgcc.a
LOAD f:/f/mounriver_studio/toolchain/risc-v embedded gcc/bin/../lib/gcc/riscv-none-embed/8.2.0/../../../../riscv-none-embed/lib/rv32imafc/ilp32f\libc_nano.a
LOAD f:/f/mounriver_studio/toolchain/risc-v embedded gcc/bin/../lib/gcc/riscv-none-embed/8.2.0/../../../../riscv-none-embed/lib/rv32imafc/ilp32f\libnosys.a
END GROUP
                0x0000000000000800                __stack_size = 0x800
                [!provide]                        PROVIDE (_stack_size = __stack_size)

.init           0x0000000000000000       0x38
                0x0000000000000000                _sinit = .
                0x0000000000000000                . = ALIGN (0x4)
 *(SORT_NONE(.init))
 .init          0x0000000000000000       0x38 ./sdk/Startup/startup_ch32v30x_D8C.o
                0x0000000000000000                _start
                0x0000000000000038                . = ALIGN (0x4)
                0x0000000000000038                _einit = .

.vector         0x0000000000000038      0x1c8
 *(.vector)
 .vector        0x0000000000000038      0x1a0 ./sdk/Startup/startup_ch32v30x_D8C.o
                0x0000000000000200                . = ALIGN (0x40)
 *fill*         0x00000000000001d8       0x28 

.text           0x0000000000000200    0x1b534
                0x0000000000000200                . = ALIGN (0x4)
 *(.text)
 .text          0x0000000000000200       0xa8 f:/f/mounriver_studio/toolchain/risc-v embedded gcc/bin/../lib/gcc/riscv-none-embed/8.2.0/../../../../riscv-none-embed/lib/rv32imafc/ilp32f\libg_nano.a(lib_a-memset.o)
                0x0000000000000200                memset
 *(.text.*)
 .text.system_delay_ms
                0x00000000000002a8       0xa2 ./zf_driver/zf_driver_delay.o
                0x00000000000002a8                system_delay_ms
 .text.dvp_gpio_init
                0x000000000000034a      0x102 ./zf_driver/zf_driver_dvp.o
                0x000000000000034a                dvp_gpio_init
 .text.dvp_camera_init
                0x000000000000044c       0x8c ./zf_driver/zf_driver_dvp.o
                0x000000000000044c                dvp_camera_init
 .text.flash_check
                0x00000000000004d8       0xc2 ./zf_driver/zf_driver_flash.o
                0x00000000000004d8                flash_check
 .text.flash_erase_sector
                0x000000000000059a       0xc4 ./zf_driver/zf_driver_flash.o
                0x000000000000059a                flash_erase_sector
 .text.flash_read_page_to_buffer
                0x000000000000065e       0xac ./zf_driver/zf_driver_flash.o
                0x000000000000065e                flash_read_page_to_buffer
 .text.flash_write_page_from_buffer
                0x000000000000070a      0x10c ./zf_driver/zf_driver_flash.o
                0x000000000000070a                flash_write_page_from_buffer
 .text.flash_buffer_clear
                0x0000000000000816       0x24 ./zf_driver/zf_driver_flash.o
                0x0000000000000816                flash_buffer_clear
 .text.gpio_set_level
                0x000000000000083a       0x78 ./zf_driver/zf_driver_gpio.o
                0x000000000000083a                gpio_set_level
 .text.gpio_get_level
                0x00000000000008b2       0x42 ./zf_driver/zf_driver_gpio.o
                0x00000000000008b2                gpio_get_level
 .text.gpio_init
                0x00000000000008f4      0x15c ./zf_driver/zf_driver_gpio.o
                0x00000000000008f4                gpio_init
 .text.pit_init
                0x0000000000000a50      0x218 ./zf_driver/zf_driver_pit.o
                0x0000000000000a50                pit_init
 .text.soft_iic_start
                0x0000000000000c68      0x128 ./zf_driver/zf_driver_soft_iic.o
 .text.soft_iic_stop
                0x0000000000000d90      0x142 ./zf_driver/zf_driver_soft_iic.o
 .text.soft_iic_send_ack
                0x0000000000000ed2      0x196 ./zf_driver/zf_driver_soft_iic.o
 .text.soft_iic_wait_ack
                0x0000000000001068      0x160 ./zf_driver/zf_driver_soft_iic.o
 .text.soft_iic_send_data
                0x00000000000011c8      0x16e ./zf_driver/zf_driver_soft_iic.o
 .text.soft_iic_read_data
                0x0000000000001336      0x1e8 ./zf_driver/zf_driver_soft_iic.o
 .text.soft_iic_sccb_write_register
                0x000000000000151e       0x80 ./zf_driver/zf_driver_soft_iic.o
                0x000000000000151e                soft_iic_sccb_write_register
 .text.soft_iic_sccb_read_register
                0x000000000000159e       0xb4 ./zf_driver/zf_driver_soft_iic.o
                0x000000000000159e                soft_iic_sccb_read_register
 .text.soft_iic_init
                0x0000000000001652       0xb2 ./zf_driver/zf_driver_soft_iic.o
                0x0000000000001652                soft_iic_init
 .text.spi_write_8bit
                0x0000000000001704       0x56 ./zf_driver/zf_driver_spi.o
                0x0000000000001704                spi_write_8bit
 .text.spi_write_16bit
                0x000000000000175a       0xa4 ./zf_driver/zf_driver_spi.o
                0x000000000000175a                spi_write_16bit
 .text.spi_init
                0x00000000000017fe      0x2d4 ./zf_driver/zf_driver_spi.o
                0x00000000000017fe                spi_init
 .text.timer_funciton_check
                0x0000000000001ad2       0x66 ./zf_driver/zf_driver_timer.o
                0x0000000000001ad2                timer_funciton_check
 .text.timer_clock_enable
                0x0000000000001b38       0xe2 ./zf_driver/zf_driver_timer.o
                0x0000000000001b38                timer_clock_enable
 .text.timer_start
                0x0000000000001c1a       0xca ./zf_driver/zf_driver_timer.o
                0x0000000000001c1a                timer_start
 .text.timer_stop
                0x0000000000001ce4       0xca ./zf_driver/zf_driver_timer.o
                0x0000000000001ce4                timer_stop
 .text.timer_get
                0x0000000000001dae       0xfe ./zf_driver/zf_driver_timer.o
                0x0000000000001dae                timer_get
 .text.timer_clear
                0x0000000000001eac       0xc4 ./zf_driver/zf_driver_timer.o
                0x0000000000001eac                timer_clear
 .text.uart_write_byte
                0x0000000000001f70       0x56 ./zf_driver/zf_driver_uart.o
                0x0000000000001f70                uart_write_byte
 .text.uart_write_buffer
                0x0000000000001fc6       0x64 ./zf_driver/zf_driver_uart.o
                0x0000000000001fc6                uart_write_buffer
 .text.uart_write_string
                0x000000000000202a       0x60 ./zf_driver/zf_driver_uart.o
                0x000000000000202a                uart_write_string
 .text.uart_rx_interrupt
                0x000000000000208a       0x84 ./zf_driver/zf_driver_uart.o
                0x000000000000208a                uart_rx_interrupt
 .text.uart_query_byte
                0x000000000000210e       0x5e ./zf_driver/zf_driver_uart.o
                0x000000000000210e                uart_query_byte
 .text.uart_init
                0x000000000000216c      0x5aa ./zf_driver/zf_driver_uart.o
                0x000000000000216c                uart_init
 .text.dm1xa_sound_callback
                0x0000000000002716       0xf2 ./zf_device/zf_device_dm1xa.o
                0x0000000000002716                dm1xa_sound_callback
 .text.dm1xa_light_callback
                0x0000000000002808       0x32 ./zf_device/zf_device_dm1xa.o
                0x0000000000002808                dm1xa_light_callback
 .text.gnss_uart_callback
                0x000000000000283a      0x15c ./zf_device/zf_device_gnss.o
                0x000000000000283a                gnss_uart_callback
 .text.key_scanner
                0x0000000000002996      0x100 ./zf_device/zf_device_key.o
                0x0000000000002996                key_scanner
 .text.key_get_state
                0x0000000000002a96       0x20 ./zf_device/zf_device_key.o
                0x0000000000002a96                key_get_state
 .text.key_init
                0x0000000000002ab6       0x88 ./zf_device/zf_device_key.o
                0x0000000000002ab6                key_init
 .text.mt9v03x_set_config
                0x0000000000002b3e      0x132 ./zf_device/zf_device_mt9v03x_dvp.o
 .text.mt9v03x_get_config
                0x0000000000002c70      0x176 ./zf_device/zf_device_mt9v03x_dvp.o
 .text.mt9v03x_uart_check_id
                0x0000000000002de6       0xda ./zf_device/zf_device_mt9v03x_dvp.o
 .text.mt9v03x_uart_handler
                0x0000000000002ec0       0x4e ./zf_device/zf_device_mt9v03x_dvp.o
 .text.mt9v03x_dvp_handler
                0x0000000000002f0e       0x14 ./zf_device/zf_device_mt9v03x_dvp.o
                0x0000000000002f0e                mt9v03x_dvp_handler
 .text.mt9v03x_get_version
                0x0000000000002f22       0xb0 ./zf_device/zf_device_mt9v03x_dvp.o
                0x0000000000002f22                mt9v03x_get_version
 .text.mt9v03x_set_exposure_time
                0x0000000000002fd2      0x1a0 ./zf_device/zf_device_mt9v03x_dvp.o
                0x0000000000002fd2                mt9v03x_set_exposure_time
 .text.mt9v03x_sccb_init
                0x0000000000003172       0xc2 ./zf_device/zf_device_mt9v03x_dvp.o
                0x0000000000003172                mt9v03x_sccb_init
 .text.mt9v03x_uart_init
                0x0000000000003234      0x2ae ./zf_device/zf_device_mt9v03x_dvp.o
                0x0000000000003234                mt9v03x_uart_init
 .text.mt9v03x_init
                0x00000000000034e2       0xae ./zf_device/zf_device_mt9v03x_dvp.o
                0x00000000000034e2                mt9v03x_init
 .text.tft180_write_index
                0x0000000000003590       0x44 ./zf_device/zf_device_tft180.o
 .text.tft180_set_region
                0x00000000000035d4      0x1e8 ./zf_device/zf_device_tft180.o
 .text.tft180_debug_init
                0x00000000000037bc       0x86 ./zf_device/zf_device_tft180.o
 .text.tft180_clear
                0x0000000000003842       0x88 ./zf_device/zf_device_tft180.o
                0x0000000000003842                tft180_clear
 .text.tft180_set_dir
                0x00000000000038ca       0x50 ./zf_device/zf_device_tft180.o
                0x00000000000038ca                tft180_set_dir
 .text.tft180_set_color
                0x000000000000391a       0x2c ./zf_device/zf_device_tft180.o
                0x000000000000391a                tft180_set_color
 .text.tft180_draw_point
                0x0000000000003946       0xb4 ./zf_device/zf_device_tft180.o
                0x0000000000003946                tft180_draw_point
 .text.tft180_draw_line
                0x00000000000039fa      0x25a ./zf_device/zf_device_tft180.o
                0x00000000000039fa                tft180_draw_line
 .text.tft180_show_char
                0x0000000000003c54      0x2a2 ./zf_device/zf_device_tft180.o
                0x0000000000003c54                tft180_show_char
 .text.tft180_show_string
                0x0000000000003ef6      0x110 ./zf_device/zf_device_tft180.o
                0x0000000000003ef6                tft180_show_string
 .text.tft180_show_int
                0x0000000000004006      0x146 ./zf_device/zf_device_tft180.o
                0x0000000000004006                tft180_show_int
 .text.tft180_show_uint
                0x000000000000414c      0x142 ./zf_device/zf_device_tft180.o
                0x000000000000414c                tft180_show_uint
 .text.tft180_show_float
                0x000000000000428e      0x208 ./zf_device/zf_device_tft180.o
                0x000000000000428e                tft180_show_float
 .text.tft180_show_gray_image
                0x0000000000004496      0x23e ./zf_device/zf_device_tft180.o
                0x0000000000004496                tft180_show_gray_image
 .text.tft180_show_chinese
                0x00000000000046d4      0x22c ./zf_device/zf_device_tft180.o
                0x00000000000046d4                tft180_show_chinese
 .text.tft180_init
                0x0000000000004900      0x41e ./zf_device/zf_device_tft180.o
                0x0000000000004900                tft180_init
 .text.type_default_callback
                0x0000000000004d1e        0xe ./zf_device/zf_device_type.o
 .text.set_camera_type
                0x0000000000004d2c       0x52 ./zf_device/zf_device_type.o
                0x0000000000004d2c                set_camera_type
 .text.clock_reset
                0x0000000000004d7e       0x76 ./zf_common/zf_common_clock.o
                0x0000000000004d7e                clock_reset
 .text.clock_set_freq
                0x0000000000004df4      0x1e0 ./zf_common/zf_common_clock.o
                0x0000000000004df4                clock_set_freq
 .text.clock_init
                0x0000000000004fd4       0x2e ./zf_common/zf_common_clock.o
                0x0000000000004fd4                clock_init
 .text.__NOP    0x0000000000005002       0x10 ./zf_common/zf_common_debug.o
 .text.debug_delay
                0x0000000000005012       0x54 ./zf_common/zf_common_debug.o
 .text.debug_protective_handler
                0x0000000000005066        0xe ./zf_common/zf_common_debug.o
 .text.debug_uart_str_output
                0x0000000000005074       0x20 ./zf_common/zf_common_debug.o
 .text.debug_output
                0x0000000000005094      0x564 ./zf_common/zf_common_debug.o
 .text.debug_interrupr_handler
                0x00000000000055f8       0x38 ./zf_common/zf_common_debug.o
                0x00000000000055f8                debug_interrupr_handler
 .text._write   0x0000000000005630       0x7c ./zf_common/zf_common_debug.o
                0x0000000000005630                _write
 .text.debug_assert_handler
                0x00000000000056ac       0x68 ./zf_common/zf_common_debug.o
                0x00000000000056ac                debug_assert_handler
 .text.debug_log_handler
                0x0000000000005714       0x4e ./zf_common/zf_common_debug.o
                0x0000000000005714                debug_log_handler
 .text.debug_output_struct_init
                0x0000000000005762       0x5a ./zf_common/zf_common_debug.o
                0x0000000000005762                debug_output_struct_init
 .text.debug_output_init
                0x00000000000057bc       0xa8 ./zf_common/zf_common_debug.o
                0x00000000000057bc                debug_output_init
 .text.debug_init
                0x0000000000005864       0x6c ./zf_common/zf_common_debug.o
                0x0000000000005864                debug_init
 .text.fifo_head_offset
                0x00000000000058d0      0x184 ./zf_common/zf_common_fifo.o
 .text.fifo_end_offset
                0x0000000000005a54      0x184 ./zf_common/zf_common_fifo.o
 .text.fifo_clear
                0x0000000000005bd8      0x24a ./zf_common/zf_common_fifo.o
                0x0000000000005bd8                fifo_clear
 .text.fifo_used
                0x0000000000005e22       0x7a ./zf_common/zf_common_fifo.o
                0x0000000000005e22                fifo_used
 .text.fifo_write_element
                0x0000000000005e9c      0x260 ./zf_common/zf_common_fifo.o
                0x0000000000005e9c                fifo_write_element
 .text.fifo_write_buffer
                0x00000000000060fc      0x5ea ./zf_common/zf_common_fifo.o
                0x00000000000060fc                fifo_write_buffer
 .text.fifo_read_buffer
                0x00000000000066e6      0x5a4 ./zf_common/zf_common_fifo.o
                0x00000000000066e6                fifo_read_buffer
 .text.fifo_init
                0x0000000000006c8a      0x248 ./zf_common/zf_common_fifo.o
                0x0000000000006c8a                fifo_init
 .text.func_int_to_str
                0x0000000000006ed2      0x116 ./zf_common/zf_common_function.o
                0x0000000000006ed2                func_int_to_str
 .text.func_uint_to_str
                0x0000000000006fe8       0xd8 ./zf_common/zf_common_function.o
                0x0000000000006fe8                func_uint_to_str
 .text.func_double_to_str
                0x00000000000070c0      0x2a2 ./zf_common/zf_common_function.o
                0x00000000000070c0                func_double_to_str
 .text.__enable_irq
                0x0000000000007362       0x18 ./zf_common/zf_common_interrupt.o
 .text.__disable_irq
                0x000000000000737a       0x14 ./zf_common/zf_common_interrupt.o
 .text.NVIC_EnableIRQ
                0x000000000000738e       0x32 ./zf_common/zf_common_interrupt.o
 .text.NVIC_DisableIRQ
                0x00000000000073c0       0x32 ./zf_common/zf_common_interrupt.o
 .text.NVIC_SetPriority
                0x00000000000073f2       0x2a ./zf_common/zf_common_interrupt.o
 .text.interrupt_enable
                0x000000000000741c       0x1e ./zf_common/zf_common_interrupt.o
                0x000000000000741c                interrupt_enable
 .text.interrupt_disable
                0x000000000000743a       0x1e ./zf_common/zf_common_interrupt.o
                0x000000000000743a                interrupt_disable
 .text.interrupt_set_priority
                0x0000000000007458       0x2a ./zf_common/zf_common_interrupt.o
                0x0000000000007458                interrupt_set_priority
 .text.interrupt_global_enable
                0x0000000000007482       0x32 ./zf_common/zf_common_interrupt.o
                0x0000000000007482                interrupt_global_enable
 .text.interrupt_global_disable
                0x00000000000074b4       0x2c ./zf_common/zf_common_interrupt.o
                0x00000000000074b4                interrupt_global_disable
 .text.interrupt_init
                0x00000000000074e0       0x18 ./zf_common/zf_common_interrupt.o
                0x00000000000074e0                interrupt_init
 .text.USART1_IRQHandler
                0x00000000000074f8       0xc4 ./user_c/isr.o
                0x00000000000074f8                USART1_IRQHandler
 .text.USART2_IRQHandler
                0x00000000000075bc       0xc4 ./user_c/isr.o
                0x00000000000075bc                USART2_IRQHandler
 .text.USART3_IRQHandler
                0x0000000000007680       0xc8 ./user_c/isr.o
                0x0000000000007680                USART3_IRQHandler
 .text.UART4_IRQHandler
                0x0000000000007748       0xc4 ./user_c/isr.o
                0x0000000000007748                UART4_IRQHandler
 .text.UART5_IRQHandler
                0x000000000000780c       0xc2 ./user_c/isr.o
                0x000000000000780c                UART5_IRQHandler
 .text.UART6_IRQHandler
                0x00000000000078ce       0xc4 ./user_c/isr.o
                0x00000000000078ce                UART6_IRQHandler
 .text.UART7_IRQHandler
                0x0000000000007992       0xca ./user_c/isr.o
                0x0000000000007992                UART7_IRQHandler
 .text.UART8_IRQHandler
                0x0000000000007a5c       0xc0 ./user_c/isr.o
                0x0000000000007a5c                UART8_IRQHandler
 .text.DVP_IRQHandler
                0x0000000000007b1c       0xd0 ./user_c/isr.o
                0x0000000000007b1c                DVP_IRQHandler
 .text.EXTI0_IRQHandler
                0x0000000000007bec       0xb4 ./user_c/isr.o
                0x0000000000007bec                EXTI0_IRQHandler
 .text.EXTI1_IRQHandler
                0x0000000000007ca0       0xb4 ./user_c/isr.o
                0x0000000000007ca0                EXTI1_IRQHandler
 .text.EXTI2_IRQHandler
                0x0000000000007d54       0xb4 ./user_c/isr.o
                0x0000000000007d54                EXTI2_IRQHandler
 .text.EXTI3_IRQHandler
                0x0000000000007e08       0xb4 ./user_c/isr.o
                0x0000000000007e08                EXTI3_IRQHandler
 .text.EXTI4_IRQHandler
                0x0000000000007ebc       0xb4 ./user_c/isr.o
                0x0000000000007ebc                EXTI4_IRQHandler
 .text.EXTI9_5_IRQHandler
                0x0000000000007f70      0x118 ./user_c/isr.o
                0x0000000000007f70                EXTI9_5_IRQHandler
 .text.EXTI15_10_IRQHandler
                0x0000000000008088      0x132 ./user_c/isr.o
                0x0000000000008088                EXTI15_10_IRQHandler
 .text.TIM1_UP_IRQHandler
                0x00000000000081ba       0xc0 ./user_c/isr.o
                0x00000000000081ba                TIM1_UP_IRQHandler
 .text.TIM2_IRQHandler
                0x000000000000827a       0xba ./user_c/isr.o
                0x000000000000827a                TIM2_IRQHandler
 .text.TIM3_IRQHandler
                0x0000000000008334       0xc0 ./user_c/isr.o
                0x0000000000008334                TIM3_IRQHandler
 .text.TIM4_IRQHandler
                0x00000000000083f4       0xc0 ./user_c/isr.o
                0x00000000000083f4                TIM4_IRQHandler
 .text.TIM5_IRQHandler
                0x00000000000084b4       0xc0 ./user_c/isr.o
                0x00000000000084b4                TIM5_IRQHandler
 .text.TIM6_IRQHandler
                0x0000000000008574       0xb8 ./user_c/isr.o
                0x0000000000008574                TIM6_IRQHandler
 .text.TIM7_IRQHandler
                0x000000000000862c       0xc0 ./user_c/isr.o
                0x000000000000862c                TIM7_IRQHandler
 .text.TIM8_UP_IRQHandler
                0x00000000000086ec       0xc0 ./user_c/isr.o
                0x00000000000086ec                TIM8_UP_IRQHandler
 .text.TIM9_UP_IRQHandler
                0x00000000000087ac       0xc0 ./user_c/isr.o
                0x00000000000087ac                TIM9_UP_IRQHandler
 .text.TIM10_UP_IRQHandler
                0x000000000000886c       0xb8 ./user_c/isr.o
                0x000000000000886c                TIM10_UP_IRQHandler
 .text.NMI_Handler
                0x0000000000008924       0x10 ./user_c/isr.o
                0x0000000000008924                NMI_Handler
 .text.HardFault_Handler
                0x0000000000008934        0x8 ./user_c/isr.o
                0x0000000000008934                HardFault_Handler
 .text.main     0x000000000000893c       0x4a ./user_c/main.o
                0x000000000000893c                main
 .text.pit_hander
                0x0000000000008986        0xe ./user_c/main.o
                0x0000000000008986                pit_hander
 .text.vector_handler
                0x0000000000008994       0xbe ./sdk/Startup/startup_ch32v30x_D8C.o
                0x0000000000008998                Ecall_M_Mode_Handler
                0x000000000000899a                Ecall_U_Mode_Handler
                0x000000000000899c                Break_Point_Handler
                0x000000000000899e                SysTick_Handler
                0x00000000000089a0                SW_Handler
                0x00000000000089a2                WWDG_IRQHandler
                0x00000000000089a4                PVD_IRQHandler
                0x00000000000089a6                TAMPER_IRQHandler
                0x00000000000089a8                RTC_IRQHandler
                0x00000000000089aa                FLASH_IRQHandler
                0x00000000000089ac                RCC_IRQHandler
                0x00000000000089b8                DMA1_Channel1_IRQHandler
                0x00000000000089ba                DMA1_Channel2_IRQHandler
                0x00000000000089bc                DMA1_Channel3_IRQHandler
                0x00000000000089be                DMA1_Channel4_IRQHandler
                0x00000000000089c0                DMA1_Channel5_IRQHandler
                0x00000000000089c2                DMA1_Channel6_IRQHandler
                0x00000000000089c4                DMA1_Channel7_IRQHandler
                0x00000000000089c6                ADC1_2_IRQHandler
                0x00000000000089c8                USB_HP_CAN1_TX_IRQHandler
                0x00000000000089ca                USB_LP_CAN1_RX0_IRQHandler
                0x00000000000089cc                CAN1_RX1_IRQHandler
                0x00000000000089ce                CAN1_SCE_IRQHandler
                0x00000000000089d2                TIM1_BRK_IRQHandler
                0x00000000000089d6                TIM1_TRG_COM_IRQHandler
                0x00000000000089d8                TIM1_CC_IRQHandler
                0x00000000000089e0                I2C1_EV_IRQHandler
                0x00000000000089e2                I2C1_ER_IRQHandler
                0x00000000000089e4                I2C2_EV_IRQHandler
                0x00000000000089e6                I2C2_ER_IRQHandler
                0x00000000000089e8                SPI1_IRQHandler
                0x00000000000089ea                SPI2_IRQHandler
                0x00000000000089f4                RTCAlarm_IRQHandler
                0x00000000000089f6                USBWakeUp_IRQHandler
                0x00000000000089f8                TIM8_BRK_IRQHandler
                0x00000000000089fc                TIM8_TRG_COM_IRQHandler
                0x00000000000089fe                TIM8_CC_IRQHandler
                0x0000000000008a00                RNG_IRQHandler
                0x0000000000008a02                FSMC_IRQHandler
                0x0000000000008a04                SDIO_IRQHandler
                0x0000000000008a08                SPI3_IRQHandler
                0x0000000000008a12                DMA2_Channel1_IRQHandler
                0x0000000000008a14                DMA2_Channel2_IRQHandler
                0x0000000000008a16                DMA2_Channel3_IRQHandler
                0x0000000000008a18                DMA2_Channel4_IRQHandler
                0x0000000000008a1a                DMA2_Channel5_IRQHandler
                0x0000000000008a1c                ETH_IRQHandler
                0x0000000000008a1e                ETH_WKUP_IRQHandler
                0x0000000000008a20                CAN2_TX_IRQHandler
                0x0000000000008a22                CAN2_RX0_IRQHandler
                0x0000000000008a24                CAN2_RX1_IRQHandler
                0x0000000000008a26                CAN2_SCE_IRQHandler
                0x0000000000008a2a                USBHSWakeup_IRQHandler
                0x0000000000008a2c                USBHS_IRQHandler
                0x0000000000008a36                TIM9_BRK_IRQHandler
                0x0000000000008a3a                TIM9_TRG_COM_IRQHandler
                0x0000000000008a3c                TIM9_CC_IRQHandler
                0x0000000000008a3e                TIM10_BRK_IRQHandler
                0x0000000000008a42                TIM10_TRG_COM_IRQHandler
                0x0000000000008a44                TIM10_CC_IRQHandler
                0x0000000000008a46                DMA2_Channel6_IRQHandler
                0x0000000000008a48                DMA2_Channel7_IRQHandler
                0x0000000000008a4a                DMA2_Channel8_IRQHandler
                0x0000000000008a4c                DMA2_Channel9_IRQHandler
                0x0000000000008a4e                DMA2_Channel10_IRQHandler
                0x0000000000008a50                DMA2_Channel11_IRQHandler
 .text.handle_reset
                0x0000000000008a52       0x8a ./sdk/Startup/startup_ch32v30x_D8C.o
                0x0000000000008a52                handle_reset
 .text.EXTI_GetITStatus
                0x0000000000008adc       0x56 ./sdk/Peripheral/ch32v30x_exti.o
                0x0000000000008adc                EXTI_GetITStatus
 .text.EXTI_ClearITPendingBit
                0x0000000000008b32       0x20 ./sdk/Peripheral/ch32v30x_exti.o
                0x0000000000008b32                EXTI_ClearITPendingBit
 .text.FLASH_Unlock
                0x0000000000008b52       0x2a ./sdk/Peripheral/ch32v30x_flash.o
                0x0000000000008b52                FLASH_Unlock
 .text.FLASH_Lock
                0x0000000000008b7c       0x1e ./sdk/Peripheral/ch32v30x_flash.o
                0x0000000000008b7c                FLASH_Lock
 .text.FLASH_ErasePage
                0x0000000000008b9a       0x76 ./sdk/Peripheral/ch32v30x_flash.o
                0x0000000000008b9a                FLASH_ErasePage
 .text.FLASH_ProgramWord
                0x0000000000008c10       0xae ./sdk/Peripheral/ch32v30x_flash.o
                0x0000000000008c10                FLASH_ProgramWord
 .text.FLASH_ClearFlag
                0x0000000000008cbe       0x1c ./sdk/Peripheral/ch32v30x_flash.o
                0x0000000000008cbe                FLASH_ClearFlag
 .text.FLASH_GetBank1Status
                0x0000000000008cda       0x5a ./sdk/Peripheral/ch32v30x_flash.o
                0x0000000000008cda                FLASH_GetBank1Status
 .text.FLASH_WaitForLastOperation
                0x0000000000008d34       0x58 ./sdk/Peripheral/ch32v30x_flash.o
                0x0000000000008d34                FLASH_WaitForLastOperation
 .text.GPIO_Init
                0x0000000000008d8c      0x22a ./sdk/Peripheral/ch32v30x_gpio.o
                0x0000000000008d8c                GPIO_Init
 .text.GPIO_WriteBit
                0x0000000000008fb6       0x38 ./sdk/Peripheral/ch32v30x_gpio.o
                0x0000000000008fb6                GPIO_WriteBit
 .text.GPIO_PinRemapConfig
                0x0000000000008fee      0x1c8 ./sdk/Peripheral/ch32v30x_gpio.o
                0x0000000000008fee                GPIO_PinRemapConfig
 .text.RCC_GetClocksFreq
                0x00000000000091b6      0x2c6 ./sdk/Peripheral/ch32v30x_rcc.o
                0x00000000000091b6                RCC_GetClocksFreq
 .text.RCC_AHBPeriphClockCmd
                0x000000000000947c       0x46 ./sdk/Peripheral/ch32v30x_rcc.o
                0x000000000000947c                RCC_AHBPeriphClockCmd
 .text.RCC_APB2PeriphClockCmd
                0x00000000000094c2       0x46 ./sdk/Peripheral/ch32v30x_rcc.o
                0x00000000000094c2                RCC_APB2PeriphClockCmd
 .text.RCC_APB1PeriphClockCmd
                0x0000000000009508       0x46 ./sdk/Peripheral/ch32v30x_rcc.o
                0x0000000000009508                RCC_APB1PeriphClockCmd
 .text.RCC_APB2PeriphResetCmd
                0x000000000000954e       0x46 ./sdk/Peripheral/ch32v30x_rcc.o
                0x000000000000954e                RCC_APB2PeriphResetCmd
 .text.RCC_APB1PeriphResetCmd
                0x0000000000009594       0x46 ./sdk/Peripheral/ch32v30x_rcc.o
                0x0000000000009594                RCC_APB1PeriphResetCmd
 .text.SPI_I2S_DeInit
                0x00000000000095da       0x76 ./sdk/Peripheral/ch32v30x_spi.o
                0x00000000000095da                SPI_I2S_DeInit
 .text.SPI_Init
                0x0000000000009650       0xf8 ./sdk/Peripheral/ch32v30x_spi.o
                0x0000000000009650                SPI_Init
 .text.SPI_Cmd  0x0000000000009748       0x5a ./sdk/Peripheral/ch32v30x_spi.o
                0x0000000000009748                SPI_Cmd
 .text.TIM_TimeBaseInit
                0x00000000000097a2      0x17e ./sdk/Peripheral/ch32v30x_tim.o
                0x00000000000097a2                TIM_TimeBaseInit
 .text.TIM_Cmd  0x0000000000009920       0x58 ./sdk/Peripheral/ch32v30x_tim.o
                0x0000000000009920                TIM_Cmd
 .text.TIM_ITConfig
                0x0000000000009978       0x70 ./sdk/Peripheral/ch32v30x_tim.o
                0x0000000000009978                TIM_ITConfig
 .text.TIM_GetITStatus
                0x00000000000099e8       0x70 ./sdk/Peripheral/ch32v30x_tim.o
                0x00000000000099e8                TIM_GetITStatus
 .text.TIM_ClearITPendingBit
                0x0000000000009a58       0x2e ./sdk/Peripheral/ch32v30x_tim.o
                0x0000000000009a58                TIM_ClearITPendingBit
 .text.USART_Init
                0x0000000000009a86      0x234 ./sdk/Peripheral/ch32v30x_usart.o
                0x0000000000009a86                USART_Init
 .text.USART_Cmd
                0x0000000000009cba       0x60 ./sdk/Peripheral/ch32v30x_usart.o
                0x0000000000009cba                USART_Cmd
 .text.USART_ITConfig
                0x0000000000009d1a       0xc4 ./sdk/Peripheral/ch32v30x_usart.o
                0x0000000000009d1a                USART_ITConfig
 .text.USART_SendData
                0x0000000000009dde       0x2e ./sdk/Peripheral/ch32v30x_usart.o
                0x0000000000009dde                USART_SendData
 .text.USART_GetFlagStatus
                0x0000000000009e0c       0x46 ./sdk/Peripheral/ch32v30x_usart.o
                0x0000000000009e0c                USART_GetFlagStatus
 .text.USART_GetITStatus
                0x0000000000009e52      0x102 ./sdk/Peripheral/ch32v30x_usart.o
                0x0000000000009e52                USART_GetITStatus
 .text.USART_ClearITPendingBit
                0x0000000000009f54       0x4e ./sdk/Peripheral/ch32v30x_usart.o
                0x0000000000009f54                USART_ClearITPendingBit
 .text.DevEP1_IN_Deal
                0x0000000000009fa2       0x3e ./sdk/Peripheral/ch32v30x_usbotg_device.o
                0x0000000000009fa2                DevEP1_IN_Deal
 .text.DevEP2_IN_Deal
                0x0000000000009fe0       0x3e ./sdk/Peripheral/ch32v30x_usbotg_device.o
                0x0000000000009fe0                DevEP2_IN_Deal
 .text.DevEP1_OUT_Deal
                0x000000000000a01e       0x66 ./sdk/Peripheral/ch32v30x_usbotg_device.o
                0x000000000000a01e                DevEP1_OUT_Deal
 .text.DevEP2_OUT_Deal
                0x000000000000a084       0x66 ./sdk/Peripheral/ch32v30x_usbotg_device.o
                0x000000000000a084                DevEP2_OUT_Deal
 .text.OTG_FS_IRQHandler
                0x000000000000a0ea      0xd16 ./sdk/Peripheral/ch32v30x_usbotg_device.o
                0x000000000000a0ea                OTG_FS_IRQHandler
 .text.mpu6050_parameter_tft180_show
                0x000000000000ae00       0x9a ./code/better_mpu6050.o
                0x000000000000ae00                mpu6050_parameter_tft180_show
 .text.line_visualization
                0x000000000000ae9a       0xe6 ./code/button.o
                0x000000000000ae9a                line_visualization
 .text.status_show
                0x000000000000af80       0xc4 ./code/button.o
                0x000000000000af80                status_show
 .text.tft180show_better
                0x000000000000b044      0x49e ./code/button.o
                0x000000000000b044                tft180show_better
 .text.increase_reduce
                0x000000000000b4e2      0x452 ./code/button.o
                0x000000000000b4e2                increase_reduce
 .text.choose_  0x000000000000b934       0xb2 ./code/button.o
                0x000000000000b934                choose_
 .text.menu_page
                0x000000000000b9e6      0x3a0 ./code/button.o
                0x000000000000b9e6                menu_page
 .text.Parameter_init
                0x000000000000bd86       0x9a ./code/flash.o
                0x000000000000bd86                Parameter_init
 .text.Parameter_save
                0x000000000000be20       0x96 ./code/flash.o
                0x000000000000be20                Parameter_save
 .text.Parameter_first
                0x000000000000beb6       0x88 ./code/flash.o
                0x000000000000beb6                Parameter_first
 .text.All_Init
                0x000000000000bf3e       0x40 ./code/flash.o
                0x000000000000bf3e                All_Init
 .text.Straight_Judge
                0x000000000000bf7e      0x314 ./code/revision_mt9v03x.o
                0x000000000000bf7e                Straight_Judge
 .text.Straight_long_judge
                0x000000000000c292       0xf0 ./code/revision_mt9v03x.o
                0x000000000000c292                Straight_long_judge
 .text.Straight_long_handle
                0x000000000000c382       0x96 ./code/revision_mt9v03x.o
                0x000000000000c382                Straight_long_handle
 .text.Image_CompressInit
                0x000000000000c418      0x116 ./code/revision_mt9v03x.o
                0x000000000000c418                Image_CompressInit
 .text.get_Threshold
                0x000000000000c52e      0x3bc ./code/revision_mt9v03x.o
                0x000000000000c52e                get_Threshold
 .text.Get_BinaryImage
                0x000000000000c8ea       0xe8 ./code/revision_mt9v03x.o
                0x000000000000c8ea                Get_BinaryImage
 .text.Get_Border_And_SideType
                0x000000000000c9d2      0x1e4 ./code/revision_mt9v03x.o
                0x000000000000c9d2                Get_Border_And_SideType
 .text.Get_BaseLine
                0x000000000000cbb6      0x3f4 ./code/revision_mt9v03x.o
                0x000000000000cbb6                Get_BaseLine
 .text.Get_AllLine
                0x000000000000cfaa      0xdf4 ./code/revision_mt9v03x.o
                0x000000000000cfaa                Get_AllLine
 .text.Get_ExtensionLine
                0x000000000000dd9e      0x562 ./code/revision_mt9v03x.o
                0x000000000000dd9e                Get_ExtensionLine
 .text.Element_Judgment_Left_Rings
                0x000000000000e300      0x418 ./code/revision_mt9v03x.o
                0x000000000000e300                Element_Judgment_Left_Rings
 .text.Element_Judgment_Right_Rings
                0x000000000000e718      0x418 ./code/revision_mt9v03x.o
                0x000000000000e718                Element_Judgment_Right_Rings
 .text.Element_Judgment_OutRoad
                0x000000000000eb30       0xfa ./code/revision_mt9v03x.o
                0x000000000000eb30                Element_Judgment_OutRoad
 .text.Element_Judgment_Zebra
                0x000000000000ec2a      0x1fe ./code/revision_mt9v03x.o
                0x000000000000ec2a                Element_Judgment_Zebra
 .text.Element_Handle_Zebra
                0x000000000000ee28      0x126 ./code/revision_mt9v03x.o
                0x000000000000ee28                Element_Handle_Zebra
 .text.Element_Handle_OutRoad
                0x000000000000ef4e       0xdc ./code/revision_mt9v03x.o
                0x000000000000ef4e                Element_Handle_OutRoad
 .text.Element_Handle_Left_Rings
                0x000000000000f02a     0x115e ./code/revision_mt9v03x.o
                0x000000000000f02a                Element_Handle_Left_Rings
 .text.Element_Handle_Right_Rings
                0x0000000000010188     0x11b2 ./code/revision_mt9v03x.o
                0x0000000000010188                Element_Handle_Right_Rings
 .text.Element_Judgment_Bend
                0x000000000001133a      0x19c ./code/revision_mt9v03x.o
                0x000000000001133a                Element_Judgment_Bend
 .text.Element_Handle_Bend
                0x00000000000114d6      0x158 ./code/revision_mt9v03x.o
                0x00000000000114d6                Element_Handle_Bend
 .text.Scan_Element
                0x000000000001162e       0xe4 ./code/revision_mt9v03x.o
                0x000000000001162e                Scan_Element
 .text.Element_Handle
                0x0000000000011712       0xa8 ./code/revision_mt9v03x.o
                0x0000000000011712                Element_Handle
 .text.Flag_init
                0x00000000000117ba       0x7a ./code/revision_mt9v03x.o
                0x00000000000117ba                Flag_init
 .text.Init_overall
                0x0000000000011834       0x1a ./code/revision_mt9v03x.o
                0x0000000000011834                Init_overall
 .text.Image_Process
                0x000000000001184e       0x38 ./code/revision_mt9v03x.o
                0x000000000001184e                Image_Process
 .text.fabs     0x0000000000011886        0x6 f:/f/mounriver_studio/toolchain/risc-v embedded gcc/bin/../lib/gcc/riscv-none-embed/8.2.0/../../../../riscv-none-embed/lib/rv32imafc/ilp32f\libm.a(lib_a-s_fabs.o)
                0x0000000000011886                fabs
 .text.pow      0x000000000001188c      0x324 f:/f/mounriver_studio/toolchain/risc-v embedded gcc/bin/../lib/gcc/riscv-none-embed/8.2.0/../../../../riscv-none-embed/lib/rv32imafc/ilp32f\libm.a(lib_a-w_pow.o)
                0x000000000001188c                pow
 .text.__ieee754_pow
                0x0000000000011bb0      0xad6 f:/f/mounriver_studio/toolchain/risc-v embedded gcc/bin/../lib/gcc/riscv-none-embed/8.2.0/../../../../riscv-none-embed/lib/rv32imafc/ilp32f\libm.a(lib_a-e_pow.o)
                0x0000000000011bb0                __ieee754_pow
 .text.__ieee754_sqrt
                0x0000000000012686      0x1d6 f:/f/mounriver_studio/toolchain/risc-v embedded gcc/bin/../lib/gcc/riscv-none-embed/8.2.0/../../../../riscv-none-embed/lib/rv32imafc/ilp32f\libm.a(lib_a-e_sqrt.o)
                0x0000000000012686                __ieee754_sqrt
 .text.finite   0x000000000001285c        0xe f:/f/mounriver_studio/toolchain/risc-v embedded gcc/bin/../lib/gcc/riscv-none-embed/8.2.0/../../../../riscv-none-embed/lib/rv32imafc/ilp32f\libm.a(lib_a-s_finite.o)
                0x000000000001285c                finite
 .text.matherr  0x000000000001286a        0x4 f:/f/mounriver_studio/toolchain/risc-v embedded gcc/bin/../lib/gcc/riscv-none-embed/8.2.0/../../../../riscv-none-embed/lib/rv32imafc/ilp32f\libm.a(lib_a-s_matherr.o)
                0x000000000001286a                matherr
 .text.nan      0x000000000001286e        0xe f:/f/mounriver_studio/toolchain/risc-v embedded gcc/bin/../lib/gcc/riscv-none-embed/8.2.0/../../../../riscv-none-embed/lib/rv32imafc/ilp32f\libm.a(lib_a-s_nan.o)
                0x000000000001286e                nan
 .text.rint     0x000000000001287c      0x18c f:/f/mounriver_studio/toolchain/risc-v embedded gcc/bin/../lib/gcc/riscv-none-embed/8.2.0/../../../../riscv-none-embed/lib/rv32imafc/ilp32f\libm.a(lib_a-s_rint.o)
                0x000000000001287c                rint
 .text.scalbn   0x0000000000012a08      0x140 f:/f/mounriver_studio/toolchain/risc-v embedded gcc/bin/../lib/gcc/riscv-none-embed/8.2.0/../../../../riscv-none-embed/lib/rv32imafc/ilp32f\libm.a(lib_a-s_scalbn.o)
                0x0000000000012a08                scalbn
 .text.copysign
                0x0000000000012b48       0x16 f:/f/mounriver_studio/toolchain/risc-v embedded gcc/bin/../lib/gcc/riscv-none-embed/8.2.0/../../../../riscv-none-embed/lib/rv32imafc/ilp32f\libm.a(lib_a-s_copysign.o)
                0x0000000000012b48                copysign
 .text.mt9v03x_write_and_check_word_sccb
                0x0000000000012b5e       0x92 F:\H\desktop\document\CHV307_Library-master\CHV307_Library-master\Seekfree_CH32V307VCT6_Opensource_Library\libraries\zf_device\libzf_device_config.a(zf_device_config.o)
 .text.mt9v03x_write_word_sccb
                0x0000000000012bf0       0x34 F:\H\desktop\document\CHV307_Library-master\CHV307_Library-master\Seekfree_CH32V307VCT6_Opensource_Library\libraries\zf_device\libzf_device_config.a(zf_device_config.o)
 .text.mt9v03x_read_word_sccb.constprop.0
                0x0000000000012c24       0x36 F:\H\desktop\document\CHV307_Library-master\CHV307_Library-master\Seekfree_CH32V307VCT6_Opensource_Library\libraries\zf_device\libzf_device_config.a(zf_device_config.o)
 .text.mt9v03x_sccb_check_id
                0x0000000000012c5a       0x5e F:\H\desktop\document\CHV307_Library-master\CHV307_Library-master\Seekfree_CH32V307VCT6_Opensource_Library\libraries\zf_device\libzf_device_config.a(zf_device_config.o)
                0x0000000000012c5a                mt9v03x_sccb_check_id
 .text.mt9v03x_sccb_set_config
                0x0000000000012cb8      0x5a2 F:\H\desktop\document\CHV307_Library-master\CHV307_Library-master\Seekfree_CH32V307VCT6_Opensource_Library\libraries\zf_device\libzf_device_config.a(zf_device_config.o)
                0x0000000000012cb8                mt9v03x_sccb_set_config
 .text.mt9v03x_sccb_set_exposure_time
                0x000000000001325a       0x64 F:\H\desktop\document\CHV307_Library-master\CHV307_Library-master\Seekfree_CH32V307VCT6_Opensource_Library\libraries\zf_device\libzf_device_config.a(zf_device_config.o)
                0x000000000001325a                mt9v03x_sccb_set_exposure_time
 .text.__adddf3
                0x00000000000132be      0xa0e f:/f/mounriver_studio/toolchain/risc-v embedded gcc/bin/../lib/gcc/riscv-none-embed/8.2.0/rv32imafc/ilp32f\libgcc.a(adddf3.o)
                0x00000000000132be                __adddf3
 .text.__divdf3
                0x0000000000013ccc      0x7ea f:/f/mounriver_studio/toolchain/risc-v embedded gcc/bin/../lib/gcc/riscv-none-embed/8.2.0/rv32imafc/ilp32f\libgcc.a(divdf3.o)
                0x0000000000013ccc                __divdf3
 .text.__eqdf2  0x00000000000144b6       0x98 f:/f/mounriver_studio/toolchain/risc-v embedded gcc/bin/../lib/gcc/riscv-none-embed/8.2.0/rv32imafc/ilp32f\libgcc.a(eqdf2.o)
                0x00000000000144b6                __nedf2
                0x00000000000144b6                __eqdf2
 .text.__gedf2  0x000000000001454e       0xb6 f:/f/mounriver_studio/toolchain/risc-v embedded gcc/bin/../lib/gcc/riscv-none-embed/8.2.0/rv32imafc/ilp32f\libgcc.a(gedf2.o)
                0x000000000001454e                __gedf2
                0x000000000001454e                __gtdf2
 .text.__ledf2  0x0000000000014604       0xb6 f:/f/mounriver_studio/toolchain/risc-v embedded gcc/bin/../lib/gcc/riscv-none-embed/8.2.0/rv32imafc/ilp32f\libgcc.a(ledf2.o)
                0x0000000000014604                __ledf2
                0x0000000000014604                __ltdf2
 .text.__muldf3
                0x00000000000146ba      0x656 f:/f/mounriver_studio/toolchain/risc-v embedded gcc/bin/../lib/gcc/riscv-none-embed/8.2.0/rv32imafc/ilp32f\libgcc.a(muldf3.o)
                0x00000000000146ba                __muldf3
 .text.__subdf3
                0x0000000000014d10      0xa8c f:/f/mounriver_studio/toolchain/risc-v embedded gcc/bin/../lib/gcc/riscv-none-embed/8.2.0/rv32imafc/ilp32f\libgcc.a(subdf3.o)
                0x0000000000014d10                __subdf3
 .text.__unorddf2
                0x000000000001579c       0x7c f:/f/mounriver_studio/toolchain/risc-v embedded gcc/bin/../lib/gcc/riscv-none-embed/8.2.0/rv32imafc/ilp32f\libgcc.a(unorddf2.o)
                0x000000000001579c                __unorddf2
 .text.__fixdfsi
                0x0000000000015818       0xd8 f:/f/mounriver_studio/toolchain/risc-v embedded gcc/bin/../lib/gcc/riscv-none-embed/8.2.0/rv32imafc/ilp32f\libgcc.a(fixdfsi.o)
                0x0000000000015818                __fixdfsi
 .text.__fixunsdfsi
                0x00000000000158f0       0x9e f:/f/mounriver_studio/toolchain/risc-v embedded gcc/bin/../lib/gcc/riscv-none-embed/8.2.0/rv32imafc/ilp32f\libgcc.a(fixunsdfsi.o)
                0x00000000000158f0                __fixunsdfsi
 .text.__floatsidf
                0x000000000001598e       0x70 f:/f/mounriver_studio/toolchain/risc-v embedded gcc/bin/../lib/gcc/riscv-none-embed/8.2.0/rv32imafc/ilp32f\libgcc.a(floatsidf.o)
                0x000000000001598e                __floatsidf
 .text.__floatunsidf
                0x00000000000159fe       0x66 f:/f/mounriver_studio/toolchain/risc-v embedded gcc/bin/../lib/gcc/riscv-none-embed/8.2.0/rv32imafc/ilp32f\libgcc.a(floatunsidf.o)
                0x00000000000159fe                __floatunsidf
 .text.__extendsfdf2
                0x0000000000015a64       0xe8 f:/f/mounriver_studio/toolchain/risc-v embedded gcc/bin/../lib/gcc/riscv-none-embed/8.2.0/rv32imafc/ilp32f\libgcc.a(extendsfdf2.o)
                0x0000000000015a64                __extendsfdf2
 .text.__truncdfsf2
                0x0000000000015b4c      0x31e f:/f/mounriver_studio/toolchain/risc-v embedded gcc/bin/../lib/gcc/riscv-none-embed/8.2.0/rv32imafc/ilp32f\libgcc.a(truncdfsf2.o)
                0x0000000000015b4c                __truncdfsf2
 .text.__clzsi2
                0x0000000000015e6a       0x76 f:/f/mounriver_studio/toolchain/risc-v embedded gcc/bin/../lib/gcc/riscv-none-embed/8.2.0/rv32imafc/ilp32f\libgcc.a(_clzsi2.o)
                0x0000000000015e6a                __clzsi2
 .text.__errno  0x0000000000015ee0        0x8 f:/f/mounriver_studio/toolchain/risc-v embedded gcc/bin/../lib/gcc/riscv-none-embed/8.2.0/../../../../riscv-none-embed/lib/rv32imafc/ilp32f\libg_nano.a(lib_a-errno.o)
                0x0000000000015ee0                __errno
 .text.malloc   0x0000000000015ee8        0xa f:/f/mounriver_studio/toolchain/risc-v embedded gcc/bin/../lib/gcc/riscv-none-embed/8.2.0/../../../../riscv-none-embed/lib/rv32imafc/ilp32f\libg_nano.a(lib_a-malloc.o)
                0x0000000000015ee8                malloc
 .text.free     0x0000000000015ef2        0xa f:/f/mounriver_studio/toolchain/risc-v embedded gcc/bin/../lib/gcc/riscv-none-embed/8.2.0/../../../../riscv-none-embed/lib/rv32imafc/ilp32f\libg_nano.a(lib_a-malloc.o)
                0x0000000000015ef2                free
 .text.memcpy   0x0000000000015efc       0xb6 f:/f/mounriver_studio/toolchain/risc-v embedded gcc/bin/../lib/gcc/riscv-none-embed/8.2.0/../../../../riscv-none-embed/lib/rv32imafc/ilp32f\libg_nano.a(lib_a-memcpy.o)
                0x0000000000015efc                memcpy
 .text._free_r  0x0000000000015fb2       0xa8 f:/f/mounriver_studio/toolchain/risc-v embedded gcc/bin/../lib/gcc/riscv-none-embed/8.2.0/../../../../riscv-none-embed/lib/rv32imafc/ilp32f\libg_nano.a(lib_a-nano-freer.o)
                0x0000000000015fb2                _free_r
 .text._malloc_r
                0x000000000001605a       0xda f:/f/mounriver_studio/toolchain/risc-v embedded gcc/bin/../lib/gcc/riscv-none-embed/8.2.0/../../../../riscv-none-embed/lib/rv32imafc/ilp32f\libg_nano.a(lib_a-nano-mallocr.o)
                0x000000000001605a                _malloc_r
 .text.__cvt    0x0000000000016134       0xee f:/f/mounriver_studio/toolchain/risc-v embedded gcc/bin/../lib/gcc/riscv-none-embed/8.2.0/../../../../riscv-none-embed/lib/rv32imafc/ilp32f\libg_nano.a(lib_a-nano-vfprintf_float.o)
                0x0000000000016134                __cvt
 .text.__exponent
                0x0000000000016222       0x8c f:/f/mounriver_studio/toolchain/risc-v embedded gcc/bin/../lib/gcc/riscv-none-embed/8.2.0/../../../../riscv-none-embed/lib/rv32imafc/ilp32f\libg_nano.a(lib_a-nano-vfprintf_float.o)
                0x0000000000016222                __exponent
 .text._printf_float
                0x00000000000162ae      0x4c4 f:/f/mounriver_studio/toolchain/risc-v embedded gcc/bin/../lib/gcc/riscv-none-embed/8.2.0/../../../../riscv-none-embed/lib/rv32imafc/ilp32f\libg_nano.a(lib_a-nano-vfprintf_float.o)
                0x00000000000162ae                _printf_float
 .text._printf_common
                0x0000000000016772      0x10c f:/f/mounriver_studio/toolchain/risc-v embedded gcc/bin/../lib/gcc/riscv-none-embed/8.2.0/../../../../riscv-none-embed/lib/rv32imafc/ilp32f\libg_nano.a(lib_a-nano-vfprintf_i.o)
                0x0000000000016772                _printf_common
 .text._printf_i
                0x000000000001687e      0x2ac f:/f/mounriver_studio/toolchain/risc-v embedded gcc/bin/../lib/gcc/riscv-none-embed/8.2.0/../../../../riscv-none-embed/lib/rv32imafc/ilp32f\libg_nano.a(lib_a-nano-vfprintf_i.o)
                0x000000000001687e                _printf_i
 .text.printf   0x0000000000016b2a       0x42 f:/f/mounriver_studio/toolchain/risc-v embedded gcc/bin/../lib/gcc/riscv-none-embed/8.2.0/../../../../riscv-none-embed/lib/rv32imafc/ilp32f\libg_nano.a(lib_a-printf.o)
                0x0000000000016b2a                iprintf
                0x0000000000016b2a                printf
 .text._sbrk_r  0x0000000000016b6c       0x32 f:/f/mounriver_studio/toolchain/risc-v embedded gcc/bin/../lib/gcc/riscv-none-embed/8.2.0/../../../../riscv-none-embed/lib/rv32imafc/ilp32f\libg_nano.a(lib_a-sbrkr.o)
                0x0000000000016b6c                _sbrk_r
 .text.sprintf  0x0000000000016b9e       0x46 f:/f/mounriver_studio/toolchain/risc-v embedded gcc/bin/../lib/gcc/riscv-none-embed/8.2.0/../../../../riscv-none-embed/lib/rv32imafc/ilp32f\libg_nano.a(lib_a-sprintf.o)
                0x0000000000016b9e                siprintf
                0x0000000000016b9e                sprintf
 .text.strlen   0x0000000000016be4       0x12 f:/f/mounriver_studio/toolchain/risc-v embedded gcc/bin/../lib/gcc/riscv-none-embed/8.2.0/../../../../riscv-none-embed/lib/rv32imafc/ilp32f\libg_nano.a(lib_a-strlen.o)
                0x0000000000016be4                strlen
 .text.strncmp  0x0000000000016bf6       0x2c f:/f/mounriver_studio/toolchain/risc-v embedded gcc/bin/../lib/gcc/riscv-none-embed/8.2.0/../../../../riscv-none-embed/lib/rv32imafc/ilp32f\libg_nano.a(lib_a-strncmp.o)
                0x0000000000016bf6                strncmp
 .text.quorem   0x0000000000016c22      0x13a f:/f/mounriver_studio/toolchain/risc-v embedded gcc/bin/../lib/gcc/riscv-none-embed/8.2.0/../../../../riscv-none-embed/lib/rv32imafc/ilp32f\libg_nano.a(lib_a-dtoa.o)
 .text._dtoa_r  0x0000000000016d5c      0xbec f:/f/mounriver_studio/toolchain/risc-v embedded gcc/bin/../lib/gcc/riscv-none-embed/8.2.0/../../../../riscv-none-embed/lib/rv32imafc/ilp32f\libg_nano.a(lib_a-dtoa.o)
                0x0000000000016d5c                _dtoa_r
 .text.std      0x0000000000017948       0x6a f:/f/mounriver_studio/toolchain/risc-v embedded gcc/bin/../lib/gcc/riscv-none-embed/8.2.0/../../../../riscv-none-embed/lib/rv32imafc/ilp32f\libg_nano.a(lib_a-findfp.o)
 .text._cleanup_r
                0x00000000000179b2        0xa f:/f/mounriver_studio/toolchain/risc-v embedded gcc/bin/../lib/gcc/riscv-none-embed/8.2.0/../../../../riscv-none-embed/lib/rv32imafc/ilp32f\libg_nano.a(lib_a-findfp.o)
                0x00000000000179b2                _cleanup_r
 .text.__sfmoreglue
                0x00000000000179bc       0x48 f:/f/mounriver_studio/toolchain/risc-v embedded gcc/bin/../lib/gcc/riscv-none-embed/8.2.0/../../../../riscv-none-embed/lib/rv32imafc/ilp32f\libg_nano.a(lib_a-findfp.o)
                0x00000000000179bc                __sfmoreglue
 .text.__sinit  0x0000000000017a04       0x6c f:/f/mounriver_studio/toolchain/risc-v embedded gcc/bin/../lib/gcc/riscv-none-embed/8.2.0/../../../../riscv-none-embed/lib/rv32imafc/ilp32f\libg_nano.a(lib_a-findfp.o)
                0x0000000000017a04                __sinit
 .text.__sfp    0x0000000000017a70       0xa0 f:/f/mounriver_studio/toolchain/risc-v embedded gcc/bin/../lib/gcc/riscv-none-embed/8.2.0/../../../../riscv-none-embed/lib/rv32imafc/ilp32f\libg_nano.a(lib_a-findfp.o)
                0x0000000000017a70                __sfp
 .text._fwalk_reent
                0x0000000000017b10       0x6c f:/f/mounriver_studio/toolchain/risc-v embedded gcc/bin/../lib/gcc/riscv-none-embed/8.2.0/../../../../riscv-none-embed/lib/rv32imafc/ilp32f\libg_nano.a(lib_a-fwalk.o)
                0x0000000000017b10                _fwalk_reent
 .text._localeconv_r
                0x0000000000017b7c       0x18 f:/f/mounriver_studio/toolchain/risc-v embedded gcc/bin/../lib/gcc/riscv-none-embed/8.2.0/../../../../riscv-none-embed/lib/rv32imafc/ilp32f\libg_nano.a(lib_a-localeconv.o)
                0x0000000000017b7c                _localeconv_r
 .text.__ascii_mbtowc
                0x0000000000017b94       0x3a f:/f/mounriver_studio/toolchain/risc-v embedded gcc/bin/../lib/gcc/riscv-none-embed/8.2.0/../../../../riscv-none-embed/lib/rv32imafc/ilp32f\libg_nano.a(lib_a-mbtowc_r.o)
                0x0000000000017b94                __ascii_mbtowc
 .text.memchr   0x0000000000017bce       0x1a f:/f/mounriver_studio/toolchain/risc-v embedded gcc/bin/../lib/gcc/riscv-none-embed/8.2.0/../../../../riscv-none-embed/lib/rv32imafc/ilp32f\libg_nano.a(lib_a-memchr.o)
                0x0000000000017bce                memchr
 .text.__malloc_lock
                0x0000000000017be8        0x2 f:/f/mounriver_studio/toolchain/risc-v embedded gcc/bin/../lib/gcc/riscv-none-embed/8.2.0/../../../../riscv-none-embed/lib/rv32imafc/ilp32f\libg_nano.a(lib_a-mlock.o)
                0x0000000000017be8                __malloc_lock
 .text.__malloc_unlock
                0x0000000000017bea        0x2 f:/f/mounriver_studio/toolchain/risc-v embedded gcc/bin/../lib/gcc/riscv-none-embed/8.2.0/../../../../riscv-none-embed/lib/rv32imafc/ilp32f\libg_nano.a(lib_a-mlock.o)
                0x0000000000017bea                __malloc_unlock
 .text._Balloc  0x0000000000017bec       0x88 f:/f/mounriver_studio/toolchain/risc-v embedded gcc/bin/../lib/gcc/riscv-none-embed/8.2.0/../../../../riscv-none-embed/lib/rv32imafc/ilp32f\libg_nano.a(lib_a-mprec.o)
                0x0000000000017bec                _Balloc
 .text._Bfree   0x0000000000017c74       0x44 f:/f/mounriver_studio/toolchain/risc-v embedded gcc/bin/../lib/gcc/riscv-none-embed/8.2.0/../../../../riscv-none-embed/lib/rv32imafc/ilp32f\libg_nano.a(lib_a-mprec.o)
                0x0000000000017c74                _Bfree
 .text.__multadd
                0x0000000000017cb8       0x98 f:/f/mounriver_studio/toolchain/risc-v embedded gcc/bin/../lib/gcc/riscv-none-embed/8.2.0/../../../../riscv-none-embed/lib/rv32imafc/ilp32f\libg_nano.a(lib_a-mprec.o)
                0x0000000000017cb8                __multadd
 .text.__hi0bits
                0x0000000000017d50       0x46 f:/f/mounriver_studio/toolchain/risc-v embedded gcc/bin/../lib/gcc/riscv-none-embed/8.2.0/../../../../riscv-none-embed/lib/rv32imafc/ilp32f\libg_nano.a(lib_a-mprec.o)
                0x0000000000017d50                __hi0bits
 .text.__lo0bits
                0x0000000000017d96       0x6a f:/f/mounriver_studio/toolchain/risc-v embedded gcc/bin/../lib/gcc/riscv-none-embed/8.2.0/../../../../riscv-none-embed/lib/rv32imafc/ilp32f\libg_nano.a(lib_a-mprec.o)
                0x0000000000017d96                __lo0bits
 .text.__i2b    0x0000000000017e00       0x1c f:/f/mounriver_studio/toolchain/risc-v embedded gcc/bin/../lib/gcc/riscv-none-embed/8.2.0/../../../../riscv-none-embed/lib/rv32imafc/ilp32f\libg_nano.a(lib_a-mprec.o)
                0x0000000000017e00                __i2b
 .text.__multiply
                0x0000000000017e1c      0x144 f:/f/mounriver_studio/toolchain/risc-v embedded gcc/bin/../lib/gcc/riscv-none-embed/8.2.0/../../../../riscv-none-embed/lib/rv32imafc/ilp32f\libg_nano.a(lib_a-mprec.o)
                0x0000000000017e1c                __multiply
 .text.__pow5mult
                0x0000000000017f60       0xbe f:/f/mounriver_studio/toolchain/risc-v embedded gcc/bin/../lib/gcc/riscv-none-embed/8.2.0/../../../../riscv-none-embed/lib/rv32imafc/ilp32f\libg_nano.a(lib_a-mprec.o)
                0x0000000000017f60                __pow5mult
 .text.__lshift
                0x000000000001801e       0xce f:/f/mounriver_studio/toolchain/risc-v embedded gcc/bin/../lib/gcc/riscv-none-embed/8.2.0/../../../../riscv-none-embed/lib/rv32imafc/ilp32f\libg_nano.a(lib_a-mprec.o)
                0x000000000001801e                __lshift
 .text.__mcmp   0x00000000000180ec       0x32 f:/f/mounriver_studio/toolchain/risc-v embedded gcc/bin/../lib/gcc/riscv-none-embed/8.2.0/../../../../riscv-none-embed/lib/rv32imafc/ilp32f\libg_nano.a(lib_a-mprec.o)
                0x00000000000180ec                __mcmp
 .text.__mdiff  0x000000000001811e       0xf2 f:/f/mounriver_studio/toolchain/risc-v embedded gcc/bin/../lib/gcc/riscv-none-embed/8.2.0/../../../../riscv-none-embed/lib/rv32imafc/ilp32f\libg_nano.a(lib_a-mprec.o)
                0x000000000001811e                __mdiff
 .text.__d2b    0x0000000000018210       0xd4 f:/f/mounriver_studio/toolchain/risc-v embedded gcc/bin/../lib/gcc/riscv-none-embed/8.2.0/../../../../riscv-none-embed/lib/rv32imafc/ilp32f\libg_nano.a(lib_a-mprec.o)
                0x0000000000018210                __d2b
 .text._calloc_r
                0x00000000000182e4       0x28 f:/f/mounriver_studio/toolchain/risc-v embedded gcc/bin/../lib/gcc/riscv-none-embed/8.2.0/../../../../riscv-none-embed/lib/rv32imafc/ilp32f\libg_nano.a(lib_a-nano-callocr.o)
                0x00000000000182e4                _calloc_r
 .text.__ssputs_r
                0x000000000001830c       0xee f:/f/mounriver_studio/toolchain/risc-v embedded gcc/bin/../lib/gcc/riscv-none-embed/8.2.0/../../../../riscv-none-embed/lib/rv32imafc/ilp32f\libg_nano.a(lib_a-nano-svfprintf.o)
                0x000000000001830c                __ssputs_r
 .text._svfprintf_r
                0x00000000000183fa      0x27e f:/f/mounriver_studio/toolchain/risc-v embedded gcc/bin/../lib/gcc/riscv-none-embed/8.2.0/../../../../riscv-none-embed/lib/rv32imafc/ilp32f\libg_nano.a(lib_a-nano-svfprintf.o)
                0x00000000000183fa                _svfiprintf_r
                0x00000000000183fa                _svfprintf_r
 .text.__sfputc_r
                0x0000000000018678       0x28 f:/f/mounriver_studio/toolchain/risc-v embedded gcc/bin/../lib/gcc/riscv-none-embed/8.2.0/../../../../riscv-none-embed/lib/rv32imafc/ilp32f\libg_nano.a(lib_a-nano-vfprintf.o)
 .text.__sfputs_r
                0x00000000000186a0       0x44 f:/f/mounriver_studio/toolchain/risc-v embedded gcc/bin/../lib/gcc/riscv-none-embed/8.2.0/../../../../riscv-none-embed/lib/rv32imafc/ilp32f\libg_nano.a(lib_a-nano-vfprintf.o)
                0x00000000000186a0                __sfputs_r
 .text._vfprintf_r
                0x00000000000186e4      0x29e f:/f/mounriver_studio/toolchain/risc-v embedded gcc/bin/../lib/gcc/riscv-none-embed/8.2.0/../../../../riscv-none-embed/lib/rv32imafc/ilp32f\libg_nano.a(lib_a-nano-vfprintf.o)
                0x00000000000186e4                _vfprintf_r
                0x00000000000186e4                _vfiprintf_r
 .text.__sread  0x0000000000018982       0x30 f:/f/mounriver_studio/toolchain/risc-v embedded gcc/bin/../lib/gcc/riscv-none-embed/8.2.0/../../../../riscv-none-embed/lib/rv32imafc/ilp32f\libg_nano.a(lib_a-stdio.o)
                0x0000000000018982                __sread
 .text.__swrite
                0x00000000000189b2       0x4e f:/f/mounriver_studio/toolchain/risc-v embedded gcc/bin/../lib/gcc/riscv-none-embed/8.2.0/../../../../riscv-none-embed/lib/rv32imafc/ilp32f\libg_nano.a(lib_a-stdio.o)
                0x00000000000189b2                __swrite
 .text.__sseek  0x0000000000018a00       0x36 f:/f/mounriver_studio/toolchain/risc-v embedded gcc/bin/../lib/gcc/riscv-none-embed/8.2.0/../../../../riscv-none-embed/lib/rv32imafc/ilp32f\libg_nano.a(lib_a-stdio.o)
                0x0000000000018a00                __sseek
 .text.__sclose
                0x0000000000018a36        0x6 f:/f/mounriver_studio/toolchain/risc-v embedded gcc/bin/../lib/gcc/riscv-none-embed/8.2.0/../../../../riscv-none-embed/lib/rv32imafc/ilp32f\libg_nano.a(lib_a-stdio.o)
                0x0000000000018a36                __sclose
 .text.__swbuf_r
                0x0000000000018a3c       0xc2 f:/f/mounriver_studio/toolchain/risc-v embedded gcc/bin/../lib/gcc/riscv-none-embed/8.2.0/../../../../riscv-none-embed/lib/rv32imafc/ilp32f\libg_nano.a(lib_a-wbuf.o)
                0x0000000000018a3c                __swbuf_r
 .text.__ascii_wctomb
                0x0000000000018afe       0x20 f:/f/mounriver_studio/toolchain/risc-v embedded gcc/bin/../lib/gcc/riscv-none-embed/8.2.0/../../../../riscv-none-embed/lib/rv32imafc/ilp32f\libg_nano.a(lib_a-wctomb_r.o)
                0x0000000000018afe                __ascii_wctomb
 .text._write_r
                0x0000000000018b1e       0x36 f:/f/mounriver_studio/toolchain/risc-v embedded gcc/bin/../lib/gcc/riscv-none-embed/8.2.0/../../../../riscv-none-embed/lib/rv32imafc/ilp32f\libg_nano.a(lib_a-writer.o)
                0x0000000000018b1e                _write_r
 .text.__swsetup_r
                0x0000000000018b54      0x110 f:/f/mounriver_studio/toolchain/risc-v embedded gcc/bin/../lib/gcc/riscv-none-embed/8.2.0/../../../../riscv-none-embed/lib/rv32imafc/ilp32f\libg_nano.a(lib_a-wsetup.o)
                0x0000000000018b54                __swsetup_r
 .text._close_r
                0x0000000000018c64       0x32 f:/f/mounriver_studio/toolchain/risc-v embedded gcc/bin/../lib/gcc/riscv-none-embed/8.2.0/../../../../riscv-none-embed/lib/rv32imafc/ilp32f\libg_nano.a(lib_a-closer.o)
                0x0000000000018c64                _close_r
 .text.__sflush_r
                0x0000000000018c96      0x13e f:/f/mounriver_studio/toolchain/risc-v embedded gcc/bin/../lib/gcc/riscv-none-embed/8.2.0/../../../../riscv-none-embed/lib/rv32imafc/ilp32f\libg_nano.a(lib_a-fflush.o)
                0x0000000000018c96                __sflush_r
 .text._fflush_r
                0x0000000000018dd4       0x68 f:/f/mounriver_studio/toolchain/risc-v embedded gcc/bin/../lib/gcc/riscv-none-embed/8.2.0/../../../../riscv-none-embed/lib/rv32imafc/ilp32f\libg_nano.a(lib_a-fflush.o)
                0x0000000000018dd4                _fflush_r
 .text._lseek_r
                0x0000000000018e3c       0x34 f:/f/mounriver_studio/toolchain/risc-v embedded gcc/bin/../lib/gcc/riscv-none-embed/8.2.0/../../../../riscv-none-embed/lib/rv32imafc/ilp32f\libg_nano.a(lib_a-lseekr.o)
                0x0000000000018e3c                _lseek_r
 .text.__swhatbuf_r
                0x0000000000018e70       0x58 f:/f/mounriver_studio/toolchain/risc-v embedded gcc/bin/../lib/gcc/riscv-none-embed/8.2.0/../../../../riscv-none-embed/lib/rv32imafc/ilp32f\libg_nano.a(lib_a-makebuf.o)
                0x0000000000018e70                __swhatbuf_r
 .text.__smakebuf_r
                0x0000000000018ec8       0xa0 f:/f/mounriver_studio/toolchain/risc-v embedded gcc/bin/../lib/gcc/riscv-none-embed/8.2.0/../../../../riscv-none-embed/lib/rv32imafc/ilp32f\libg_nano.a(lib_a-makebuf.o)
                0x0000000000018ec8                __smakebuf_r
 .text.memmove  0x0000000000018f68       0x4a f:/f/mounriver_studio/toolchain/risc-v embedded gcc/bin/../lib/gcc/riscv-none-embed/8.2.0/../../../../riscv-none-embed/lib/rv32imafc/ilp32f\libg_nano.a(lib_a-memmove.o)
                0x0000000000018f68                memmove
 .text._realloc_r
                0x0000000000018fb2       0x58 f:/f/mounriver_studio/toolchain/risc-v embedded gcc/bin/../lib/gcc/riscv-none-embed/8.2.0/../../../../riscv-none-embed/lib/rv32imafc/ilp32f\libg_nano.a(lib_a-nano-reallocr.o)
                0x0000000000018fb2                _realloc_r
 .text._read_r  0x000000000001900a       0x34 f:/f/mounriver_studio/toolchain/risc-v embedded gcc/bin/../lib/gcc/riscv-none-embed/8.2.0/../../../../riscv-none-embed/lib/rv32imafc/ilp32f\libg_nano.a(lib_a-readr.o)
                0x000000000001900a                _read_r
 .text._fstat_r
                0x000000000001903e       0x32 f:/f/mounriver_studio/toolchain/risc-v embedded gcc/bin/../lib/gcc/riscv-none-embed/8.2.0/../../../../riscv-none-embed/lib/rv32imafc/ilp32f\libg_nano.a(lib_a-fstatr.o)
                0x000000000001903e                _fstat_r
 .text._isatty_r
                0x0000000000019070       0x30 f:/f/mounriver_studio/toolchain/risc-v embedded gcc/bin/../lib/gcc/riscv-none-embed/8.2.0/../../../../riscv-none-embed/lib/rv32imafc/ilp32f\libg_nano.a(lib_a-isattyr.o)
                0x0000000000019070                _isatty_r
 .text._malloc_usable_size_r
                0x00000000000190a0       0x14 f:/f/mounriver_studio/toolchain/risc-v embedded gcc/bin/../lib/gcc/riscv-none-embed/8.2.0/../../../../riscv-none-embed/lib/rv32imafc/ilp32f\libg_nano.a(lib_a-nano-msizer.o)
                0x00000000000190a0                _malloc_usable_size_r
 .text.__trunctfdf2
                0x00000000000190b4      0x3d0 f:/f/mounriver_studio/toolchain/risc-v embedded gcc/bin/../lib/gcc/riscv-none-embed/8.2.0/rv32imafc/ilp32f\libgcc.a(trunctfdf2.o)
                0x00000000000190b4                __trunctfdf2
 .text._close   0x0000000000019484       0x10 f:/f/mounriver_studio/toolchain/risc-v embedded gcc/bin/../lib/gcc/riscv-none-embed/8.2.0/../../../../riscv-none-embed/lib/rv32imafc/ilp32f\libnosys.a(close.o)
                0x0000000000019484                _close
 .text._fstat   0x0000000000019494       0x10 f:/f/mounriver_studio/toolchain/risc-v embedded gcc/bin/../lib/gcc/riscv-none-embed/8.2.0/../../../../riscv-none-embed/lib/rv32imafc/ilp32f\libnosys.a(fstat.o)
                0x0000000000019494                _fstat
 .text._isatty  0x00000000000194a4       0x10 f:/f/mounriver_studio/toolchain/risc-v embedded gcc/bin/../lib/gcc/riscv-none-embed/8.2.0/../../../../riscv-none-embed/lib/rv32imafc/ilp32f\libnosys.a(isatty.o)
                0x00000000000194a4                _isatty
 .text._lseek   0x00000000000194b4       0x10 f:/f/mounriver_studio/toolchain/risc-v embedded gcc/bin/../lib/gcc/riscv-none-embed/8.2.0/../../../../riscv-none-embed/lib/rv32imafc/ilp32f\libnosys.a(lseek.o)
                0x00000000000194b4                _lseek
 .text._read    0x00000000000194c4       0x10 f:/f/mounriver_studio/toolchain/risc-v embedded gcc/bin/../lib/gcc/riscv-none-embed/8.2.0/../../../../riscv-none-embed/lib/rv32imafc/ilp32f\libnosys.a(read.o)
                0x00000000000194c4                _read
 .text._sbrk    0x00000000000194d4       0x24 f:/f/mounriver_studio/toolchain/risc-v embedded gcc/bin/../lib/gcc/riscv-none-embed/8.2.0/../../../../riscv-none-embed/lib/rv32imafc/ilp32f\libnosys.a(sbrk.o)
                0x00000000000194d4                _sbrk
 *(.rodata)
 .rodata        0x00000000000194f8       0x91 ./zf_driver/zf_driver_flash.o
 *fill*         0x0000000000019589        0x3 
 .rodata        0x000000000001958c       0xb7 ./zf_driver/zf_driver_pit.o
 *fill*         0x0000000000019643        0x1 
 .rodata        0x0000000000019644       0x94 ./zf_driver/zf_driver_soft_iic.o
 .rodata        0x00000000000196d8       0x8f ./zf_driver/zf_driver_spi.o
 *fill*         0x0000000000019767        0x1 
 .rodata        0x0000000000019768       0x90 ./zf_driver/zf_driver_uart.o
 *fill*         0x00000000000197f8        0x0 
 .rodata        0x00000000000197f8        0x8 ./zf_device/zf_device_dm1xa.o
 .rodata        0x0000000000019800       0xf0 ./zf_device/zf_device_gnss.o
 .rodata        0x00000000000198f0       0x8f ./zf_device/zf_device_key.o
 *fill*         0x000000000001997f        0x1 
 .rodata        0x0000000000019980      0x14c ./zf_device/zf_device_mt9v03x_dvp.o
 *fill*         0x0000000000019acc        0x4 
 .rodata        0x0000000000019ad0       0xa8 ./zf_device/zf_device_tft180.o
 .rodata        0x0000000000019b78       0x78 ./zf_common/zf_common_debug.o
 .rodata        0x0000000000019bf0       0x90 ./zf_common/zf_common_fifo.o
 .rodata        0x0000000000019c80       0xd0 ./zf_common/zf_common_function.o
 .rodata        0x0000000000019d50       0x41 ./sdk/Peripheral/ch32v30x_usbotg_device.o
 *fill*         0x0000000000019d91        0x7 
 .rodata        0x0000000000019d98       0x40 ./code/better_mpu6050.o
 .rodata        0x0000000000019dd8       0xe0 ./code/button.o
 .rodata        0x0000000000019eb8        0x4 ./code/flash.o
 *fill*         0x0000000000019ebc        0x4 
 .rodata        0x0000000000019ec0       0x68 ./code/revision_mt9v03x.o
 *(.rodata*)
 .rodata.pit_init
                0x0000000000019f28       0x28 ./zf_driver/zf_driver_pit.o
 .rodata.spi_index
                0x0000000000019f50        0xc ./zf_driver/zf_driver_spi.o
                0x0000000000019f50                spi_index
 .rodata.timer_start
                0x0000000000019f5c       0x28 ./zf_driver/zf_driver_timer.o
 .rodata.timer_stop
                0x0000000000019f84       0x28 ./zf_driver/zf_driver_timer.o
 .rodata.timer_get
                0x0000000000019fac       0x28 ./zf_driver/zf_driver_timer.o
 .rodata.timer_clear
                0x0000000000019fd4       0x28 ./zf_driver/zf_driver_timer.o
 .rodata.uart_index
                0x0000000000019ffc       0x20 ./zf_driver/zf_driver_uart.o
                0x0000000000019ffc                uart_index
 .rodata.key_index
                0x000000000001a01c       0x10 ./zf_device/zf_device_key.o
 .rodata.ascii_font_8x16
                0x000000000001a02c      0x5f0 ./zf_common/zf_common_font.o
                0x000000000001a02c                ascii_font_8x16
 .rodata.ascii_font_6x8
                0x000000000001a61c      0x228 ./zf_common/zf_common_font.o
                0x000000000001a61c                ascii_font_6x8
 .rodata.MyDevDescrHD
                0x000000000001a844       0x12 ./sdk/Peripheral/ch32v30x_usbotg_device.o
                0x000000000001a844                MyDevDescrHD
 *fill*         0x000000000001a856        0x2 
 .rodata.MyCfgDescrHD
                0x000000000001a858       0x43 ./sdk/Peripheral/ch32v30x_usbotg_device.o
                0x000000000001a858                MyCfgDescrHD
 *fill*         0x000000000001a89b        0x1 
 .rodata.MyReportDescHD
                0x000000000001a89c       0x14 ./sdk/Peripheral/ch32v30x_usbotg_device.o
                0x000000000001a89c                MyReportDescHD
 .rodata.MyManuInfoHD
                0x000000000001a8b0        0xe ./sdk/Peripheral/ch32v30x_usbotg_device.o
                0x000000000001a8b0                MyManuInfoHD
 *fill*         0x000000000001a8be        0x2 
 .rodata.MyProdInfoHD
                0x000000000001a8c0        0xc ./sdk/Peripheral/ch32v30x_usbotg_device.o
                0x000000000001a8c0                MyProdInfoHD
 .rodata.MySerNumInfoHD
                0x000000000001a8cc       0x16 ./sdk/Peripheral/ch32v30x_usbotg_device.o
                0x000000000001a8cc                MySerNumInfoHD
 *fill*         0x000000000001a8e2        0x2 
 .rodata.MyUSBQUADescHD
                0x000000000001a8e4        0xa ./sdk/Peripheral/ch32v30x_usbotg_device.o
                0x000000000001a8e4                MyUSBQUADescHD
 *fill*         0x000000000001a8ee        0x2 
 .rodata.OTG_FS_IRQHandler
                0x000000000001a8f0       0xbc ./sdk/Peripheral/ch32v30x_usbotg_device.o
 .rodata.parameter_init
                0x000000000001a9ac       0x80 ./code/button.o
                0x000000000001a9ac                parameter_init
 .rodata.bao_guang_shi_jian
                0x000000000001aa2c       0x80 ./code/button.o
                0x000000000001aa2c                bao_guang_shi_jian
 .rodata.she_xiang_tou
                0x000000000001aaac       0x80 ./code/button.o
                0x000000000001aaac                she_xiang_tou
 .rodata.can_shu_bao_cun
                0x000000000001ab2c       0x80 ./code/button.o
                0x000000000001ab2c                can_shu_bao_cun
 .rodata.bian_xian
                0x000000000001abac       0x80 ./code/button.o
                0x000000000001abac                bian_xian
 .rodata.xian_shi
                0x000000000001ac2c       0x80 ./code/button.o
                0x000000000001ac2c                xian_shi
 .rodata.yin_cang
                0x000000000001acac       0x80 ./code/button.o
                0x000000000001acac                yin_cang
 .rodata.tu_xiang
                0x000000000001ad2c       0x80 ./code/button.o
                0x000000000001ad2c                tu_xiang
 .rodata.hui_du
                0x000000000001adac       0x80 ./code/button.o
                0x000000000001adac                hui_du
 .rodata.menu   0x000000000001ae2c       0x80 ./code/button.o
                0x000000000001ae2c                menu
 .rodata.mpu6050_parament
                0x000000000001aeac       0x80 ./code/button.o
                0x000000000001aeac                mpu6050_parament
 .rodata.erzhihua
                0x000000000001af2c       0x80 ./code/button.o
                0x000000000001af2c                erzhihua
 .rodata.yu_zhi
                0x000000000001afac       0x80 ./code/button.o
                0x000000000001afac                yu_zhi
 .rodata.tft180show_better
                0x000000000001b02c       0x18 ./code/button.o
 .rodata.increase_reduce
                0x000000000001b044       0x30 ./code/button.o
 .rodata.menu_page
                0x000000000001b074       0xd0 ./code/button.o
 *fill*         0x000000000001b144        0x4 
 .rodata.pow.cst8
                0x000000000001b148       0x30 f:/f/mounriver_studio/toolchain/risc-v embedded gcc/bin/../lib/gcc/riscv-none-embed/8.2.0/../../../../riscv-none-embed/lib/rv32imafc/ilp32f\libm.a(lib_a-w_pow.o)
 .rodata.pow.str1.4
                0x000000000001b178        0x4 f:/f/mounriver_studio/toolchain/risc-v embedded gcc/bin/../lib/gcc/riscv-none-embed/8.2.0/../../../../riscv-none-embed/lib/rv32imafc/ilp32f\libm.a(lib_a-w_pow.o)
 *fill*         0x000000000001b17c        0x4 
 .rodata.__ieee754_pow.cst8
                0x000000000001b180      0x100 f:/f/mounriver_studio/toolchain/risc-v embedded gcc/bin/../lib/gcc/riscv-none-embed/8.2.0/../../../../riscv-none-embed/lib/rv32imafc/ilp32f\libm.a(lib_a-e_pow.o)
                                        0x110 (size before relaxing)
 .rodata.__ieee754_pow.str1.4
                0x000000000001b280        0x4 f:/f/mounriver_studio/toolchain/risc-v embedded gcc/bin/../lib/gcc/riscv-none-embed/8.2.0/../../../../riscv-none-embed/lib/rv32imafc/ilp32f\libm.a(lib_a-e_pow.o)
                                          0x1 (size before relaxing)
 .rodata.nan.cst8
                0x000000000001b280        0x8 f:/f/mounriver_studio/toolchain/risc-v embedded gcc/bin/../lib/gcc/riscv-none-embed/8.2.0/../../../../riscv-none-embed/lib/rv32imafc/ilp32f\libm.a(lib_a-s_nan.o)
 .rodata.TWO52  0x000000000001b288       0x10 f:/f/mounriver_studio/toolchain/risc-v embedded gcc/bin/../lib/gcc/riscv-none-embed/8.2.0/../../../../riscv-none-embed/lib/rv32imafc/ilp32f\libm.a(lib_a-s_rint.o)
 .rodata.scalbn.cst8
                0x000000000001b298       0x10 f:/f/mounriver_studio/toolchain/risc-v embedded gcc/bin/../lib/gcc/riscv-none-embed/8.2.0/../../../../riscv-none-embed/lib/rv32imafc/ilp32f\libm.a(lib_a-s_scalbn.o)
                                         0x20 (size before relaxing)
 .rodata.__divdf3
                0x000000000001b2a8       0x40 f:/f/mounriver_studio/toolchain/risc-v embedded gcc/bin/../lib/gcc/riscv-none-embed/8.2.0/rv32imafc/ilp32f\libgcc.a(divdf3.o)
 .rodata.__muldf3
                0x000000000001b2e8       0x40 f:/f/mounriver_studio/toolchain/risc-v embedded gcc/bin/../lib/gcc/riscv-none-embed/8.2.0/rv32imafc/ilp32f\libgcc.a(muldf3.o)
 .rodata.__clz_tab
                0x000000000001b328      0x100 f:/f/mounriver_studio/toolchain/risc-v embedded gcc/bin/../lib/gcc/riscv-none-embed/8.2.0/rv32imafc/ilp32f\libgcc.a(_clz.o)
                0x000000000001b328                __clz_tab
 .rodata._printf_float.cst8
                0x000000000001b428        0x8 f:/f/mounriver_studio/toolchain/risc-v embedded gcc/bin/../lib/gcc/riscv-none-embed/8.2.0/../../../../riscv-none-embed/lib/rv32imafc/ilp32f\libg_nano.a(lib_a-nano-vfprintf_float.o)
 .rodata._printf_float.str1.4
                0x000000000001b430       0x12 f:/f/mounriver_studio/toolchain/risc-v embedded gcc/bin/../lib/gcc/riscv-none-embed/8.2.0/../../../../riscv-none-embed/lib/rv32imafc/ilp32f\libg_nano.a(lib_a-nano-vfprintf_float.o)
 *fill*         0x000000000001b442        0x2 
 .rodata._printf_i.str1.4
                0x000000000001b444       0x25 f:/f/mounriver_studio/toolchain/risc-v embedded gcc/bin/../lib/gcc/riscv-none-embed/8.2.0/../../../../riscv-none-embed/lib/rv32imafc/ilp32f\libg_nano.a(lib_a-nano-vfprintf_i.o)
 *fill*         0x000000000001b469        0x7 
 .rodata._dtoa_r.cst8
                0x000000000001b470       0x30 f:/f/mounriver_studio/toolchain/risc-v embedded gcc/bin/../lib/gcc/riscv-none-embed/8.2.0/../../../../riscv-none-embed/lib/rv32imafc/ilp32f\libg_nano.a(lib_a-dtoa.o)
                                         0x48 (size before relaxing)
 .rodata._dtoa_r.str1.4
                0x000000000001b4a0       0x10 f:/f/mounriver_studio/toolchain/risc-v embedded gcc/bin/../lib/gcc/riscv-none-embed/8.2.0/../../../../riscv-none-embed/lib/rv32imafc/ilp32f\libg_nano.a(lib_a-dtoa.o)
                                         0x12 (size before relaxing)
 .rodata.__sf_fake_stderr
                0x000000000001b4b0       0x20 f:/f/mounriver_studio/toolchain/risc-v embedded gcc/bin/../lib/gcc/riscv-none-embed/8.2.0/../../../../riscv-none-embed/lib/rv32imafc/ilp32f\libg_nano.a(lib_a-findfp.o)
                0x000000000001b4b0                __sf_fake_stderr
 .rodata.__sf_fake_stdin
                0x000000000001b4d0       0x20 f:/f/mounriver_studio/toolchain/risc-v embedded gcc/bin/../lib/gcc/riscv-none-embed/8.2.0/../../../../riscv-none-embed/lib/rv32imafc/ilp32f\libg_nano.a(lib_a-findfp.o)
                0x000000000001b4d0                __sf_fake_stdin
 .rodata.__sf_fake_stdout
                0x000000000001b4f0       0x20 f:/f/mounriver_studio/toolchain/risc-v embedded gcc/bin/../lib/gcc/riscv-none-embed/8.2.0/../../../../riscv-none-embed/lib/rv32imafc/ilp32f\libg_nano.a(lib_a-findfp.o)
                0x000000000001b4f0                __sf_fake_stdout
 .rodata._setlocale_r.str1.4
                0x000000000001b510        0xa f:/f/mounriver_studio/toolchain/risc-v embedded gcc/bin/../lib/gcc/riscv-none-embed/8.2.0/../../../../riscv-none-embed/lib/rv32imafc/ilp32f\libg_nano.a(lib_a-locale.o)
                                          0xd (size before relaxing)
 *fill*         0x000000000001b51a        0x2 
 .rodata.str1.4
                0x000000000001b51c        0x2 f:/f/mounriver_studio/toolchain/risc-v embedded gcc/bin/../lib/gcc/riscv-none-embed/8.2.0/../../../../riscv-none-embed/lib/rv32imafc/ilp32f\libg_nano.a(lib_a-locale.o)
 *fill*         0x000000000001b51e        0x2 
 .rodata.__mprec_bigtens
                0x000000000001b520       0x28 f:/f/mounriver_studio/toolchain/risc-v embedded gcc/bin/../lib/gcc/riscv-none-embed/8.2.0/../../../../riscv-none-embed/lib/rv32imafc/ilp32f\libg_nano.a(lib_a-mprec.o)
                0x000000000001b520                __mprec_bigtens
 .rodata.__mprec_tens
                0x000000000001b548       0xc8 f:/f/mounriver_studio/toolchain/risc-v embedded gcc/bin/../lib/gcc/riscv-none-embed/8.2.0/../../../../riscv-none-embed/lib/rv32imafc/ilp32f\libg_nano.a(lib_a-mprec.o)
                0x000000000001b548                __mprec_tens
 .rodata.p05.3321
                0x000000000001b610        0xc f:/f/mounriver_studio/toolchain/risc-v embedded gcc/bin/../lib/gcc/riscv-none-embed/8.2.0/../../../../riscv-none-embed/lib/rv32imafc/ilp32f\libg_nano.a(lib_a-mprec.o)
 .rodata._svfprintf_r.str1.4
                0x000000000001b61c       0x14 f:/f/mounriver_studio/toolchain/risc-v embedded gcc/bin/../lib/gcc/riscv-none-embed/8.2.0/../../../../riscv-none-embed/lib/rv32imafc/ilp32f\libg_nano.a(lib_a-nano-svfprintf.o)
                                         0x13 (size before relaxing)
 .rodata._vfprintf_r.str1.4
                0x000000000001b630       0x13 f:/f/mounriver_studio/toolchain/risc-v embedded gcc/bin/../lib/gcc/riscv-none-embed/8.2.0/../../../../riscv-none-embed/lib/rv32imafc/ilp32f\libg_nano.a(lib_a-nano-vfprintf.o)
 .rodata._ctype_
                0x000000000001b630      0x101 f:/f/mounriver_studio/toolchain/risc-v embedded gcc/bin/../lib/gcc/riscv-none-embed/8.2.0/../../../../riscv-none-embed/lib/rv32imafc/ilp32f\libg_nano.a(lib_a-ctype_.o)
                0x000000000001b630                _ctype_
 *(.glue_7)
 *(.glue_7t)
 *(.gnu.linkonce.t.*)
                0x000000000001b734                . = ALIGN (0x4)
 *fill*         0x000000000001b731        0x3 

.rela.dyn       0x000000000001b734        0x0
 .rela.init     0x000000000001b734        0x0 ./zf_driver/zf_driver_delay.o
 .rela.vector   0x000000000001b734        0x0 ./zf_driver/zf_driver_delay.o
 .rela.text.handle_reset
                0x000000000001b734        0x0 ./zf_driver/zf_driver_delay.o
 .rela.text._sbrk_r
                0x000000000001b734        0x0 ./zf_driver/zf_driver_delay.o
 .rela.text._svfprintf_r
                0x000000000001b734        0x0 ./zf_driver/zf_driver_delay.o
 .rela.text._vfprintf_r
                0x000000000001b734        0x0 ./zf_driver/zf_driver_delay.o
 .rela.text._write_r
                0x000000000001b734        0x0 ./zf_driver/zf_driver_delay.o
 .rela.text._close_r
                0x000000000001b734        0x0 ./zf_driver/zf_driver_delay.o
 .rela.text._lseek_r
                0x000000000001b734        0x0 ./zf_driver/zf_driver_delay.o
 .rela.text._read_r
                0x000000000001b734        0x0 ./zf_driver/zf_driver_delay.o
 .rela.text._fstat_r
                0x000000000001b734        0x0 ./zf_driver/zf_driver_delay.o
 .rela.text._isatty_r
                0x000000000001b734        0x0 ./zf_driver/zf_driver_delay.o
 .rela.text._close
                0x000000000001b734        0x0 ./zf_driver/zf_driver_delay.o
 .rela.text._fstat
                0x000000000001b734        0x0 ./zf_driver/zf_driver_delay.o
 .rela.text._isatty
                0x000000000001b734        0x0 ./zf_driver/zf_driver_delay.o
 .rela.text._lseek
                0x000000000001b734        0x0 ./zf_driver/zf_driver_delay.o
 .rela.text._read
                0x000000000001b734        0x0 ./zf_driver/zf_driver_delay.o
 .rela.text._sbrk
                0x000000000001b734        0x0 ./zf_driver/zf_driver_delay.o

.fini           0x000000000001b734        0x0
 *(SORT_NONE(.fini))
                0x000000000001b734                . = ALIGN (0x4)
                [!provide]                        PROVIDE (_etext = .)
                [!provide]                        PROVIDE (_eitcm = .)

.preinit_array  0x000000000001b734        0x0
                [!provide]                        PROVIDE (__preinit_array_start = .)
 *(.preinit_array)
                [!provide]                        PROVIDE (__preinit_array_end = .)

.init_array     0x000000000001b734        0x0
                [!provide]                        PROVIDE (__init_array_start = .)
 *(SORT_BY_INIT_PRIORITY(.init_array.*) SORT_BY_INIT_PRIORITY(.ctors.*))
 *(.init_array EXCLUDE_FILE(*crtend?.o *crtend.o *crtbegin?.o *crtbegin.o) .ctors)
                [!provide]                        PROVIDE (__init_array_end = .)

.fini_array     0x000000000001b734        0x0
                [!provide]                        PROVIDE (__fini_array_start = .)
 *(SORT_BY_INIT_PRIORITY(.fini_array.*) SORT_BY_INIT_PRIORITY(.dtors.*))
 *(.fini_array EXCLUDE_FILE(*crtend?.o *crtend.o *crtbegin?.o *crtbegin.o) .dtors)
                [!provide]                        PROVIDE (__fini_array_end = .)

.ctors
 *crtbegin.o(.ctors)
 *crtbegin?.o(.ctors)
 *(EXCLUDE_FILE(*crtend?.o *crtend.o) .ctors)
 *(SORT_BY_NAME(.ctors.*))
 *(.ctors)

.dtors
 *crtbegin.o(.dtors)
 *crtbegin?.o(.dtors)
 *(EXCLUDE_FILE(*crtend?.o *crtend.o) .dtors)
 *(SORT_BY_NAME(.dtors.*))
 *(.dtors)

.dalign         0x0000000020000040        0x0 load address 0x000000000001b734
                0x0000000020000040                . = ALIGN (0x4)
                0x0000000020000040                PROVIDE (_data_vma = .)

.dlalign        0x000000000001b734        0x0
                0x000000000001b734                . = ALIGN (0x4)
                0x000000000001b734                PROVIDE (_data_lma = .)

.data           0x0000000020000040      0x328 load address 0x000000000001b734
 *(.gnu.linkonce.r.*)
 *(.data .data.*)
 .data.gpio_group
                0x0000000020000040       0x14 ./zf_driver/zf_driver_gpio.o
                0x0000000020000040                gpio_group
 .data.APBAHBPrescTable
                0x0000000020000054       0x10 ./sdk/Peripheral/ch32v30x_rcc.o
 .data.TAB_USB_FS_OSC_DESC
                0x0000000020000064       0x43 ./sdk/Peripheral/ch32v30x_usbotg_device.o
                0x0000000020000064                TAB_USB_FS_OSC_DESC
 *fill*         0x00000000200000a7        0x1 
 .data.Half_Road_Wide
                0x00000000200000a8       0x3c ./code/revision_mt9v03x.o
                0x00000000200000a8                Half_Road_Wide
 .data.Half_Bend_Wide
                0x00000000200000e4       0x3c ./code/revision_mt9v03x.o
                0x00000000200000e4                Half_Bend_Wide
 .data.impure_data
                0x0000000020000120       0x60 f:/f/mounriver_studio/toolchain/risc-v embedded gcc/bin/../lib/gcc/riscv-none-embed/8.2.0/../../../../riscv-none-embed/lib/rv32imafc/ilp32f\libg_nano.a(lib_a-impure.o)
 .data.__global_locale
                0x0000000020000180      0x16c f:/f/mounriver_studio/toolchain/risc-v embedded gcc/bin/../lib/gcc/riscv-none-embed/8.2.0/../../../../riscv-none-embed/lib/rv32imafc/ilp32f\libg_nano.a(lib_a-locale.o)
                0x0000000020000180                __global_locale
 *(.gnu.linkonce.d.*)
                0x00000000200002f0                . = ALIGN (0x8)
 *fill*         0x00000000200002ec        0x4 
                0x0000000020000af0                PROVIDE (__global_pointer$ = (. + 0x800))
 *(.sdata .sdata.*)
 .sdata.gFlashStatus.4508
                0x00000000200002f0        0x4 ./zf_driver/zf_driver_flash.o
 .sdata.gFlashStatus.4550
                0x00000000200002f4        0x4 ./zf_driver/zf_driver_flash.o
 .sdata.dm1xa_distance_mm
                0x00000000200002f8        0x2 ./zf_device/zf_device_dm1xa.o
 *fill*         0x00000000200002fa        0x2 
 .sdata.mt9v03x_type
                0x00000000200002fc        0x4 ./zf_device/zf_device_mt9v03x_dvp.o
 .sdata.tft180_pencolor
                0x0000000020000300        0x2 ./zf_device/zf_device_tft180.o
 .sdata.tft180_bgcolor
                0x0000000020000302        0x2 ./zf_device/zf_device_tft180.o
 .sdata.tft180_display_font
                0x0000000020000304        0x4 ./zf_device/zf_device_tft180.o
 .sdata.tft180_x_max
                0x0000000020000308        0x1 ./zf_device/zf_device_tft180.o
 .sdata.tft180_y_max
                0x0000000020000309        0x1 ./zf_device/zf_device_tft180.o
 *fill*         0x000000002000030a        0x2 
 .sdata.camera_uart_handler
                0x000000002000030c        0x4 ./zf_device/zf_device_type.o
                0x000000002000030c                camera_uart_handler
 .sdata.camera_dvp_handler
                0x0000000020000310        0x4 ./zf_device/zf_device_type.o
                0x0000000020000310                camera_dvp_handler
 .sdata.wireless_module_uart_handler
                0x0000000020000314        0x4 ./zf_device/zf_device_type.o
                0x0000000020000314                wireless_module_uart_handler
 .sdata.tof_module_exti_handler