Archive member included to satisfy reference by file (symbol)

f:/f/mounriver_studio/toolchain/risc-v embedded gcc/bin/../lib/gcc/riscv-none-embed/8.2.0/../../../../riscv-none-embed/lib/rv32imafc/ilp32f\libm.a(lib_a-s_atan.o)
                              ./code/better_mt9v034.o (atan)
f:/f/mounriver_studio/toolchain/risc-v embedded gcc/bin/../lib/gcc/riscv-none-embed/8.2.0/../../../../riscv-none-embed/lib/rv32imafc/ilp32f\libm.a(lib_a-s_cos.o)
                              ./zf_device/zf_device_gnss.o (cos)
f:/f/mounriver_studio/toolchain/risc-v embedded gcc/bin/../lib/gcc/riscv-none-embed/8.2.0/../../../../riscv-none-embed/lib/rv32imafc/ilp32f\libm.a(lib_a-s_fabs.o)
                              f:/f/mounriver_studio/toolchain/risc-v embedded gcc/bin/../lib/gcc/riscv-none-embed/8.2.0/../../../../riscv-none-embed/lib/rv32imafc/ilp32f\libm.a(lib_a-s_atan.o) (fabs)
f:/f/mounriver_studio/toolchain/risc-v embedded gcc/bin/../lib/gcc/riscv-none-embed/8.2.0/../../../../riscv-none-embed/lib/rv32imafc/ilp32f\libm.a(lib_a-s_sin.o)
                              ./zf_device/zf_device_gnss.o (sin)
f:/f/mounriver_studio/toolchain/risc-v embedded gcc/bin/../lib/gcc/riscv-none-embed/8.2.0/../../../../riscv-none-embed/lib/rv32imafc/ilp32f\libm.a(lib_a-w_asin.o)
                              ./zf_device/zf_device_gnss.o (asin)
f:/f/mounriver_studio/toolchain/risc-v embedded gcc/bin/../lib/gcc/riscv-none-embed/8.2.0/../../../../riscv-none-embed/lib/rv32imafc/ilp32f\libm.a(lib_a-w_atan2.o)
                              ./zf_device/zf_device_gnss.o (atan2)
f:/f/mounriver_studio/toolchain/risc-v embedded gcc/bin/../lib/gcc/riscv-none-embed/8.2.0/../../../../riscv-none-embed/lib/rv32imafc/ilp32f\libm.a(lib_a-w_pow.o)
                              ./zf_device/zf_device_gnss.o (pow)
f:/f/mounriver_studio/toolchain/risc-v embedded gcc/bin/../lib/gcc/riscv-none-embed/8.2.0/../../../../riscv-none-embed/lib/rv32imafc/ilp32f\libm.a(lib_a-w_sqrt.o)
                              ./zf_device/zf_device_gnss.o (sqrt)
f:/f/mounriver_studio/toolchain/risc-v embedded gcc/bin/../lib/gcc/riscv-none-embed/8.2.0/../../../../riscv-none-embed/lib/rv32imafc/ilp32f\libm.a(lib_a-e_asin.o)
                              f:/f/mounriver_studio/toolchain/risc-v embedded gcc/bin/../lib/gcc/riscv-none-embed/8.2.0/../../../../riscv-none-embed/lib/rv32imafc/ilp32f\libm.a(lib_a-w_asin.o) (__ieee754_asin)
f:/f/mounriver_studio/toolchain/risc-v embedded gcc/bin/../lib/gcc/riscv-none-embed/8.2.0/../../../../riscv-none-embed/lib/rv32imafc/ilp32f\libm.a(lib_a-e_atan2.o)
                              f:/f/mounriver_studio/toolchain/risc-v embedded gcc/bin/../lib/gcc/riscv-none-embed/8.2.0/../../../../riscv-none-embed/lib/rv32imafc/ilp32f\libm.a(lib_a-w_atan2.o) (__ieee754_atan2)
f:/f/mounriver_studio/toolchain/risc-v embedded gcc/bin/../lib/gcc/riscv-none-embed/8.2.0/../../../../riscv-none-embed/lib/rv32imafc/ilp32f\libm.a(lib_a-e_pow.o)
                              f:/f/mounriver_studio/toolchain/risc-v embedded gcc/bin/../lib/gcc/riscv-none-embed/8.2.0/../../../../riscv-none-embed/lib/rv32imafc/ilp32f\libm.a(lib_a-w_pow.o) (__ieee754_pow)
f:/f/mounriver_studio/toolchain/risc-v embedded gcc/bin/../lib/gcc/riscv-none-embed/8.2.0/../../../../riscv-none-embed/lib/rv32imafc/ilp32f\libm.a(lib_a-e_rem_pio2.o)
                              f:/f/mounriver_studio/toolchain/risc-v embedded gcc/bin/../lib/gcc/riscv-none-embed/8.2.0/../../../../riscv-none-embed/lib/rv32imafc/ilp32f\libm.a(lib_a-s_cos.o) (__ieee754_rem_pio2)
f:/f/mounriver_studio/toolchain/risc-v embedded gcc/bin/../lib/gcc/riscv-none-embed/8.2.0/../../../../riscv-none-embed/lib/rv32imafc/ilp32f\libm.a(lib_a-e_sqrt.o)
                              f:/f/mounriver_studio/toolchain/risc-v embedded gcc/bin/../lib/gcc/riscv-none-embed/8.2.0/../../../../riscv-none-embed/lib/rv32imafc/ilp32f\libm.a(lib_a-w_sqrt.o) (__ieee754_sqrt)
f:/f/mounriver_studio/toolchain/risc-v embedded gcc/bin/../lib/gcc/riscv-none-embed/8.2.0/../../../../riscv-none-embed/lib/rv32imafc/ilp32f\libm.a(lib_a-k_cos.o)
                              f:/f/mounriver_studio/toolchain/risc-v embedded gcc/bin/../lib/gcc/riscv-none-embed/8.2.0/../../../../riscv-none-embed/lib/rv32imafc/ilp32f\libm.a(lib_a-s_cos.o) (__kernel_cos)
f:/f/mounriver_studio/toolchain/risc-v embedded gcc/bin/../lib/gcc/riscv-none-embed/8.2.0/../../../../riscv-none-embed/lib/rv32imafc/ilp32f\libm.a(lib_a-k_rem_pio2.o)
                              f:/f/mounriver_studio/toolchain/risc-v embedded gcc/bin/../lib/gcc/riscv-none-embed/8.2.0/../../../../riscv-none-embed/lib/rv32imafc/ilp32f\libm.a(lib_a-e_rem_pio2.o) (__kernel_rem_pio2)
f:/f/mounriver_studio/toolchain/risc-v embedded gcc/bin/../lib/gcc/riscv-none-embed/8.2.0/../../../../riscv-none-embed/lib/rv32imafc/ilp32f\libm.a(lib_a-k_sin.o)
[...]
Memory Configuration

Name             Origin             Length             Attributes
RAM              0x0000000020000040 0x000000000000fc00 xrw
FLASH            0x0000000000000000 0x0000000000040000 xr
*default*        0x0000000000000000 0xffffffffffffffff

Linker script and memory map

LOAD ./zf_driver/zf_driver_adc.o
LOAD ./zf_driver/zf_driver_delay.o
LOAD ./zf_driver/zf_driver_dvp.o
LOAD ./zf_driver/zf_driver_encoder.o
LOAD ./zf_driver/zf_driver_exti.o
LOAD ./zf_driver/zf_driver_flash.o
LOAD ./zf_driver/zf_driver_gpio.o
LOAD ./zf_driver/zf_driver_iic.o
LOAD ./zf_driver/zf_driver_pit.o
LOAD ./zf_driver/zf_driver_pwm.o
LOAD ./zf_driver/zf_driver_soft_iic.o
LOAD ./zf_driver/zf_driver_soft_spi.o
LOAD ./zf_driver/zf_driver_spi.o
LOAD ./zf_driver/zf_driver_timer.o
LOAD ./zf_driver/zf_driver_uart.o
LOAD ./zf_driver/zf_driver_usb_cdc.o
LOAD ./zf_device/zf_device_absolute_encoder.o
LOAD ./zf_device/zf_device_aht20.o
LOAD ./zf_device/zf_device_bluetooth_ch9141.o
LOAD ./zf_device/zf_device_camera.o
LOAD ./zf_device/zf_device_dl1a.o
LOAD ./zf_device/zf_device_dl1b.o
LOAD ./zf_device/zf_device_dm1xa.o
LOAD ./zf_device/zf_device_gnss.o
LOAD ./zf_device/zf_device_icm20602.o
LOAD ./zf_device/zf_device_imu660ra.o
LOAD ./zf_device/zf_device_imu963ra.o
LOAD ./zf_device/zf_device_ips114.o
LOAD ./zf_device/zf_device_ips200.o
LOAD ./zf_device/zf_device_k24c02.o
LOAD ./zf_device/zf_device_key.o
LOAD ./zf_device/zf_device_mpu6050.o
LOAD ./zf_device/zf_device_mt9v03x_dvp.o
LOAD ./zf_device/zf_device_oled.o
LOAD ./zf_device/zf_device_scc8660_dvp.o
LOAD ./zf_device/zf_device_tft180.o
LOAD ./zf_device/zf_device_type.o
LOAD ./zf_device/zf_device_virtual_oscilloscope.o
LOAD ./zf_device/zf_device_w25q32.o
LOAD ./zf_device/zf_device_wifi_spi.o
LOAD ./zf_device/zf_device_wifi_uart.o
LOAD ./zf_device/zf_device_wireless_ch573.o
LOAD ./zf_device/zf_device_wireless_uart.o
LOAD ./zf_components/seekfree_assistant.o
LOAD ./zf_components/seekfree_assistant_interface.o
LOAD ./zf_common/zf_common_clock.o
LOAD ./zf_common/zf_common_debug.o
LOAD ./zf_common/zf_common_fifo.o
LOAD ./zf_common/zf_common_font.o
LOAD ./zf_common/zf_common_function.o
LOAD ./zf_common/zf_common_interrupt.o
LOAD ./user_c/isr.o
LOAD ./user_c/main.o
LOAD ./sdk/Startup/startup_ch32v30x_D8C.o
LOAD ./sdk/Peripheral/ch32v30x_adc.o
LOAD ./sdk/Peripheral/ch32v30x_bkp.o
LOAD ./sdk/Peripheral/ch32v30x_can.o
LOAD ./sdk/Peripheral/ch32v30x_crc.o
LOAD ./sdk/Peripheral/ch32v30x_dac.o
LOAD ./sdk/Peripheral/ch32v30x_dbgmcu.o
LOAD ./sdk/Peripheral/ch32v30x_dma.o
LOAD ./sdk/Peripheral/ch32v30x_dvp.o
LOAD ./sdk/Peripheral/ch32v30x_eth.o
LOAD ./sdk/Peripheral/ch32v30x_exti.o
LOAD ./sdk/Peripheral/ch32v30x_flash.o
LOAD ./sdk/Peripheral/ch32v30x_fsmc.o
LOAD ./sdk/Peripheral/ch32v30x_gpio.o
LOAD ./sdk/Peripheral/ch32v30x_i2c.o
LOAD ./sdk/Peripheral/ch32v30x_iwdg.o
LOAD ./sdk/Peripheral/ch32v30x_opa.o
LOAD ./sdk/Peripheral/ch32v30x_pwr.o
LOAD ./sdk/Peripheral/ch32v30x_rcc.o
LOAD ./sdk/Peripheral/ch32v30x_rng.o
LOAD ./sdk/Peripheral/ch32v30x_rtc.o
LOAD ./sdk/Peripheral/ch32v30x_sdio.o
LOAD ./sdk/Peripheral/ch32v30x_spi.o
LOAD ./sdk/Peripheral/ch32v30x_tim.o
LOAD ./sdk/Peripheral/ch32v30x_usart.o
LOAD ./sdk/Peripheral/ch32v30x_usbotg_device.o
LOAD ./sdk/Peripheral/ch32v30x_wwdg.o
LOAD ./sdk/Core/core_riscv.o
LOAD ./code/better_mt9v034.o
LOAD ./code/better_pwm.o
LOAD f:/f/mounriver_studio/toolchain/risc-v embedded gcc/bin/../lib/gcc/riscv-none-embed/8.2.0/../../../../riscv-none-embed/lib/rv32imafc/ilp32f\libm.a
LOAD F:\H\desktop\document\CHV307_Library-master\CHV307_Library-master\Seekfree_CH32V307VCT6_Opensource_Library\libraries\zf_device\libzf_device_config.a
LOAD f:/f/mounriver_studio/toolchain/risc-v embedded gcc/bin/../lib/gcc/riscv-none-embed/8.2.0/rv32imafc/ilp32f\libgcc.a
LOAD f:/f/mounriver_studio/toolchain/risc-v embedded gcc/bin/../lib/gcc/riscv-none-embed/8.2.0/../../../../riscv-none-embed/lib/rv32imafc/ilp32f\libg_nano.a
LOAD f:/f/mounriver_studio/toolchain/risc-v embedded gcc/bin/../lib/gcc/riscv-none-embed/8.2.0/../../../../riscv-none-embed/lib/rv32imafc/ilp32f\libc_nano.a
LOAD f:/f/mounriver_studio/toolchain/risc-v embedded gcc/bin/../lib/gcc/riscv-none-embed/8.2.0/rv32imafc/ilp32f\libgcc.a
START GROUP
LOAD f:/f/mounriver_studio/toolchain/risc-v embedded gcc/bin/../lib/gcc/riscv-none-embed/8.2.0/rv32imafc/ilp32f\libgcc.a
LOAD f:/f/mounriver_studio/toolchain/risc-v embedded gcc/bin/../lib/gcc/riscv-none-embed/8.2.0/../../../../riscv-none-embed/lib/rv32imafc/ilp32f\libc_nano.a
LOAD f:/f/mounriver_studio/toolchain/risc-v embedded gcc/bin/../lib/gcc/riscv-none-embed/8.2.0/../../../../riscv-none-embed/lib/rv32imafc/ilp32f\libnosys.a
END GROUP
START GROUP
LOAD f:/f/mounriver_studio/toolchain/risc-v embedded gcc/bin/../lib/gcc/riscv-none-embed/8.2.0/rv32imafc/ilp32f\libgcc.a
LOAD f:/f/mounriver_studio/toolchain/risc-v embedded gcc/bin/../lib/gcc/riscv-none-embed/8.2.0/../../../../riscv-none-embed/lib/rv32imafc/ilp32f\libc_nano.a
LOAD f:/f/mounriver_studio/toolchain/risc-v embedded gcc/bin/../lib/gcc/riscv-none-embed/8.2.0/../../../../riscv-none-embed/lib/rv32imafc/ilp32f\libnosys.a
END GROUP
                0x0000000000000800                __stack_size = 0x800
                [!provide]                        PROVIDE (_stack_size = __stack_size)

.init           0x0000000000000000       0x38
                0x0000000000000000                _sinit = .
                0x0000000000000000                . = ALIGN (0x4)
 *(SORT_NONE(.init))
 .init          0x0000000000000000       0x38 ./sdk/Startup/startup_ch32v30x_D8C.o
                0x0000000000000000                _start
                0x0000000000000038                . = ALIGN (0x4)
                0x0000000000000038                _einit = .

.vector         0x0000000000000038      0x1c8
 *(.vector)
 .vector        0x0000000000000038      0x1a0 ./sdk/Startup/startup_ch32v30x_D8C.o
                0x0000000000000200                . = ALIGN (0x40)
 *fill*         0x00000000000001d8       0x28 

.text           0x0000000000000200    0x12fcc
                0x0000000000000200                . = ALIGN (0x4)
 *(.text)
 .text          0x0000000000000200       0xa8 f:/f/mounriver_studio/toolchain/risc-v embedded gcc/bin/../lib/gcc/riscv-none-embed/8.2.0/../../../../riscv-none-embed/lib/rv32imafc/ilp32f\libg_nano.a(lib_a-memset.o)
                0x0000000000000200                memset
 *(.text.*)
 .text.system_delay_ms
                0x00000000000002a8       0xa2 ./zf_driver/zf_driver_delay.o
                0x00000000000002a8                system_delay_ms
 .text.dvp_gpio_init
                0x000000000000034a      0x102 ./zf_driver/zf_driver_dvp.o
                0x000000000000034a                dvp_gpio_init
 .text.dvp_camera_init
                0x000000000000044c       0x8c ./zf_driver/zf_driver_dvp.o
                0x000000000000044c                dvp_camera_init
 .text.gpio_get_level
                0x00000000000004d8       0x42 ./zf_driver/zf_driver_gpio.o
                0x00000000000004d8                gpio_get_level
 .text.gpio_init
                0x000000000000051a      0x15c ./zf_driver/zf_driver_gpio.o
                0x000000000000051a                gpio_init
 .text.pit_init
                0x0000000000000676      0x218 ./zf_driver/zf_driver_pit.o
                0x0000000000000676                pit_init
 .text.soft_iic_start
                0x000000000000088e      0x128 ./zf_driver/zf_driver_soft_iic.o
 .text.soft_iic_stop
                0x00000000000009b6      0x142 ./zf_driver/zf_driver_soft_iic.o
 .text.soft_iic_send_ack
                0x0000000000000af8      0x196 ./zf_driver/zf_driver_soft_iic.o
 .text.soft_iic_wait_ack
                0x0000000000000c8e      0x160 ./zf_driver/zf_driver_soft_iic.o
 .text.soft_iic_send_data
                0x0000000000000dee      0x16e ./zf_driver/zf_driver_soft_iic.o
 .text.soft_iic_read_data
                0x0000000000000f5c      0x1e8 ./zf_driver/zf_driver_soft_iic.o
 .text.soft_iic_sccb_write_register
                0x0000000000001144       0x80 ./zf_driver/zf_driver_soft_iic.o
                0x0000000000001144                soft_iic_sccb_write_register
 .text.soft_iic_sccb_read_register
                0x00000000000011c4       0xb4 ./zf_driver/zf_driver_soft_iic.o
                0x00000000000011c4                soft_iic_sccb_read_register
 .text.soft_iic_init
                0x0000000000001278       0xb2 ./zf_driver/zf_driver_soft_iic.o
                0x0000000000001278                soft_iic_init
 .text.spi_write_8bit
                0x000000000000132a       0x56 ./zf_driver/zf_driver_spi.o
                0x000000000000132a                spi_write_8bit
 .text.spi_write_16bit
                0x0000000000001380       0xa4 ./zf_driver/zf_driver_spi.o
                0x0000000000001380                spi_write_16bit
 .text.spi_init
                0x0000000000001424      0x2d4 ./zf_driver/zf_driver_spi.o
                0x0000000000001424                spi_init
 .text.timer_funciton_check
                0x00000000000016f8       0x66 ./zf_driver/zf_driver_timer.o
                0x00000000000016f8                timer_funciton_check
 .text.timer_clock_enable
                0x000000000000175e       0xe2 ./zf_driver/zf_driver_timer.o
                0x000000000000175e                timer_clock_enable
 .text.timer_get
                0x0000000000001840       0xfe ./zf_driver/zf_driver_timer.o
                0x0000000000001840                timer_get
 .text.timer_clear
                0x000000000000193e       0xc4 ./zf_driver/zf_driver_timer.o
                0x000000000000193e                timer_clear
 .text.uart_write_byte
                0x0000000000001a02       0x56 ./zf_driver/zf_driver_uart.o
                0x0000000000001a02                uart_write_byte
 .text.uart_write_buffer
                0x0000000000001a58       0x64 ./zf_driver/zf_driver_uart.o
                0x0000000000001a58                uart_write_buffer
 .text.uart_write_string
                0x0000000000001abc       0x60 ./zf_driver/zf_driver_uart.o
                0x0000000000001abc                uart_write_string
 .text.uart_rx_interrupt
                0x0000000000001b1c       0x84 ./zf_driver/zf_driver_uart.o
                0x0000000000001b1c                uart_rx_interrupt
 .text.uart_query_byte
                0x0000000000001ba0       0x5e ./zf_driver/zf_driver_uart.o
                0x0000000000001ba0                uart_query_byte
 .text.uart_init
                0x0000000000001bfe      0x5aa ./zf_driver/zf_driver_uart.o
                0x0000000000001bfe                uart_init
 .text.dm1xa_sound_callback
                0x00000000000021a8       0xf6 ./zf_device/zf_device_dm1xa.o
                0x00000000000021a8                dm1xa_sound_callback
 .text.dm1xa_light_callback
                0x000000000000229e       0x32 ./zf_device/zf_device_dm1xa.o
                0x000000000000229e                dm1xa_light_callback
 .text.gnss_uart_callback
                0x00000000000022d0      0x15c ./zf_device/zf_device_gnss.o
                0x00000000000022d0                gnss_uart_callback
 .text.mt9v03x_set_config
                0x000000000000242c      0x132 ./zf_device/zf_device_mt9v03x_dvp.o
 .text.mt9v03x_get_config
                0x000000000000255e      0x176 ./zf_device/zf_device_mt9v03x_dvp.o
 .text.mt9v03x_uart_check_id
                0x00000000000026d4       0xda ./zf_device/zf_device_mt9v03x_dvp.o
 .text.mt9v03x_uart_handler
                0x00000000000027ae       0x4e ./zf_device/zf_device_mt9v03x_dvp.o
 .text.mt9v03x_dvp_handler
                0x00000000000027fc       0x14 ./zf_device/zf_device_mt9v03x_dvp.o
                0x00000000000027fc                mt9v03x_dvp_handler
 .text.mt9v03x_get_version
                0x0000000000002810       0xb0 ./zf_device/zf_device_mt9v03x_dvp.o
                0x0000000000002810                mt9v03x_get_version
 .text.mt9v03x_sccb_init
                0x00000000000028c0       0xc6 ./zf_device/zf_device_mt9v03x_dvp.o
                0x00000000000028c0                mt9v03x_sccb_init
 .text.mt9v03x_uart_init
                0x0000000000002986      0x2ae ./zf_device/zf_device_mt9v03x_dvp.o
                0x0000000000002986                mt9v03x_uart_init
 .text.mt9v03x_init
                0x0000000000002c34       0xaa ./zf_device/zf_device_mt9v03x_dvp.o
                0x0000000000002c34                mt9v03x_init
 .text.tft180_write_index
                0x0000000000002cde       0x44 ./zf_device/zf_device_tft180.o
 .text.tft180_set_region
                0x0000000000002d22      0x1e8 ./zf_device/zf_device_tft180.o
 .text.tft180_debug_init
                0x0000000000002f0a       0x86 ./zf_device/zf_device_tft180.o
 .text.tft180_clear
                0x0000000000002f90       0x86 ./zf_device/zf_device_tft180.o
                0x0000000000002f90                tft180_clear
 .text.tft180_set_dir
                0x0000000000003016       0x50 ./zf_device/zf_device_tft180.o
                0x0000000000003016                tft180_set_dir
 .text.tft180_set_color
                0x0000000000003066       0x2c ./zf_device/zf_device_tft180.o
                0x0000000000003066                tft180_set_color
 .text.tft180_show_char
                0x0000000000003092      0x2a2 ./zf_device/zf_device_tft180.o
                0x0000000000003092                tft180_show_char
 .text.tft180_show_string
                0x0000000000003334      0x110 ./zf_device/zf_device_tft180.o
                0x0000000000003334                tft180_show_string
 .text.tft180_show_uint
                0x0000000000003444      0x142 ./zf_device/zf_device_tft180.o
                0x0000000000003444                tft180_show_uint
 .text.tft180_show_gray_image
                0x0000000000003586      0x23e ./zf_device/zf_device_tft180.o
                0x0000000000003586                tft180_show_gray_image
 .text.tft180_init
                0x00000000000037c4      0x41e ./zf_device/zf_device_tft180.o
                0x00000000000037c4                tft180_init
 .text.type_default_callback
                0x0000000000003be2        0xe ./zf_device/zf_device_type.o
 .text.set_camera_type
                0x0000000000003bf0       0x52 ./zf_device/zf_device_type.o
                0x0000000000003bf0                set_camera_type
 .text.clock_reset
                0x0000000000003c42       0x76 ./zf_common/zf_common_clock.o
                0x0000000000003c42                clock_reset
 .text.clock_set_freq
                0x0000000000003cb8      0x1e0 ./zf_common/zf_common_clock.o
                0x0000000000003cb8                clock_set_freq
 .text.clock_init
                0x0000000000003e98       0x2e ./zf_common/zf_common_clock.o
                0x0000000000003e98                clock_init
 .text.__NOP    0x0000000000003ec6       0x10 ./zf_common/zf_common_debug.o
 .text.debug_delay
                0x0000000000003ed6       0x54 ./zf_common/zf_common_debug.o
 .text.debug_protective_handler
                0x0000000000003f2a        0xe ./zf_common/zf_common_debug.o
 .text.debug_uart_str_output
                0x0000000000003f38       0x20 ./zf_common/zf_common_debug.o
 .text.debug_output
                0x0000000000003f58      0x564 ./zf_common/zf_common_debug.o
 .text.debug_interrupr_handler
                0x00000000000044bc       0x38 ./zf_common/zf_common_debug.o
                0x00000000000044bc                debug_interrupr_handler
 .text._write   0x00000000000044f4       0x7c ./zf_common/zf_common_debug.o
                0x00000000000044f4                _write
 .text.debug_assert_handler
                0x0000000000004570       0x68 ./zf_common/zf_common_debug.o
                0x0000000000004570                debug_assert_handler
 .text.debug_log_handler
                0x00000000000045d8       0x4e ./zf_common/zf_common_debug.o
                0x00000000000045d8                debug_log_handler
 .text.debug_output_struct_init
                0x0000000000004626       0x5a ./zf_common/zf_common_debug.o
                0x0000000000004626                debug_output_struct_init
 .text.debug_output_init
                0x0000000000004680       0xa8 ./zf_common/zf_common_debug.o
                0x0000000000004680                debug_output_init
 .text.debug_init
                0x0000000000004728       0x6c ./zf_common/zf_common_debug.o
                0x0000000000004728                debug_init
 .text.fifo_head_offset
                0x0000000000004794      0x184 ./zf_common/zf_common_fifo.o
 .text.fifo_end_offset
                0x0000000000004918      0x184 ./zf_common/zf_common_fifo.o
 .text.fifo_clear
                0x0000000000004a9c      0x24a ./zf_common/zf_common_fifo.o
                0x0000000000004a9c                fifo_clear
 .text.fifo_used
                0x0000000000004ce6       0x7a ./zf_common/zf_common_fifo.o
                0x0000000000004ce6                fifo_used
 .text.fifo_write_element
                0x0000000000004d60      0x260 ./zf_common/zf_common_fifo.o
                0x0000000000004d60                fifo_write_element
 .text.fifo_write_buffer
                0x0000000000004fc0      0x5ea ./zf_common/zf_common_fifo.o
                0x0000000000004fc0                fifo_write_buffer
 .text.fifo_read_buffer
                0x00000000000055aa      0x5a4 ./zf_common/zf_common_fifo.o
                0x00000000000055aa                fifo_read_buffer
 .text.fifo_init
                0x0000000000005b4e      0x248 ./zf_common/zf_common_fifo.o
                0x0000000000005b4e                fifo_init
 .text.func_uint_to_str
                0x0000000000005d96       0xd8 ./zf_common/zf_common_function.o
                0x0000000000005d96                func_uint_to_str
 .text.__enable_irq
                0x0000000000005e6e       0x18 ./zf_common/zf_common_interrupt.o
 .text.__disable_irq
                0x0000000000005e86       0x14 ./zf_common/zf_common_interrupt.o
 .text.NVIC_EnableIRQ
                0x0000000000005e9a       0x32 ./zf_common/zf_common_interrupt.o
 .text.NVIC_DisableIRQ
                0x0000000000005ecc       0x32 ./zf_common/zf_common_interrupt.o
 .text.NVIC_SetPriority
                0x0000000000005efe       0x2a ./zf_common/zf_common_interrupt.o
 .text.interrupt_enable
                0x0000000000005f28       0x1e ./zf_common/zf_common_interrupt.o
                0x0000000000005f28                interrupt_enable
 .text.interrupt_disable
                0x0000000000005f46       0x1e ./zf_common/zf_common_interrupt.o
                0x0000000000005f46                interrupt_disable
 .text.interrupt_set_priority
                0x0000000000005f64       0x2a ./zf_common/zf_common_interrupt.o
                0x0000000000005f64                interrupt_set_priority
 .text.interrupt_global_enable
                0x0000000000005f8e       0x32 ./zf_common/zf_common_interrupt.o
                0x0000000000005f8e                interrupt_global_enable
 .text.interrupt_global_disable
                0x0000000000005fc0       0x2c ./zf_common/zf_common_interrupt.o
                0x0000000000005fc0                interrupt_global_disable
 .text.interrupt_init
                0x0000000000005fec       0x18 ./zf_common/zf_common_interrupt.o
                0x0000000000005fec                interrupt_init
 .text.USART1_IRQHandler
                0x0000000000006004       0xc4 ./user_c/isr.o
                0x0000000000006004                USART1_IRQHandler
 .text.USART2_IRQHandler
                0x00000000000060c8       0xc4 ./user_c/isr.o
                0x00000000000060c8                USART2_IRQHandler
 .text.USART3_IRQHandler
                0x000000000000618c       0xc8 ./user_c/isr.o
                0x000000000000618c                USART3_IRQHandler
 .text.UART4_IRQHandler
                0x0000000000006254       0xc4 ./user_c/isr.o
                0x0000000000006254                UART4_IRQHandler
 .text.UART5_IRQHandler
                0x0000000000006318       0xc2 ./user_c/isr.o
                0x0000000000006318                UART5_IRQHandler
 .text.UART6_IRQHandler
                0x00000000000063da       0xc4 ./user_c/isr.o
                0x00000000000063da                UART6_IRQHandler
 .text.UART7_IRQHandler
                0x000000000000649e       0xca ./user_c/isr.o
                0x000000000000649e                UART7_IRQHandler
 .text.UART8_IRQHandler
                0x0000000000006568       0xc0 ./user_c/isr.o
                0x0000000000006568                UART8_IRQHandler
 .text.DVP_IRQHandler
                0x0000000000006628       0xd0 ./user_c/isr.o
                0x0000000000006628                DVP_IRQHandler
 .text.EXTI0_IRQHandler
                0x00000000000066f8       0xb4 ./user_c/isr.o
                0x00000000000066f8                EXTI0_IRQHandler
 .text.EXTI1_IRQHandler
                0x00000000000067ac       0xb4 ./user_c/isr.o
                0x00000000000067ac                EXTI1_IRQHandler
 .text.EXTI2_IRQHandler
                0x0000000000006860       0xb4 ./user_c/isr.o
                0x0000000000006860                EXTI2_IRQHandler
 .text.EXTI3_IRQHandler
                0x0000000000006914       0xb4 ./user_c/isr.o
                0x0000000000006914                EXTI3_IRQHandler
 .text.EXTI4_IRQHandler
                0x00000000000069c8       0xb4 ./user_c/isr.o
                0x00000000000069c8                EXTI4_IRQHandler
 .text.EXTI9_5_IRQHandler
                0x0000000000006a7c      0x118 ./user_c/isr.o
                0x0000000000006a7c                EXTI9_5_IRQHandler
 .text.EXTI15_10_IRQHandler
                0x0000000000006b94      0x132 ./user_c/isr.o
                0x0000000000006b94                EXTI15_10_IRQHandler
 .text.TIM1_UP_IRQHandler
                0x0000000000006cc6       0xc0 ./user_c/isr.o
                0x0000000000006cc6                TIM1_UP_IRQHandler
 .text.TIM2_IRQHandler
                0x0000000000006d86       0xba ./user_c/isr.o
                0x0000000000006d86                TIM2_IRQHandler
 .text.TIM3_IRQHandler
                0x0000000000006e40       0xc0 ./user_c/isr.o
                0x0000000000006e40                TIM3_IRQHandler
 .text.TIM4_IRQHandler
                0x0000000000006f00       0xc0 ./user_c/isr.o
                0x0000000000006f00                TIM4_IRQHandler
 .text.TIM5_IRQHandler
                0x0000000000006fc0       0xc0 ./user_c/isr.o
                0x0000000000006fc0                TIM5_IRQHandler
 .text.TIM6_IRQHandler
                0x0000000000007080       0xb8 ./user_c/isr.o
                0x0000000000007080                TIM6_IRQHandler
 .text.TIM7_IRQHandler
                0x0000000000007138       0xc0 ./user_c/isr.o
                0x0000000000007138                TIM7_IRQHandler
 .text.TIM8_UP_IRQHandler
                0x00000000000071f8       0xc0 ./user_c/isr.o
                0x00000000000071f8                TIM8_UP_IRQHandler
 .text.TIM9_UP_IRQHandler
                0x00000000000072b8       0xc0 ./user_c/isr.o
                0x00000000000072b8                TIM9_UP_IRQHandler
 .text.TIM10_UP_IRQHandler
                0x0000000000007378       0xb8 ./user_c/isr.o
                0x0000000000007378                TIM10_UP_IRQHandler
 .text.NMI_Handler
                0x0000000000007430       0x10 ./user_c/isr.o
                0x0000000000007430                NMI_Handler
 .text.HardFault_Handler
                0x0000000000007440        0x8 ./user_c/isr.o
                0x0000000000007440                HardFault_Handler
 .text.main     0x0000000000007448       0x98 ./user_c/main.o
                0x0000000000007448                main
 .text.pit_hander
                0x00000000000074e0       0x6e ./user_c/main.o
                0x00000000000074e0                pit_hander
 .text.vector_handler
                0x000000000000754e       0xbe ./sdk/Startup/startup_ch32v30x_D8C.o
                0x0000000000007552                Ecall_M_Mode_Handler
                0x0000000000007554                Ecall_U_Mode_Handler
                0x0000000000007556                Break_Point_Handler
                0x0000000000007558                SysTick_Handler
                0x000000000000755a                SW_Handler
                0x000000000000755c                WWDG_IRQHandler
                0x000000000000755e                PVD_IRQHandler
                0x0000000000007560                TAMPER_IRQHandler
                0x0000000000007562                RTC_IRQHandler
                0x0000000000007564                FLASH_IRQHandler
                0x0000000000007566                RCC_IRQHandler
                0x0000000000007572                DMA1_Channel1_IRQHandler
                0x0000000000007574                DMA1_Channel2_IRQHandler
                0x0000000000007576                DMA1_Channel3_IRQHandler
                0x0000000000007578                DMA1_Channel4_IRQHandler
                0x000000000000757a                DMA1_Channel5_IRQHandler
                0x000000000000757c                DMA1_Channel6_IRQHandler
                0x000000000000757e                DMA1_Channel7_IRQHandler
                0x0000000000007580                ADC1_2_IRQHandler
                0x0000000000007582                USB_HP_CAN1_TX_IRQHandler
                0x0000000000007584                USB_LP_CAN1_RX0_IRQHandler
                0x0000000000007586                CAN1_RX1_IRQHandler
                0x0000000000007588                CAN1_SCE_IRQHandler
                0x000000000000758c                TIM1_BRK_IRQHandler
                0x0000000000007590                TIM1_TRG_COM_IRQHandler
                0x0000000000007592                TIM1_CC_IRQHandler
                0x000000000000759a                I2C1_EV_IRQHandler
                0x000000000000759c                I2C1_ER_IRQHandler
                0x000000000000759e                I2C2_EV_IRQHandler
                0x00000000000075a0                I2C2_ER_IRQHandler
                0x00000000000075a2                SPI1_IRQHandler
                0x00000000000075a4                SPI2_IRQHandler
                0x00000000000075ae                RTCAlarm_IRQHandler
                0x00000000000075b0                USBWakeUp_IRQHandler
                0x00000000000075b2                TIM8_BRK_IRQHandler
                0x00000000000075b6                TIM8_TRG_COM_IRQHandler
                0x00000000000075b8                TIM8_CC_IRQHandler
                0x00000000000075ba                RNG_IRQHandler
                0x00000000000075bc                FSMC_IRQHandler
                0x00000000000075be                SDIO_IRQHandler
                0x00000000000075c2                SPI3_IRQHandler
                0x00000000000075cc                DMA2_Channel1_IRQHandler
                0x00000000000075ce                DMA2_Channel2_IRQHandler
                0x00000000000075d0                DMA2_Channel3_IRQHandler
                0x00000000000075d2                DMA2_Channel4_IRQHandler
                0x00000000000075d4                DMA2_Channel5_IRQHandler
                0x00000000000075d6                ETH_IRQHandler
                0x00000000000075d8                ETH_WKUP_IRQHandler
                0x00000000000075da                CAN2_TX_IRQHandler
                0x00000000000075dc                CAN2_RX0_IRQHandler
                0x00000000000075de                CAN2_RX1_IRQHandler
                0x00000000000075e0                CAN2_SCE_IRQHandler
                0x00000000000075e4                USBHSWakeup_IRQHandler
                0x00000000000075e6                USBHS_IRQHandler
                0x00000000000075f0                TIM9_BRK_IRQHandler
                0x00000000000075f4                TIM9_TRG_COM_IRQHandler
                0x00000000000075f6                TIM9_CC_IRQHandler
                0x00000000000075f8                TIM10_BRK_IRQHandler
                0x00000000000075fc                TIM10_TRG_COM_IRQHandler
                0x00000000000075fe                TIM10_CC_IRQHandler
                0x0000000000007600                DMA2_Channel6_IRQHandler
                0x0000000000007602                DMA2_Channel7_IRQHandler
                0x0000000000007604                DMA2_Channel8_IRQHandler
                0x0000000000007606                DMA2_Channel9_IRQHandler
                0x0000000000007608                DMA2_Channel10_IRQHandler
                0x000000000000760a                DMA2_Channel11_IRQHandler
 .text.handle_reset
                0x000000000000760c       0x8a ./sdk/Startup/startup_ch32v30x_D8C.o
                0x000000000000760c                handle_reset
 .text.EXTI_GetITStatus
                0x0000000000007696       0x56 ./sdk/Peripheral/ch32v30x_exti.o
                0x0000000000007696                EXTI_GetITStatus
 .text.EXTI_ClearITPendingBit
                0x00000000000076ec       0x20 ./sdk/Peripheral/ch32v30x_exti.o
                0x00000000000076ec                EXTI_ClearITPendingBit
 .text.GPIO_Init
                0x000000000000770c      0x22a ./sdk/Peripheral/ch32v30x_gpio.o
                0x000000000000770c                GPIO_Init
 .text.GPIO_WriteBit
                0x0000000000007936       0x38 ./sdk/Peripheral/ch32v30x_gpio.o
                0x0000000000007936                GPIO_WriteBit
 .text.GPIO_PinRemapConfig
                0x000000000000796e      0x1c8 ./sdk/Peripheral/ch32v30x_gpio.o
                0x000000000000796e                GPIO_PinRemapConfig
 .text.RCC_GetClocksFreq
                0x0000000000007b36      0x2c6 ./sdk/Peripheral/ch32v30x_rcc.o
                0x0000000000007b36                RCC_GetClocksFreq
 .text.RCC_AHBPeriphClockCmd
                0x0000000000007dfc       0x46 ./sdk/Peripheral/ch32v30x_rcc.o
                0x0000000000007dfc                RCC_AHBPeriphClockCmd
 .text.RCC_APB2PeriphClockCmd
                0x0000000000007e42       0x46 ./sdk/Peripheral/ch32v30x_rcc.o
                0x0000000000007e42                RCC_APB2PeriphClockCmd
 .text.RCC_APB1PeriphClockCmd
                0x0000000000007e88       0x46 ./sdk/Peripheral/ch32v30x_rcc.o
                0x0000000000007e88                RCC_APB1PeriphClockCmd
 .text.RCC_APB2PeriphResetCmd
                0x0000000000007ece       0x46 ./sdk/Peripheral/ch32v30x_rcc.o
                0x0000000000007ece                RCC_APB2PeriphResetCmd
 .text.RCC_APB1PeriphResetCmd
                0x0000000000007f14       0x46 ./sdk/Peripheral/ch32v30x_rcc.o
                0x0000000000007f14                RCC_APB1PeriphResetCmd
 .text.SPI_I2S_DeInit
                0x0000000000007f5a       0x76 ./sdk/Peripheral/ch32v30x_spi.o
                0x0000000000007f5a                SPI_I2S_DeInit
 .text.SPI_Init
                0x0000000000007fd0       0xf8 ./sdk/Peripheral/ch32v30x_spi.o
                0x0000000000007fd0                SPI_Init
 .text.SPI_Cmd  0x00000000000080c8       0x5a ./sdk/Peripheral/ch32v30x_spi.o
                0x00000000000080c8                SPI_Cmd
 .text.TIM_TimeBaseInit
                0x0000000000008122      0x17e ./sdk/Peripheral/ch32v30x_tim.o
                0x0000000000008122                TIM_TimeBaseInit
 .text.TIM_Cmd  0x00000000000082a0       0x58 ./sdk/Peripheral/ch32v30x_tim.o
                0x00000000000082a0                TIM_Cmd
 .text.TIM_ITConfig
                0x00000000000082f8       0x70 ./sdk/Peripheral/ch32v30x_tim.o
                0x00000000000082f8                TIM_ITConfig
 .text.TIM_GetITStatus
                0x0000000000008368       0x70 ./sdk/Peripheral/ch32v30x_tim.o
                0x0000000000008368                TIM_GetITStatus
 .text.TIM_ClearITPendingBit
                0x00000000000083d8       0x2e ./sdk/Peripheral/ch32v30x_tim.o
                0x00000000000083d8                TIM_ClearITPendingBit
 .text.USART_Init
                0x0000000000008406      0x234 ./sdk/Peripheral/ch32v30x_usart.o
                0x0000000000008406                USART_Init
 .text.USART_Cmd
                0x000000000000863a       0x60 ./sdk/Peripheral/ch32v30x_usart.o
                0x000000000000863a                USART_Cmd
 .text.USART_ITConfig
                0x000000000000869a       0xc4 ./sdk/Peripheral/ch32v30x_usart.o
                0x000000000000869a                USART_ITConfig
 .text.USART_SendData
                0x000000000000875e       0x2e ./sdk/Peripheral/ch32v30x_usart.o
                0x000000000000875e                USART_SendData
 .text.USART_GetFlagStatus
                0x000000000000878c       0x46 ./sdk/Peripheral/ch32v30x_usart.o
                0x000000000000878c                USART_GetFlagStatus
 .text.USART_GetITStatus
                0x00000000000087d2      0x102 ./sdk/Peripheral/ch32v30x_usart.o
                0x00000000000087d2                USART_GetITStatus
 .text.USART_ClearITPendingBit
                0x00000000000088d4       0x4e ./sdk/Peripheral/ch32v30x_usart.o
                0x00000000000088d4                USART_ClearITPendingBit
 .text.DevEP1_IN_Deal
                0x0000000000008922       0x3e ./sdk/Peripheral/ch32v30x_usbotg_device.o
                0x0000000000008922                DevEP1_IN_Deal
 .text.DevEP2_IN_Deal
                0x0000000000008960       0x3e ./sdk/Peripheral/ch32v30x_usbotg_device.o
                0x0000000000008960                DevEP2_IN_Deal
 .text.DevEP1_OUT_Deal
                0x000000000000899e       0x66 ./sdk/Peripheral/ch32v30x_usbotg_device.o
                0x000000000000899e                DevEP1_OUT_Deal
 .text.DevEP2_OUT_Deal
                0x0000000000008a04       0x66 ./sdk/Peripheral/ch32v30x_usbotg_device.o
                0x0000000000008a04                DevEP2_OUT_Deal
 .text.OTG_FS_IRQHandler
                0x0000000000008a6a      0xd16 ./sdk/Peripheral/ch32v30x_usbotg_device.o
                0x0000000000008a6a                OTG_FS_IRQHandler
 .text.mt9v034_binaryzation_conduct
                0x0000000000009780       0xda ./code/better_mt9v034.o
                0x0000000000009780                mt9v034_binaryzation_conduct
 .text.mt9v034_tft180_show
                0x000000000000985a       0x42 ./code/better_mt9v034.o
                0x000000000000985a                mt9v034_tft180_show
 .text.binaryzation_value
                0x000000000000989c      0x424 ./code/better_mt9v034.o
                0x000000000000989c                binaryzation_value
 .text.MK021851_interrupt
                0x0000000000009cc0      0x110 ./code/better_pwm.o
                0x0000000000009cc0                MK021851_interrupt
 .text.fabs     0x0000000000009dd0        0x6 f:/f/mounriver_studio/toolchain/risc-v embedded gcc/bin/../lib/gcc/riscv-none-embed/8.2.0/../../../../riscv-none-embed/lib/rv32imafc/ilp32f\libm.a(lib_a-s_fabs.o)
                0x0000000000009dd0                fabs
 .text.pow      0x0000000000009dd6      0x324 f:/f/mounriver_studio/toolchain/risc-v embedded gcc/bin/../lib/gcc/riscv-none-embed/8.2.0/../../../../riscv-none-embed/lib/rv32imafc/ilp32f\libm.a(lib_a-w_pow.o)
                0x0000000000009dd6                pow
 .text.__ieee754_pow
                0x000000000000a0fa      0xad6 f:/f/mounriver_studio/toolchain/risc-v embedded gcc/bin/../lib/gcc/riscv-none-embed/8.2.0/../../../../riscv-none-embed/lib/rv32imafc/ilp32f\libm.a(lib_a-e_pow.o)
                0x000000000000a0fa                __ieee754_pow
 .text.__ieee754_sqrt
                0x000000000000abd0      0x1d6 f:/f/mounriver_studio/toolchain/risc-v embedded gcc/bin/../lib/gcc/riscv-none-embed/8.2.0/../../../../riscv-none-embed/lib/rv32imafc/ilp32f\libm.a(lib_a-e_sqrt.o)
                0x000000000000abd0                __ieee754_sqrt
 .text.finite   0x000000000000ada6        0xe f:/f/mounriver_studio/toolchain/risc-v embedded gcc/bin/../lib/gcc/riscv-none-embed/8.2.0/../../../../riscv-none-embed/lib/rv32imafc/ilp32f\libm.a(lib_a-s_finite.o)
                0x000000000000ada6                finite
 .text.matherr  0x000000000000adb4        0x4 f:/f/mounriver_studio/toolchain/risc-v embedded gcc/bin/../lib/gcc/riscv-none-embed/8.2.0/../../../../riscv-none-embed/lib/rv32imafc/ilp32f\libm.a(lib_a-s_matherr.o)
                0x000000000000adb4                matherr
 .text.nan      0x000000000000adb8        0xe f:/f/mounriver_studio/toolchain/risc-v embedded gcc/bin/../lib/gcc/riscv-none-embed/8.2.0/../../../../riscv-none-embed/lib/rv32imafc/ilp32f\libm.a(lib_a-s_nan.o)
                0x000000000000adb8                nan
 .text.rint     0x000000000000adc6      0x18c f:/f/mounriver_studio/toolchain/risc-v embedded gcc/bin/../lib/gcc/riscv-none-embed/8.2.0/../../../../riscv-none-embed/lib/rv32imafc/ilp32f\libm.a(lib_a-s_rint.o)
                0x000000000000adc6                rint
 .text.scalbn   0x000000000000af52      0x140 f:/f/mounriver_studio/toolchain/risc-v embedded gcc/bin/../lib/gcc/riscv-none-embed/8.2.0/../../../../riscv-none-embed/lib/rv32imafc/ilp32f\libm.a(lib_a-s_scalbn.o)
                0x000000000000af52                scalbn
 .text.copysign
                0x000000000000b092       0x16 f:/f/mounriver_studio/toolchain/risc-v embedded gcc/bin/../lib/gcc/riscv-none-embed/8.2.0/../../../../riscv-none-embed/lib/rv32imafc/ilp32f\libm.a(lib_a-s_copysign.o)
                0x000000000000b092                copysign
 .text.mt9v03x_write_and_check_word_sccb
                0x000000000000b0a8       0x92 F:\H\desktop\document\CHV307_Library-master\CHV307_Library-master\Seekfree_CH32V307VCT6_Opensource_Library\libraries\zf_device\libzf_device_config.a(zf_device_config.o)
 .text.mt9v03x_write_word_sccb
                0x000000000000b13a       0x34 F:\H\desktop\document\CHV307_Library-master\CHV307_Library-master\Seekfree_CH32V307VCT6_Opensource_Library\libraries\zf_device\libzf_device_config.a(zf_device_config.o)
 .text.mt9v03x_read_word_sccb.constprop.0
                0x000000000000b16e       0x36 F:\H\desktop\document\CHV307_Library-master\CHV307_Library-master\Seekfree_CH32V307VCT6_Opensource_Library\libraries\zf_device\libzf_device_config.a(zf_device_config.o)
 .text.mt9v03x_sccb_check_id
                0x000000000000b1a4       0x5e F:\H\desktop\document\CHV307_Library-master\CHV307_Library-master\Seekfree_CH32V307VCT6_Opensource_Library\libraries\zf_device\libzf_device_config.a(zf_device_config.o)
                0x000000000000b1a4                mt9v03x_sccb_check_id
 .text.mt9v03x_sccb_set_config
                0x000000000000b202      0x5a2 F:\H\desktop\document\CHV307_Library-master\CHV307_Library-master\Seekfree_CH32V307VCT6_Opensource_Library\libraries\zf_device\libzf_device_config.a(zf_device_config.o)
                0x000000000000b202                mt9v03x_sccb_set_config
 .text.__adddf3
                0x000000000000b7a4      0xa0e f:/f/mounriver_studio/toolchain/risc-v embedded gcc/bin/../lib/gcc/riscv-none-embed/8.2.0/rv32imafc/ilp32f\libgcc.a(adddf3.o)
                0x000000000000b7a4                __adddf3
 .text.__divdf3
                0x000000000000c1b2      0x7ea f:/f/mounriver_studio/toolchain/risc-v embedded gcc/bin/../lib/gcc/riscv-none-embed/8.2.0/rv32imafc/ilp32f\libgcc.a(divdf3.o)
                0x000000000000c1b2                __divdf3
 .text.__eqdf2  0x000000000000c99c       0x98 f:/f/mounriver_studio/toolchain/risc-v embedded gcc/bin/../lib/gcc/riscv-none-embed/8.2.0/rv32imafc/ilp32f\libgcc.a(eqdf2.o)
                0x000000000000c99c                __nedf2
                0x000000000000c99c                __eqdf2
 .text.__gedf2  0x000000000000ca34       0xb6 f:/f/mounriver_studio/toolchain/risc-v embedded gcc/bin/../lib/gcc/riscv-none-embed/8.2.0/rv32imafc/ilp32f\libgcc.a(gedf2.o)
                0x000000000000ca34                __gedf2
                0x000000000000ca34                __gtdf2
 .text.__ledf2  0x000000000000caea       0xb6 f:/f/mounriver_studio/toolchain/risc-v embedded gcc/bin/../lib/gcc/riscv-none-embed/8.2.0/rv32imafc/ilp32f\libgcc.a(ledf2.o)
                0x000000000000caea                __ledf2
                0x000000000000caea                __ltdf2
 .text.__muldf3
                0x000000000000cba0      0x656 f:/f/mounriver_studio/toolchain/risc-v embedded gcc/bin/../lib/gcc/riscv-none-embed/8.2.0/rv32imafc/ilp32f\libgcc.a(muldf3.o)
                0x000000000000cba0                __muldf3
 .text.__subdf3
                0x000000000000d1f6      0xa8c f:/f/mounriver_studio/toolchain/risc-v embedded gcc/bin/../lib/gcc/riscv-none-embed/8.2.0/rv32imafc/ilp32f\libgcc.a(subdf3.o)
                0x000000000000d1f6                __subdf3
 .text.__unorddf2
                0x000000000000dc82       0x7c f:/f/mounriver_studio/toolchain/risc-v embedded gcc/bin/../lib/gcc/riscv-none-embed/8.2.0/rv32imafc/ilp32f\libgcc.a(unorddf2.o)
                0x000000000000dc82                __unorddf2
 .text.__fixdfsi
                0x000000000000dcfe       0xd8 f:/f/mounriver_studio/toolchain/risc-v embedded gcc/bin/../lib/gcc/riscv-none-embed/8.2.0/rv32imafc/ilp32f\libgcc.a(fixdfsi.o)
                0x000000000000dcfe                __fixdfsi
 .text.__fixunsdfsi
                0x000000000000ddd6       0x9e f:/f/mounriver_studio/toolchain/risc-v embedded gcc/bin/../lib/gcc/riscv-none-embed/8.2.0/rv32imafc/ilp32f\libgcc.a(fixunsdfsi.o)
                0x000000000000ddd6                __fixunsdfsi
 .text.__floatsidf
                0x000000000000de74       0x70 f:/f/mounriver_studio/toolchain/risc-v embedded gcc/bin/../lib/gcc/riscv-none-embed/8.2.0/rv32imafc/ilp32f\libgcc.a(floatsidf.o)
                0x000000000000de74                __floatsidf
 .text.__floatunsidf
                0x000000000000dee4       0x66 f:/f/mounriver_studio/toolchain/risc-v embedded gcc/bin/../lib/gcc/riscv-none-embed/8.2.0/rv32imafc/ilp32f\libgcc.a(floatunsidf.o)
                0x000000000000dee4                __floatunsidf
 .text.__extendsfdf2
                0x000000000000df4a       0xe8 f:/f/mounriver_studio/toolchain/risc-v embedded gcc/bin/../lib/gcc/riscv-none-embed/8.2.0/rv32imafc/ilp32f\libgcc.a(extendsfdf2.o)
                0x000000000000df4a                __extendsfdf2
 .text.__truncdfsf2
                0x000000000000e032      0x31e f:/f/mounriver_studio/toolchain/risc-v embedded gcc/bin/../lib/gcc/riscv-none-embed/8.2.0/rv32imafc/ilp32f\libgcc.a(truncdfsf2.o)
                0x000000000000e032                __truncdfsf2
 .text.__clzsi2
                0x000000000000e350       0x76 f:/f/mounriver_studio/toolchain/risc-v embedded gcc/bin/../lib/gcc/riscv-none-embed/8.2.0/rv32imafc/ilp32f\libgcc.a(_clzsi2.o)
                0x000000000000e350                __clzsi2
 .text.__errno  0x000000000000e3c6        0x8 f:/f/mounriver_studio/toolchain/risc-v embedded gcc/bin/../lib/gcc/riscv-none-embed/8.2.0/../../../../riscv-none-embed/lib/rv32imafc/ilp32f\libg_nano.a(lib_a-errno.o)
                0x000000000000e3c6                __errno
 .text.malloc   0x000000000000e3ce        0xa f:/f/mounriver_studio/toolchain/risc-v embedded gcc/bin/../lib/gcc/riscv-none-embed/8.2.0/../../../../riscv-none-embed/lib/rv32imafc/ilp32f\libg_nano.a(lib_a-malloc.o)
                0x000000000000e3ce                malloc
 .text.free     0x000000000000e3d8        0xa f:/f/mounriver_studio/toolchain/risc-v embedded gcc/bin/../lib/gcc/riscv-none-embed/8.2.0/../../../../riscv-none-embed/lib/rv32imafc/ilp32f\libg_nano.a(lib_a-malloc.o)
                0x000000000000e3d8                free
 .text.memcpy   0x000000000000e3e2       0xb6 f:/f/mounriver_studio/toolchain/risc-v embedded gcc/bin/../lib/gcc/riscv-none-embed/8.2.0/../../../../riscv-none-embed/lib/rv32imafc/ilp32f\libg_nano.a(lib_a-memcpy.o)
                0x000000000000e3e2                memcpy
 .text._free_r  0x000000000000e498       0xa8 f:/f/mounriver_studio/toolchain/risc-v embedded gcc/bin/../lib/gcc/riscv-none-embed/8.2.0/../../../../riscv-none-embed/lib/rv32imafc/ilp32f\libg_nano.a(lib_a-nano-freer.o)
                0x000000000000e498                _free_r
 .text._malloc_r
                0x000000000000e540       0xda f:/f/mounriver_studio/toolchain/risc-v embedded gcc/bin/../lib/gcc/riscv-none-embed/8.2.0/../../../../riscv-none-embed/lib/rv32imafc/ilp32f\libg_nano.a(lib_a-nano-mallocr.o)
                0x000000000000e540                _malloc_r
 .text.__cvt    0x000000000000e61a       0xee f:/f/mounriver_studio/toolchain/risc-v embedded gcc/bin/../lib/gcc/riscv-none-embed/8.2.0/../../../../riscv-none-embed/lib/rv32imafc/ilp32f\libg_nano.a(lib_a-nano-vfprintf_float.o)
                0x000000000000e61a                __cvt
 .text.__exponent
                0x000000000000e708       0x8c f:/f/mounriver_studio/toolchain/risc-v embedded gcc/bin/../lib/gcc/riscv-none-embed/8.2.0/../../../../riscv-none-embed/lib/rv32imafc/ilp32f\libg_nano.a(lib_a-nano-vfprintf_float.o)
                0x000000000000e708                __exponent
 .text._printf_float
                0x000000000000e794      0x4c4 f:/f/mounriver_studio/toolchain/risc-v embedded gcc/bin/../lib/gcc/riscv-none-embed/8.2.0/../../../../riscv-none-embed/lib/rv32imafc/ilp32f\libg_nano.a(lib_a-nano-vfprintf_float.o)
                0x000000000000e794                _printf_float
 .text._printf_common
                0x000000000000ec58      0x10c f:/f/mounriver_studio/toolchain/risc-v embedded gcc/bin/../lib/gcc/riscv-none-embed/8.2.0/../../../../riscv-none-embed/lib/rv32imafc/ilp32f\libg_nano.a(lib_a-nano-vfprintf_i.o)
                0x000000000000ec58                _printf_common
 .text._printf_i
                0x000000000000ed64      0x2ac f:/f/mounriver_studio/toolchain/risc-v embedded gcc/bin/../lib/gcc/riscv-none-embed/8.2.0/../../../../riscv-none-embed/lib/rv32imafc/ilp32f\libg_nano.a(lib_a-nano-vfprintf_i.o)
                0x000000000000ed64                _printf_i
 .text.printf   0x000000000000f010       0x42 f:/f/mounriver_studio/toolchain/risc-v embedded gcc/bin/../lib/gcc/riscv-none-embed/8.2.0/../../../../riscv-none-embed/lib/rv32imafc/ilp32f\libg_nano.a(lib_a-printf.o)
                0x000000000000f010                iprintf
                0x000000000000f010                printf
 .text._sbrk_r  0x000000000000f052       0x32 f:/f/mounriver_studio/toolchain/risc-v embedded gcc/bin/../lib/gcc/riscv-none-embed/8.2.0/../../../../riscv-none-embed/lib/rv32imafc/ilp32f\libg_nano.a(lib_a-sbrkr.o)
                0x000000000000f052                _sbrk_r
 .text.sprintf  0x000000000000f084       0x46 f:/f/mounriver_studio/toolchain/risc-v embedded gcc/bin/../lib/gcc/riscv-none-embed/8.2.0/../../../../riscv-none-embed/lib/rv32imafc/ilp32f\libg_nano.a(lib_a-sprintf.o)
                0x000000000000f084                siprintf
                0x000000000000f084                sprintf
 .text.strlen   0x000000000000f0ca       0x12 f:/f/mounriver_studio/toolchain/risc-v embedded gcc/bin/../lib/gcc/riscv-none-embed/8.2.0/../../../../riscv-none-embed/lib/rv32imafc/ilp32f\libg_nano.a(lib_a-strlen.o)
                0x000000000000f0ca                strlen
 .text.strncmp  0x000000000000f0dc       0x2c f:/f/mounriver_studio/toolchain/risc-v embedded gcc/bin/../lib/gcc/riscv-none-embed/8.2.0/../../../../riscv-none-embed/lib/rv32imafc/ilp32f\libg_nano.a(lib_a-strncmp.o)
                0x000000000000f0dc                strncmp
 .text.quorem   0x000000000000f108      0x13a f:/f/mounriver_studio/toolchain/risc-v embedded gcc/bin/../lib/gcc/riscv-none-embed/8.2.0/../../../../riscv-none-embed/lib/rv32imafc/ilp32f\libg_nano.a(lib_a-dtoa.o)
 .text._dtoa_r  0x000000000000f242      0xbea f:/f/mounriver_studio/toolchain/risc-v embedded gcc/bin/../lib/gcc/riscv-none-embed/8.2.0/../../../../riscv-none-embed/lib/rv32imafc/ilp32f\libg_nano.a(lib_a-dtoa.o)
                0x000000000000f242                _dtoa_r
 .text.std      0x000000000000fe2c       0x6a f:/f/mounriver_studio/toolchain/risc-v embedded gcc/bin/../lib/gcc/riscv-none-embed/8.2.0/../../../../riscv-none-embed/lib/rv32imafc/ilp32f\libg_nano.a(lib_a-findfp.o)
 .text._cleanup_r
                0x000000000000fe96        0xa f:/f/mounriver_studio/toolchain/risc-v embedded gcc/bin/../lib/gcc/riscv-none-embed/8.2.0/../../../../riscv-none-embed/lib/rv32imafc/ilp32f\libg_nano.a(lib_a-findfp.o)
                0x000000000000fe96                _cleanup_r
 .text.__sfmoreglue
                0x000000000000fea0       0x48 f:/f/mounriver_studio/toolchain/risc-v embedded gcc/bin/../lib/gcc/riscv-none-embed/8.2.0/../../../../riscv-none-embed/lib/rv32imafc/ilp32f\libg_nano.a(lib_a-findfp.o)
                0x000000000000fea0                __sfmoreglue
 .text.__sinit  0x000000000000fee8       0x6c f:/f/mounriver_studio/toolchain/risc-v embedded gcc/bin/../lib/gcc/riscv-none-embed/8.2.0/../../../../riscv-none-embed/lib/rv32imafc/ilp32f\libg_nano.a(lib_a-findfp.o)
                0x000000000000fee8                __sinit
 .text.__sfp    0x000000000000ff54       0xa0 f:/f/mounriver_studio/toolchain/risc-v embedded gcc/bin/../lib/gcc/riscv-none-embed/8.2.0/../../../../riscv-none-embed/lib/rv32imafc/ilp32f\libg_nano.a(lib_a-findfp.o)
                0x000000000000ff54                __sfp
 .text._fwalk_reent
                0x000000000000fff4       0x6c f:/f/mounriver_studio/toolchain/risc-v embedded gcc/bin/../lib/gcc/riscv-none-embed/8.2.0/../../../../riscv-none-embed/lib/rv32imafc/ilp32f\libg_nano.a(lib_a-fwalk.o)
                0x000000000000fff4                _fwalk_reent
 .text._localeconv_r
                0x0000000000010060       0x18 f:/f/mounriver_studio/toolchain/risc-v embedded gcc/bin/../lib/gcc/riscv-none-embed/8.2.0/../../../../riscv-none-embed/lib/rv32imafc/ilp32f\libg_nano.a(lib_a-localeconv.o)
                0x0000000000010060                _localeconv_r
 .text.memchr   0x0000000000010078       0x1a f:/f/mounriver_studio/toolchain/risc-v embedded gcc/bin/../lib/gcc/riscv-none-embed/8.2.0/../../../../riscv-none-embed/lib/rv32imafc/ilp32f\libg_nano.a(lib_a-memchr.o)
                0x0000000000010078                memchr
 .text.__malloc_lock
                0x0000000000010092        0x2 f:/f/mounriver_studio/toolchain/risc-v embedded gcc/bin/../lib/gcc/riscv-none-embed/8.2.0/../../../../riscv-none-embed/lib/rv32imafc/ilp32f\libg_nano.a(lib_a-mlock.o)
                0x0000000000010092                __malloc_lock
 .text.__malloc_unlock
                0x0000000000010094        0x2 f:/f/mounriver_studio/toolchain/risc-v embedded gcc/bin/../lib/gcc/riscv-none-embed/8.2.0/../../../../riscv-none-embed/lib/rv32imafc/ilp32f\libg_nano.a(lib_a-mlock.o)
                0x0000000000010094                __malloc_unlock
 .text._Balloc  0x0000000000010096       0x88 f:/f/mounriver_studio/toolchain/risc-v embedded gcc/bin/../lib/gcc/riscv-none-embed/8.2.0/../../../../riscv-none-embed/lib/rv32imafc/ilp32f\libg_nano.a(lib_a-mprec.o)
                0x0000000000010096                _Balloc
 .text._Bfree   0x000000000001011e       0x44 f:/f/mounriver_studio/toolchain/risc-v embedded gcc/bin/../lib/gcc/riscv-none-embed/8.2.0/../../../../riscv-none-embed/lib/rv32imafc/ilp32f\libg_nano.a(lib_a-mprec.o)
                0x000000000001011e                _Bfree
 .text.__multadd
                0x0000000000010162       0x98 f:/f/mounriver_studio/toolchain/risc-v embedded gcc/bin/../lib/gcc/riscv-none-embed/8.2.0/../../../../riscv-none-embed/lib/rv32imafc/ilp32f\libg_nano.a(lib_a-mprec.o)
                0x0000000000010162                __multadd
 .text.__hi0bits
                0x00000000000101fa       0x46 f:/f/mounriver_studio/toolchain/risc-v embedded gcc/bin/../lib/gcc/riscv-none-embed/8.2.0/../../../../riscv-none-embed/lib/rv32imafc/ilp32f\libg_nano.a(lib_a-mprec.o)
                0x00000000000101fa                __hi0bits
 .text.__lo0bits
                0x0000000000010240       0x6a f:/f/mounriver_studio/toolchain/risc-v embedded gcc/bin/../lib/gcc/riscv-none-embed/8.2.0/../../../../riscv-none-embed/lib/rv32imafc/ilp32f\libg_nano.a(lib_a-mprec.o)
                0x0000000000010240                __lo0bits
 .text.__i2b    0x00000000000102aa       0x1c f:/f/mounriver_studio/toolchain/risc-v embedded gcc/bin/../lib/gcc/riscv-none-embed/8.2.0/../../../../riscv-none-embed/lib/rv32imafc/ilp32f\libg_nano.a(lib_a-mprec.o)
                0x00000000000102aa                __i2b
 .text.__multiply
                0x00000000000102c6      0x144 f:/f/mounriver_studio/toolchain/risc-v embedded gcc/bin/../lib/gcc/riscv-none-embed/8.2.0/../../../../riscv-none-embed/lib/rv32imafc/ilp32f\libg_nano.a(lib_a-mprec.o)
                0x00000000000102c6                __multiply
 .text.__pow5mult
                0x000000000001040a       0xbe f:/f/mounriver_studio/toolchain/risc-v embedded gcc/bin/../lib/gcc/riscv-none-embed/8.2.0/../../../../riscv-none-embed/lib/rv32imafc/ilp32f\libg_nano.a(lib_a-mprec.o)
                0x000000000001040a                __pow5mult
 .text.__lshift
                0x00000000000104c8       0xce f:/f/mounriver_studio/toolchain/risc-v embedded gcc/bin/../lib/gcc/riscv-none-embed/8.2.0/../../../../riscv-none-embed/lib/rv32imafc/ilp32f\libg_nano.a(lib_a-mprec.o)
                0x00000000000104c8                __lshift
 .text.__mcmp   0x0000000000010596       0x32 f:/f/mounriver_studio/toolchain/risc-v embedded gcc/bin/../lib/gcc/riscv-none-embed/8.2.0/../../../../riscv-none-embed/lib/rv32imafc/ilp32f\libg_nano.a(lib_a-mprec.o)
                0x0000000000010596                __mcmp
 .text.__mdiff  0x00000000000105c8       0xf2 f:/f/mounriver_studio/toolchain/risc-v embedded gcc/bin/../lib/gcc/riscv-none-embed/8.2.0/../../../../riscv-none-embed/lib/rv32imafc/ilp32f\libg_nano.a(lib_a-mprec.o)
                0x00000000000105c8                __mdiff
 .text.__d2b    0x00000000000106ba       0xd4 f:/f/mounriver_studio/toolchain/risc-v embedded gcc/bin/../lib/gcc/riscv-none-embed/8.2.0/../../../../riscv-none-embed/lib/rv32imafc/ilp32f\libg_nano.a(lib_a-mprec.o)
                0x00000000000106ba                __d2b
 .text._calloc_r
                0x000000000001078e       0x28 f:/f/mounriver_studio/toolchain/risc-v embedded gcc/bin/../lib/gcc/riscv-none-embed/8.2.0/../../../../riscv-none-embed/lib/rv32imafc/ilp32f\libg_nano.a(lib_a-nano-callocr.o)
                0x000000000001078e                _calloc_r
 .text.__ssputs_r
                0x00000000000107b6       0xee f:/f/mounriver_studio/toolchain/risc-v embedded gcc/bin/../lib/gcc/riscv-none-embed/8.2.0/../../../../riscv-none-embed/lib/rv32imafc/ilp32f\libg_nano.a(lib_a-nano-svfprintf.o)
                0x00000000000107b6                __ssputs_r
 .text._svfprintf_r
                0x00000000000108a4      0x27e f:/f/mounriver_studio/toolchain/risc-v embedded gcc/bin/../lib/gcc/riscv-none-embed/8.2.0/../../../../riscv-none-embed/lib/rv32imafc/ilp32f\libg_nano.a(lib_a-nano-svfprintf.o)
                0x00000000000108a4                _svfiprintf_r
                0x00000000000108a4                _svfprintf_r
 .text.__sfputc_r
                0x0000000000010b22       0x28 f:/f/mounriver_studio/toolchain/risc-v embedded gcc/bin/../lib/gcc/riscv-none-embed/8.2.0/../../../../riscv-none-embed/lib/rv32imafc/ilp32f\libg_nano.a(lib_a-nano-vfprintf.o)
 .text.__sfputs_r
                0x0000000000010b4a       0x44 f:/f/mounriver_studio/toolchain/risc-v embedded gcc/bin/../lib/gcc/riscv-none-embed/8.2.0/../../../../riscv-none-embed/lib/rv32imafc/ilp32f\libg_nano.a(lib_a-nano-vfprintf.o)
                0x0000000000010b4a                __sfputs_r
 .text._vfprintf_r
                0x0000000000010b8e      0x29e f:/f/mounriver_studio/toolchain/risc-v embedded gcc/bin/../lib/gcc/riscv-none-embed/8.2.0/../../../../riscv-none-embed/lib/rv32imafc/ilp32f\libg_nano.a(lib_a-nano-vfprintf.o)
                0x0000000000010b8e                _vfprintf_r
                0x0000000000010b8e                _vfiprintf_r
 .text.__sread  0x0000000000010e2c       0x30 f:/f/mounriver_studio/toolchain/risc-v embedded gcc/bin/../lib/gcc/riscv-none-embed/8.2.0/../../../../riscv-none-embed/lib/rv32imafc/ilp32f\libg_nano.a(lib_a-stdio.o)
                0x0000000000010e2c                __sread
 .text.__swrite
                0x0000000000010e5c       0x4e f:/f/mounriver_studio/toolchain/risc-v embedded gcc/bin/../lib/gcc/riscv-none-embed/8.2.0/../../../../riscv-none-embed/lib/rv32imafc/ilp32f\libg_nano.a(lib_a-stdio.o)
                0x0000000000010e5c                __swrite
 .text.__sseek  0x0000000000010eaa       0x36 f:/f/mounriver_studio/toolchain/risc-v embedded gcc/bin/../lib/gcc/riscv-none-embed/8.2.0/../../../../riscv-none-embed/lib/rv32imafc/ilp32f\libg_nano.a(lib_a-stdio.o)
                0x0000000000010eaa                __sseek
 .text.__sclose
                0x0000000000010ee0        0x6 f:/f/mounriver_studio/toolchain/risc-v embedded gcc/bin/../lib/gcc/riscv-none-embed/8.2.0/../../../../riscv-none-embed/lib/rv32imafc/ilp32f\libg_nano.a(lib_a-stdio.o)
                0x0000000000010ee0                __sclose
 .text.__swbuf_r
                0x0000000000010ee6       0xc2 f:/f/mounriver_studio/toolchain/risc-v embedded gcc/bin/../lib/gcc/riscv-none-embed/8.2.0/../../../../riscv-none-embed/lib/rv32imafc/ilp32f\libg_nano.a(lib_a-wbuf.o)
                0x0000000000010ee6                __swbuf_r
 .text._write_r
                0x0000000000010fa8       0x36 f:/f/mounriver_studio/toolchain/risc-v embedded gcc/bin/../lib/gcc/riscv-none-embed/8.2.0/../../../../riscv-none-embed/lib/rv32imafc/ilp32f\libg_nano.a(lib_a-writer.o)
                0x0000000000010fa8                _write_r
 .text.__swsetup_r
                0x0000000000010fde      0x110 f:/f/mounriver_studio/toolchain/risc-v embedded gcc/bin/../lib/gcc/riscv-none-embed/8.2.0/../../../../riscv-none-embed/lib/rv32imafc/ilp32f\libg_nano.a(lib_a-wsetup.o)
                0x0000000000010fde                __swsetup_r
 .text._close_r
                0x00000000000110ee       0x32 f:/f/mounriver_studio/toolchain/risc-v embedded gcc/bin/../lib/gcc/riscv-none-embed/8.2.0/../../../../riscv-none-embed/lib/rv32imafc/ilp32f\libg_nano.a(lib_a-closer.o)
                0x00000000000110ee                _close_r
 .text.__sflush_r
                0x0000000000011120      0x13e f:/f/mounriver_studio/toolchain/risc-v embedded gcc/bin/../lib/gcc/riscv-none-embed/8.2.0/../../../../riscv-none-embed/lib/rv32imafc/ilp32f\libg_nano.a(lib_a-fflush.o)
                0x0000000000011120                __sflush_r
 .text._fflush_r
                0x000000000001125e       0x68 f:/f/mounriver_studio/toolchain/risc-v embedded gcc/bin/../lib/gcc/riscv-none-embed/8.2.0/../../../../riscv-none-embed/lib/rv32imafc/ilp32f\libg_nano.a(lib_a-fflush.o)
                0x000000000001125e                _fflush_r
 .text._lseek_r
                0x00000000000112c6       0x34 f:/f/mounriver_studio/toolchain/risc-v embedded gcc/bin/../lib/gcc/riscv-none-embed/8.2.0/../../../../riscv-none-embed/lib/rv32imafc/ilp32f\libg_nano.a(lib_a-lseekr.o)
                0x00000000000112c6                _lseek_r
 .text.__swhatbuf_r
                0x00000000000112fa       0x58 f:/f/mounriver_studio/toolchain/risc-v embedded gcc/bin/../lib/gcc/riscv-none-embed/8.2.0/../../../../riscv-none-embed/lib/rv32imafc/ilp32f\libg_nano.a(lib_a-makebuf.o)
                0x00000000000112fa                __swhatbuf_r
 .text.__smakebuf_r
                0x0000000000011352       0xa0 f:/f/mounriver_studio/toolchain/risc-v embedded gcc/bin/../lib/gcc/riscv-none-embed/8.2.0/../../../../riscv-none-embed/lib/rv32imafc/ilp32f\libg_nano.a(lib_a-makebuf.o)
                0x0000000000011352                __smakebuf_r
 .text.__ascii_mbtowc
                0x00000000000113f2       0x3a f:/f/mounriver_studio/toolchain/risc-v embedded gcc/bin/../lib/gcc/riscv-none-embed/8.2.0/../../../../riscv-none-embed/lib/rv32imafc/ilp32f\libg_nano.a(lib_a-mbtowc_r.o)
                0x00000000000113f2                __ascii_mbtowc
 .text.memmove  0x000000000001142c       0x4a f:/f/mounriver_studio/toolchain/risc-v embedded gcc/bin/../lib/gcc/riscv-none-embed/8.2.0/../../../../riscv-none-embed/lib/rv32imafc/ilp32f\libg_nano.a(lib_a-memmove.o)
                0x000000000001142c                memmove
 .text._realloc_r
                0x0000000000011476       0x58 f:/f/mounriver_studio/toolchain/risc-v embedded gcc/bin/../lib/gcc/riscv-none-embed/8.2.0/../../../../riscv-none-embed/lib/rv32imafc/ilp32f\libg_nano.a(lib_a-nano-reallocr.o)
                0x0000000000011476                _realloc_r
 .text._read_r  0x00000000000114ce       0x34 f:/f/mounriver_studio/toolchain/risc-v embedded gcc/bin/../lib/gcc/riscv-none-embed/8.2.0/../../../../riscv-none-embed/lib/rv32imafc/ilp32f\libg_nano.a(lib_a-readr.o)
                0x00000000000114ce                _read_r
 .text.__ascii_wctomb
                0x0000000000011502       0x20 f:/f/mounriver_studio/toolchain/risc-v embedded gcc/bin/../lib/gcc/riscv-none-embed/8.2.0/../../../../riscv-none-embed/lib/rv32imafc/ilp32f\libg_nano.a(lib_a-wctomb_r.o)
                0x0000000000011502                __ascii_wctomb
 .text._fstat_r
                0x0000000000011522       0x32 f:/f/mounriver_studio/toolchain/risc-v embedded gcc/bin/../lib/gcc/riscv-none-embed/8.2.0/../../../../riscv-none-embed/lib/rv32imafc/ilp32f\libg_nano.a(lib_a-fstatr.o)
                0x0000000000011522                _fstat_r
 .text._isatty_r
                0x0000000000011554       0x30 f:/f/mounriver_studio/toolchain/risc-v embedded gcc/bin/../lib/gcc/riscv-none-embed/8.2.0/../../../../riscv-none-embed/lib/rv32imafc/ilp32f\libg_nano.a(lib_a-isattyr.o)
                0x0000000000011554                _isatty_r
 .text._malloc_usable_size_r
                0x0000000000011584       0x14 f:/f/mounriver_studio/toolchain/risc-v embedded gcc/bin/../lib/gcc/riscv-none-embed/8.2.0/../../../../riscv-none-embed/lib/rv32imafc/ilp32f\libg_nano.a(lib_a-nano-msizer.o)
                0x0000000000011584                _malloc_usable_size_r
 .text.__trunctfdf2
                0x0000000000011598      0x3d0 f:/f/mounriver_studio/toolchain/risc-v embedded gcc/bin/../lib/gcc/riscv-none-embed/8.2.0/rv32imafc/ilp32f\libgcc.a(trunctfdf2.o)
                0x0000000000011598                __trunctfdf2
 .text._close   0x0000000000011968       0x10 f:/f/mounriver_studio/toolchain/risc-v embedded gcc/bin/../lib/gcc/riscv-none-embed/8.2.0/../../../../riscv-none-embed/lib/rv32imafc/ilp32f\libnosys.a(close.o)
                0x0000000000011968                _close
 .text._fstat   0x0000000000011978       0x10 f:/f/mounriver_studio/toolchain/risc-v embedded gcc/bin/../lib/gcc/riscv-none-embed/8.2.0/../../../../riscv-none-embed/lib/rv32imafc/ilp32f\libnosys.a(fstat.o)
                0x0000000000011978                _fstat
 .text._isatty  0x0000000000011988       0x10 f:/f/mounriver_studio/toolchain/risc-v embedded gcc/bin/../lib/gcc/riscv-none-embed/8.2.0/../../../../riscv-none-embed/lib/rv32imafc/ilp32f\libnosys.a(isatty.o)
                0x0000000000011988                _isatty
 .text._lseek   0x0000000000011998       0x10 f:/f/mounriver_studio/toolchain/risc-v embedded gcc/bin/../lib/gcc/riscv-none-embed/8.2.0/../../../../riscv-none-embed/lib/rv32imafc/ilp32f\libnosys.a(lseek.o)
                0x0000000000011998                _lseek
 .text._read    0x00000000000119a8       0x10 f:/f/mounriver_studio/toolchain/risc-v embedded gcc/bin/../lib/gcc/riscv-none-embed/8.2.0/../../../../riscv-none-embed/lib/rv32imafc/ilp32f\libnosys.a(read.o)
                0x00000000000119a8                _read
 .text._sbrk    0x00000000000119b8       0x24 f:/f/mounriver_studio/toolchain/risc-v embedded gcc/bin/../lib/gcc/riscv-none-embed/8.2.0/../../../../riscv-none-embed/lib/rv32imafc/ilp32f\libnosys.a(sbrk.o)
                0x00000000000119b8                _sbrk
 *(.rodata)
 .rodata        0x00000000000119dc       0xb7 ./zf_driver/zf_driver_pit.o
 *fill*         0x0000000000011a93        0x1 
 .rodata        0x0000000000011a94       0x94 ./zf_driver/zf_driver_soft_iic.o
 .rodata        0x0000000000011b28       0x8f ./zf_driver/zf_driver_spi.o
 *fill*         0x0000000000011bb7        0x1 
 .rodata        0x0000000000011bb8       0x90 ./zf_driver/zf_driver_uart.o
 *fill*         0x0000000000011c48        0x0 
 .rodata        0x0000000000011c48        0x8 ./zf_device/zf_device_dm1xa.o
 .rodata        0x0000000000011c50       0xf0 ./zf_device/zf_device_gnss.o
 .rodata        0x0000000000011d40      0x14c ./zf_device/zf_device_mt9v03x_dvp.o
 *fill*         0x0000000000011e8c        0x4 
 .rodata        0x0000000000011e90       0xa8 ./zf_device/zf_device_tft180.o
 .rodata        0x0000000000011f38       0x78 ./zf_common/zf_common_debug.o
 .rodata        0x0000000000011fb0       0x90 ./zf_common/zf_common_fifo.o
 .rodata        0x0000000000012040       0xd0 ./zf_common/zf_common_function.o
 .rodata        0x0000000000012110       0x41 ./sdk/Peripheral/ch32v30x_usbotg_device.o
 *fill*         0x0000000000012151        0x7 
 .rodata        0x0000000000012158       0x60 ./code/better_mt9v034.o
 *(.rodata*)
 .rodata.pit_init
                0x00000000000121b8       0x28 ./zf_driver/zf_driver_pit.o
 .rodata.spi_index
                0x00000000000121e0        0xc ./zf_driver/zf_driver_spi.o
                0x00000000000121e0                spi_index
 .rodata.timer_get
                0x00000000000121ec       0x28 ./zf_driver/zf_driver_timer.o
 .rodata.timer_clear
                0x0000000000012214       0x28 ./zf_driver/zf_driver_timer.o
 .rodata.uart_index
                0x000000000001223c       0x20 ./zf_driver/zf_driver_uart.o
                0x000000000001223c                uart_index
 .rodata.ascii_font_8x16
                0x000000000001225c      0x5f0 ./zf_common/zf_common_font.o
                0x000000000001225c                ascii_font_8x16
 .rodata.ascii_font_6x8
                0x000000000001284c      0x228 ./zf_common/zf_common_font.o
                0x000000000001284c                ascii_font_6x8
 .rodata.MyDevDescrHD
                0x0000000000012a74       0x12 ./sdk/Peripheral/ch32v30x_usbotg_device.o
                0x0000000000012a74                MyDevDescrHD
 *fill*         0x0000000000012a86        0x2 
 .rodata.MyCfgDescrHD
                0x0000000000012a88       0x43 ./sdk/Peripheral/ch32v30x_usbotg_device.o
                0x0000000000012a88                MyCfgDescrHD
 *fill*         0x0000000000012acb        0x1 
 .rodata.MyReportDescHD
                0x0000000000012acc       0x14 ./sdk/Peripheral/ch32v30x_usbotg_device.o
                0x0000000000012acc                MyReportDescHD
 .rodata.MyManuInfoHD
                0x0000000000012ae0        0xe ./sdk/Peripheral/ch32v30x_usbotg_device.o
                0x0000000000012ae0                MyManuInfoHD
 *fill*         0x0000000000012aee        0x2 
 .rodata.MyProdInfoHD
                0x0000000000012af0        0xc ./sdk/Peripheral/ch32v30x_usbotg_device.o
                0x0000000000012af0                MyProdInfoHD
 .rodata.MySerNumInfoHD
                0x0000000000012afc       0x16 ./sdk/Peripheral/ch32v30x_usbotg_device.o
                0x0000000000012afc                MySerNumInfoHD
 *fill*         0x0000000000012b12        0x2 
 .rodata.MyUSBQUADescHD
                0x0000000000012b14        0xa ./sdk/Peripheral/ch32v30x_usbotg_device.o
                0x0000000000012b14                MyUSBQUADescHD
 *fill*         0x0000000000012b1e        0x2 
 .rodata.OTG_FS_IRQHandler
                0x0000000000012b20       0xbc ./sdk/Peripheral/ch32v30x_usbotg_device.o
 *fill*         0x0000000000012bdc        0x4 
 .rodata.pow.cst8
                0x0000000000012be0       0x30 f:/f/mounriver_studio/toolchain/risc-v embedded gcc/bin/../lib/gcc/riscv-none-embed/8.2.0/../../../../riscv-none-embed/lib/rv32imafc/ilp32f\libm.a(lib_a-w_pow.o)
 .rodata.pow.str1.4
                0x0000000000012c10        0x4 f:/f/mounriver_studio/toolchain/risc-v embedded gcc/bin/../lib/gcc/riscv-none-embed/8.2.0/../../../../riscv-none-embed/lib/rv32imafc/ilp32f\libm.a(lib_a-w_pow.o)
 *fill*         0x0000000000012c14        0x4 
 .rodata.__ieee754_pow.cst8
                0x0000000000012c18      0x100 f:/f/mounriver_studio/toolchain/risc-v embedded gcc/bin/../lib/gcc/riscv-none-embed/8.2.0/../../../../riscv-none-embed/lib/rv32imafc/ilp32f\libm.a(lib_a-e_pow.o)
                                        0x110 (size before relaxing)
 .rodata.__ieee754_pow.str1.4
                0x0000000000012d18        0x4 f:/f/mounriver_studio/toolchain/risc-v embedded gcc/bin/../lib/gcc/riscv-none-embed/8.2.0/../../../../riscv-none-embed/lib/rv32imafc/ilp32f\libm.a(lib_a-e_pow.o)
                                          0x1 (size before relaxing)
 .rodata.nan.cst8
                0x0000000000012d18        0x8 f:/f/mounriver_studio/toolchain/risc-v embedded gcc/bin/../lib/gcc/riscv-none-embed/8.2.0/../../../../riscv-none-embed/lib/rv32imafc/ilp32f\libm.a(lib_a-s_nan.o)
 .rodata.TWO52  0x0000000000012d20       0x10 f:/f/mounriver_studio/toolchain/risc-v embedded gcc/bin/../lib/gcc/riscv-none-embed/8.2.0/../../../../riscv-none-embed/lib/rv32imafc/ilp32f\libm.a(lib_a-s_rint.o)
 .rodata.scalbn.cst8
                0x0000000000012d30       0x10 f:/f/mounriver_studio/toolchain/risc-v embedded gcc/bin/../lib/gcc/riscv-none-embed/8.2.0/../../../../riscv-none-embed/lib/rv32imafc/ilp32f\libm.a(lib_a-s_scalbn.o)
                                         0x20 (size before relaxing)
 .rodata.__divdf3
                0x0000000000012d40       0x40 f:/f/mounriver_studio/toolchain/risc-v embedded gcc/bin/../lib/gcc/riscv-none-embed/8.2.0/rv32imafc/ilp32f\libgcc.a(divdf3.o)
 .rodata.__muldf3
                0x0000000000012d80       0x40 f:/f/mounriver_studio/toolchain/risc-v embedded gcc/bin/../lib/gcc/riscv-none-embed/8.2.0/rv32imafc/ilp32f\libgcc.a(muldf3.o)
 .rodata.__clz_tab
                0x0000000000012dc0      0x100 f:/f/mounriver_studio/toolchain/risc-v embedded gcc/bin/../lib/gcc/riscv-none-embed/8.2.0/rv32imafc/ilp32f\libgcc.a(_clz.o)
                0x0000000000012dc0                __clz_tab
 .rodata._printf_float.cst8
                0x0000000000012ec0        0x8 f:/f/mounriver_studio/toolchain/risc-v embedded gcc/bin/../lib/gcc/riscv-none-embed/8.2.0/../../../../riscv-none-embed/lib/rv32imafc/ilp32f\libg_nano.a(lib_a-nano-vfprintf_float.o)
 .rodata._printf_float.str1.4
                0x0000000000012ec8       0x12 f:/f/mounriver_studio/toolchain/risc-v embedded gcc/bin/../lib/gcc/riscv-none-embed/8.2.0/../../../../riscv-none-embed/lib/rv32imafc/ilp32f\libg_nano.a(lib_a-nano-vfprintf_float.o)
 *fill*         0x0000000000012eda        0x2 
 .rodata._printf_i.str1.4
                0x0000000000012edc       0x25 f:/f/mounriver_studio/toolchain/risc-v embedded gcc/bin/../lib/gcc/riscv-none-embed/8.2.0/../../../../riscv-none-embed/lib/rv32imafc/ilp32f\libg_nano.a(lib_a-nano-vfprintf_i.o)
 *fill*         0x0000000000012f01        0x7 
 .rodata._dtoa_r.cst8
                0x0000000000012f08       0x30 f:/f/mounriver_studio/toolchain/risc-v embedded gcc/bin/../lib/gcc/riscv-none-embed/8.2.0/../../../../riscv-none-embed/lib/rv32imafc/ilp32f\libg_nano.a(lib_a-dtoa.o)
                                         0x48 (size before relaxing)
 .rodata._dtoa_r.str1.4
                0x0000000000012f38       0x10 f:/f/mounriver_studio/toolchain/risc-v embedded gcc/bin/../lib/gcc/riscv-none-embed/8.2.0/../../../../riscv-none-embed/lib/rv32imafc/ilp32f\libg_nano.a(lib_a-dtoa.o)
                                         0x12 (size before relaxing)
 .rodata.__sf_fake_stderr
                0x0000000000012f48       0x20 f:/f/mounriver_studio/toolchain/risc-v embedded gcc/bin/../lib/gcc/riscv-none-embed/8.2.0/../../../../riscv-none-embed/lib/rv32imafc/ilp32f\libg_nano.a(lib_a-findfp.o)
                0x0000000000012f48                __sf_fake_stderr
 .rodata.__sf_fake_stdin
                0x0000000000012f68       0x20 f:/f/mounriver_studio/toolchain/risc-v embedded gcc/bin/../lib/gcc/riscv-none-embed/8.2.0/../../../../riscv-none-embed/lib/rv32imafc/ilp32f\libg_nano.a(lib_a-findfp.o)
                0x0000000000012f68                __sf_fake_stdin
 .rodata.__sf_fake_stdout
                0x0000000000012f88       0x20 f:/f/mounriver_studio/toolchain/risc-v embedded gcc/bin/../lib/gcc/riscv-none-embed/8.2.0/../../../../riscv-none-embed/lib/rv32imafc/ilp32f\libg_nano.a(lib_a-findfp.o)
                0x0000000000012f88                __sf_fake_stdout
 .rodata.__mprec_bigtens
                0x0000000000012fa8       0x28 f:/f/mounriver_studio/toolchain/risc-v embedded gcc/bin/../lib/gcc/riscv-none-embed/8.2.0/../../../../riscv-none-embed/lib/rv32imafc/ilp32f\libg_nano.a(lib_a-mprec.o)
                0x0000000000012fa8                __mprec_bigtens
 .rodata.__mprec_tens
                0x0000000000012fd0       0xc8 f:/f/mounriver_studio/toolchain/risc-v embedded gcc/bin/../lib/gcc/riscv-none-embed/8.2.0/../../../../riscv-none-embed/lib/rv32imafc/ilp32f\libg_nano.a(lib_a-mprec.o)
                0x0000000000012fd0                __mprec_tens
 .rodata.p05.3321
                0x0000000000013098        0xc f:/f/mounriver_studio/toolchain/risc-v embedded gcc/bin/../lib/gcc/riscv-none-embed/8.2.0/../../../../riscv-none-embed/lib/rv32imafc/ilp32f\libg_nano.a(lib_a-mprec.o)
 .rodata._svfprintf_r.str1.4
                0x00000000000130a4       0x13 f:/f/mounriver_studio/toolchain/risc-v embedded gcc/bin/../lib/gcc/riscv-none-embed/8.2.0/../../../../riscv-none-embed/lib/rv32imafc/ilp32f\libg_nano.a(lib_a-nano-svfprintf.o)
 .rodata._vfprintf_r.str1.4
                0x00000000000130b7       0x13 f:/f/mounriver_studio/toolchain/risc-v embedded gcc/bin/../lib/gcc/riscv-none-embed/8.2.0/../../../../riscv-none-embed/lib/rv32imafc/ilp32f\libg_nano.a(lib_a-nano-vfprintf.o)
 *fill*         0x00000000000130b7        0x1 
 .rodata._setlocale_r.str1.4
                0x00000000000130b8        0xa f:/f/mounriver_studio/toolchain/risc-v embedded gcc/bin/../lib/gcc/riscv-none-embed/8.2.0/../../../../riscv-none-embed/lib/rv32imafc/ilp32f\libg_nano.a(lib_a-locale.o)
                                          0xd (size before relaxing)
 *fill*         0x00000000000130c2        0x2 
 .rodata.str1.4
                0x00000000000130c4        0x4 f:/f/mounriver_studio/toolchain/risc-v embedded gcc/bin/../lib/gcc/riscv-none-embed/8.2.0/../../../../riscv-none-embed/lib/rv32imafc/ilp32f\libg_nano.a(lib_a-locale.o)
                                          0x2 (size before relaxing)
 .rodata._ctype_
                0x00000000000130c8      0x101 f:/f/mounriver_studio/toolchain/risc-v embedded gcc/bin/../lib/gcc/riscv-none-embed/8.2.0/../../../../riscv-none-embed/lib/rv32imafc/ilp32f\libg_nano.a(lib_a-ctype_.o)
                0x00000000000130c8                _ctype_
 *(.glue_7)
 *(.glue_7t)
 *(.gnu.linkonce.t.*)
                0x00000000000131cc                . = ALIGN (0x4)
 *fill*         0x00000000000131c9        0x3 

.rela.dyn       0x00000000000131cc        0x0
 .rela.init     0x00000000000131cc        0x0 ./zf_driver/zf_driver_delay.o
 .rela.vector   0x00000000000131cc        0x0 ./zf_driver/zf_driver_delay.o
 .rela.text.handle_reset
                0x00000000000131cc        0x0 ./zf_driver/zf_driver_delay.o
 .rela.text._sbrk_r
                0x00000000000131cc        0x0 ./zf_driver/zf_driver_delay.o
 .rela.text._svfprintf_r
                0x00000000000131cc        0x0 ./zf_driver/zf_driver_delay.o
 .rela.text._vfprintf_r
                0x00000000000131cc        0x0 ./zf_driver/zf_driver_delay.o
 .rela.text._write_r
                0x00000000000131cc        0x0 ./zf_driver/zf_driver_delay.o
 .rela.text._close_r
                0x00000000000131cc        0x0 ./zf_driver/zf_driver_delay.o
 .rela.text._lseek_r
                0x00000000000131cc        0x0 ./zf_driver/zf_driver_delay.o
 .rela.text._read_r
                0x00000000000131cc        0x0 ./zf_driver/zf_driver_delay.o
 .rela.text._fstat_r
                0x00000000000131cc        0x0 ./zf_driver/zf_driver_delay.o
 .rela.text._isatty_r
                0x00000000000131cc        0x0 ./zf_driver/zf_driver_delay.o
 .rela.text._close
                0x00000000000131cc        0x0 ./zf_driver/zf_driver_delay.o
 .rela.text._fstat
                0x00000000000131cc        0x0 ./zf_driver/zf_driver_delay.o
 .rela.text._isatty
                0x00000000000131cc        0x0 ./zf_driver/zf_driver_delay.o
 .rela.text._lseek
                0x00000000000131cc        0x0 ./zf_driver/zf_driver_delay.o
 .rela.text._read
                0x00000000000131cc        0x0 ./zf_driver/zf_driver_delay.o
 .rela.text._sbrk
                0x00000000000131cc        0x0 ./zf_driver/zf_driver_delay.o

.fini           0x00000000000131cc        0x0
 *(SORT_NONE(.fini))
                0x00000000000131cc                . = ALIGN (0x4)
                [!provide]                        PROVIDE (_etext = .)
                [!provide]                        PROVIDE (_eitcm = .)

.preinit_array  0x00000000000131cc        0x0
                [!provide]                        PROVIDE (__preinit_array_start = .)
 *(.preinit_array)
                [!provide]                        PROVIDE (__preinit_array_end = .)

.init_array     0x00000000000131cc        0x0
                [!provide]                        PROVIDE (__init_array_start = .)
 *(SORT_BY_INIT_PRIORITY(.init_array.*) SORT_BY_INIT_PRIORITY(.ctors.*))
 *(.init_array EXCLUDE_FILE(*crtend?.o *crtend.o *crtbegin?.o *crtbegin.o) .ctors)
                [!provide]                        PROVIDE (__init_array_end = .)

.fini_array     0x00000000000131cc        0x0
                [!provide]                        PROVIDE (__fini_array_start = .)
 *(SORT_BY_INIT_PRIORITY(.fini_array.*) SORT_BY_INIT_PRIORITY(.dtors.*))
 *(.fini_array EXCLUDE_FILE(*crtend?.o *crtend.o *crtbegin?.o *crtbegin.o) .dtors)
                [!provide]                        PROVIDE (__fini_array_end = .)

.ctors
 *crtbegin.o(.ctors)
 *crtbegin?.o(.ctors)
 *(EXCLUDE_FILE(*crtend?.o *crtend.o) .ctors)
 *(SORT_BY_NAME(.ctors.*))
 *(.ctors)

.dtors
 *crtbegin.o(.dtors)
 *crtbegin?.o(.dtors)
 *(EXCLUDE_FILE(*crtend?.o *crtend.o) .dtors)
 *(SORT_BY_NAME(.dtors.*))
 *(.dtors)

.dalign         0x0000000020000040        0x0 load address 0x00000000000131cc
                0x0000000020000040                . = ALIGN (0x4)
                0x0000000020000040                PROVIDE (_data_vma = .)

.dlalign        0x00000000000131cc        0x0
                0x00000000000131cc                . = ALIGN (0x4)
                0x00000000000131cc                PROVIDE (_data_lma = .)

.data           0x0000000020000040      0x290 load address 0x00000000000131cc
 *(.gnu.linkonce.r.*)
 *(.data .data.*)
 .data.gpio_group
                0x0000000020000040       0x14 ./zf_driver/zf_driver_gpio.o
                0x0000000020000040                gpio_group
 .data.APBAHBPrescTable
                0x0000000020000054       0x10 ./sdk/Peripheral/ch32v30x_rcc.o
 .data.TAB_USB_FS_OSC_DESC
                0x0000000020000064       0x43 ./sdk/Peripheral/ch32v30x_usbotg_device.o
                0x0000000020000064                TAB_USB_FS_OSC_DESC
 *fill*         0x00000000200000a7        0x1 
 .data.impure_data
                0x00000000200000a8       0x60 f:/f/mounriver_studio/toolchain/risc-v embedded gcc/bin/../lib/gcc/riscv-none-embed/8.2.0/../../../../riscv-none-embed/lib/rv32imafc/ilp32f\libg_nano.a(lib_a-impure.o)
 .data.__global_locale
                0x0000000020000108      0x16c f:/f/mounriver_studio/toolchain/risc-v embedded gcc/bin/../lib/gcc/riscv-none-embed/8.2.0/../../../../riscv-none-embed/lib/rv32imafc/ilp32f\libg_nano.a(lib_a-locale.o)
                0x0000000020000108                __global_locale
 *(.gnu.linkonce.d.*)
                0x0000000020000278                . = ALIGN (0x8)
 *fill*         0x0000000020000274        0x4 
                0x0000000020000a78                PROVIDE (__global_pointer$ = (. + 0x800))
 *(.sdata .sdata.*)
 .sdata.dm1xa_distance_mm
                0x0000000020000278        0x2 ./zf_device/zf_device_dm1xa.o
 *fill*         0x000000002000027a        0x2 
 .sdata.mt9v03x_type
                0x000000002000027c        0x4 ./zf_device/zf_device_mt9v03x_dvp.o
 .sdata.tft180_pencolor
                0x0000000020000280        0x2 ./zf_device/zf_device_tft180.o
 .sdata.tft180_bgcolor
                0x0000000020000282        0x2 ./zf_device/zf_device_tft180.o
 .sdata.tft180_display_font
                0x0000000020000284        0x4 ./zf_device/zf_device_tft180.o
 .sdata.tft180_x_max
                0x0000000020000288        0x1 ./zf_device/zf_device_tft180.o
 .sdata.tft180_y_max
                0x0000000020000289        0x1 ./zf_device/zf_device_tft180.o
 *fill*         0x000000002000028a        0x2 
 .sdata.camera_uart_handler
                0x000000002000028c        0x4 ./zf_device/zf_device_type.o
                0x000000002000028c                camera_uart_handler
 .sdata.camera_dvp_handler
                0x0000000020000290        0x4 ./zf_device/zf_device_type.o
                0x0000000020000290                camera_dvp_handler
 .sdata.wireless_module_uart_handler
                0x0000000020000294        0x4 ./zf_device/zf_device_type.o
                0x0000000020000294                wireless_module_uart_handler
 .sdata.tof_module_exti_handler
                0x0000000020000298        0x4 ./zf_device/zf_device_type.o
                0x0000000020000298                tof_module_exti_handler
 .sdata.system_clock
                0x000000002000029c        0x4 ./zf_common/zf_common_clock.o
                0x000000002000029c                system_clock
 .sdata.zf_debug_assert_enable
                0x00000000200002a0        0x1 ./zf_common/zf_common_debug.o
 *fill*         0x00000000200002a1        0x3 
 .sdata.ADCPrescTable
                0x00000000200002a4        0x4 ./sdk/Peripheral/ch32v30x_rcc.o
 .sdata.USBHD_Dev_Speed
                0x00000000200002a8        0x1 ./sdk/Peripheral/ch32v30x_usbotg_device.o
                0x00000000200002a8                USBHD_Dev_Speed
 *fill*         0x00000000200002a9        0x3 
 .sdata.LineCoding
                0x00000000200002ac        0x7 ./sdk/Peripheral/ch32v30x_usbotg_device.o
                0x00000000200002ac                LineCoding
 *fill*         0x00000000200002b3        0x1 
 .sdata.__fdlib_version
                0x00000000200002b4        0x4 f:/f/mounriver_studio/toolchain/risc-v embedded gcc/bin/../lib/gcc/riscv-none-embed/8.2.0/../../../../riscv-none-embed/lib/rv32imafc/ilp32f\libm.a(lib_a-s_lib_ver.o)
                0x00000000200002b4                __fdlib_version
 .sdata._impure_ptr
                0x00000000200002b8        0x4 f:/f/mounriver_studio/toolchain/risc-v embedded gcc/bin/../lib/gcc/riscv-none-embed/8.2.0/../../../../riscv-none-embed/lib/rv32imafc/ilp32f\libg_nano.a(lib_a-impure.o)
                0x00000000200002b8                _impure_ptr
 *(.sdata2.*)
 .sdata2.uart_irq
                0x00000000200002bc        0x8 ./zf_driver/zf_driver_uart.o
                0x00000000200002bc                uart_irq
 .sdata2.MyLangDescrHD
                0x00000000200002c4        0x4 ./sdk/Peripheral/ch32v30x_usbotg_device.o
                0x00000000200002c4                MyLangDescrHD
 .sdata2._global_impure_ptr
                0x00000000200002c8        0x4 f:/f/mounriver_studio/toolchain/risc-v embedded gcc/bin/../lib/gcc/riscv-none-embed/8.2.0/../../../../riscv-none-embed/lib/rv32imafc/ilp32f\libg_nano.a(lib_a-impure.o)
                0x00000000200002c8                _global_impure_ptr
 *(.gnu.linkonce.s.*)
                0x00000000200002d0                . = ALIGN (0x8)
 *fill*         0x00000000200002cc        0x4 
 *(.srodata.cst16)
 *(.srodata.cst8)
 *(.srodata.cst4)
 *(.srodata.cst2)
 *(.srodata .srodata.*)
                0x00000000200002d0                . = ALIGN (0x4)
                0x00000000200002d0                PROVIDE (_edata = .)

.bss            0x00000000200002d0     0xb33c load address 0x000000000001345c
                0x00000000200002d0                . = ALIGN (0x4)
                0x00000000200002d0                PROVIDE (_sbss = .)
 *(.sbss*)
 .sbss.dm1xa_plus_count
                0x00000000200002d0        0x4 ./zf_device/zf_device_dm1xa.o
 .sbss.dm1xa_type
                0x00000000200002d4        0x4 ./zf_device/zf_device_dm1xa.o
 .sbss.dm1xa_ranging_state
                0x00000000200002d8        0x4 ./zf_device/zf_device_dm1xa.o
 .sbss.gnss_flag
                0x00000000200002dc        0x1 ./zf_device/zf_device_gnss.o
                0x00000000200002dc                gnss_flag
 .sbss.gnss_state
                0x00000000200002dd        0x1 ./zf_device/zf_device_gnss.o
 *fill*         0x00000000200002de        0x2 
 .sbss.gnss_gga_state
                0x00000000200002e0        0x4 ./zf_device/zf_device_gnss.o
 .sbss.gnss_rmc_state
                0x00000000200002e4        0x4 ./zf_device/zf_device_gnss.o
 .sbss.gnss_ths_state
                0x00000000200002e8        0x4 ./zf_device/zf_device_gnss.o
 .sbss.mt9v03x_finish_flag
                0x00000000200002ec        0x1 ./zf_device/zf_device_mt9v03x_dvp.o
                0x00000000200002ec                mt9v03x_finish_flag
 *fill*         0x00000000200002ed        0x3 
 .sbss.camera_receiver_fifo
                0x00000000200002f0        0x4 ./zf_device/zf_device_mt9v03x_dvp.o
 .sbss.mt9v03x_version
                0x00000000200002f4        0x2 ./zf_device/zf_device_mt9v03x_dvp.o
 *fill*         0x00000000200002f6        0x2 
 .sbss.tft180_display_dir
                0x00000000200002f8        0x4 ./zf_device/zf_device_tft180.o
 .sbss.camera_type
                0x00000000200002fc        0x4 ./zf_device/zf_device_type.o
                0x00000000200002fc                camera_type
 .sbss.debug_uart_data
                0x0000000020000300        0x1 ./zf_common/zf_common_debug.o
                0x0000000020000300                debug_uart_data
 .sbss.zf_debug_init_flag
                0x0000000020000301        0x1 ./zf_common/zf_common_debug.o
 .sbss.assert_nest_index.5042
                0x0000000020000302        0x1 ./zf_common/zf_common_debug.o
 *fill*         0x0000000020000303        0x1 
 .sbss.interrupt_nest_count
                0x0000000020000304        0x4 ./zf_common/zf_common_interrupt.o
 .sbss.mode     0x0000000020000308        0x1 ./user_c/main.o
                0x0000000020000308                mode
 .sbss.a.8518   0x0000000020000309        0x1 ./user_c/main.o
 .sbss.b.8519   0x000000002000030a        0x1 ./user_c/main.o
 *fill*         0x000000002000030b        0x1 
 .sbss.EP0_DatabufHD
                0x000000002000030c        0x8 ./sdk/Peripheral/ch32v30x_usbotg_device.o
                0x000000002000030c                EP0_DatabufHD
 .sbss.pEP0_RAM_Addr
                0x0000000020000314        0x4 ./sdk/Peripheral/ch32v30x_usbotg_device.o
                0x0000000020000314                pEP0_RAM_Addr
 .sbss.pEP1_RAM_Addr
                0x0000000020000318        0x4 ./sdk/Peripheral/ch32v30x_usbotg_device.o
                0x0000000020000318                pEP1_RAM_Addr
 .sbss.pEP2_RAM_Addr
                0x000000002000031c        0x4 ./sdk/Peripheral/ch32v30x_usbotg_device.o
                0x000000002000031c                pEP2_RAM_Addr
 .sbss.pDescr   0x0000000020000320        0x4 ./sdk/Peripheral/ch32v30x_usbotg_device.o
                0x0000000020000320                pDescr
 .sbss.USBHD_Dev_SetupReqLen
                0x0000000020000324        0x2 ./sdk/Peripheral/ch32v30x_usbotg_device.o
                0x0000000020000324                USBHD_Dev_SetupReqLen
 .sbss.USBHD_Dev_SleepStatus
                0x0000000020000326        0x1 ./sdk/Peripheral/ch32v30x_usbotg_device.o
                0x0000000020000326                USBHD_Dev_SleepStatus
 .sbss.DevConfig
                0x0000000020000327        0x1 ./sdk/Peripheral/ch32v30x_usbotg_device.o
                0x0000000020000327                DevConfig
 .sbss.SetupReqCode
                0x0000000020000328        0x1 ./sdk/Peripheral/ch32v30x_usbotg_device.o
                0x0000000020000328                SetupReqCode
 *fill*         0x0000000020000329        0x1 
 .sbss.SetupReqLen
                0x000000002000032a        0x2 ./sdk/Peripheral/ch32v30x_usbotg_device.o
                0x000000002000032a                SetupReqLen
 .sbss.ex_mt9v03x_image_binaryzation_flag
                0x000000002000032c        0x1 ./code/better_mt9v034.o
                0x000000002000032c                ex_mt9v03x_image_binaryzation_flag
 *fill*         0x000000002000032d        0x3 
 .sbss.ex_binaryzation_conduct_adjustment
                0x0000000020000330        0x4 ./code/better_mt9v034.o
                0x0000000020000330                ex_binaryzation_conduct_adjustment
 .sbss.circulation_flag.8591
                0x0000000020000334        0x1 ./code/better_mt9v034.o
 .sbss.threshold.8589
                0x0000000020000335        0x1 ./code/better_mt9v034.o
 .sbss.a.8154   0x0000000020000336        0x1 ./code/better_pwm.o
 .sbss.La.8156  0x0000000020000337        0x1 ./code/better_pwm.o
 .sbss.b.8155   0x0000000020000338        0x1 ./code/better_pwm.o
 .sbss.Lb.8157  0x0000000020000339        0x1 ./code/better_pwm.o
 .sbss.flag.8158
                0x000000002000033a        0x1 ./code/better_pwm.o
 .sbss.turn.8159
                0x000000002000033b        0x1 ./code/better_pwm.o
 .sbss.mt9v03x_auto_exp
                0x000000002000033c        0x4 F:\H\desktop\document\CHV307_Library-master\CHV307_Library-master\Seekfree_CH32V307VCT6_Opensource_Library\libraries\zf_device\libzf_device_config.a(zf_device_config.o)
 .sbss.mt9v03x_exp_time
                0x0000000020000340        0x4 F:\H\desktop\document\CHV307_Library-master\CHV307_Library-master\Seekfree_CH32V307VCT6_Opensource_Library\libraries\zf_device\libzf_device_config.a(zf_device_config.o)
 .sbss.mt9v03x_h_blank
                0x0000000020000344        0x4 F:\H\desktop\document\CHV307_Library-master\CHV307_Library-master\Seekfree_CH32V307VCT6_Opensource_Library\libraries\zf_device\libzf_device_config.a(zf_device_config.o)
 .sbss.mt9v03x_row
                0x0000000020000348        0x4 F:\H\desktop\document\CHV307_Library-master\CHV307_Library-master\Seekfree_CH32V307VCT6_Opensource_Library\libraries\zf_device\libzf_device_config.a(zf_device_config.o)
 .sbss.mt9v03x_v_blank
                0x000000002000034c        0x4 F:\H\desktop\document\CHV307_Library-master\CHV307_Library-master\Seekfree_CH32V307VCT6_Opensource_Library\libraries\zf_device\libzf_device_config.a(zf_device_config.o)
 .sbss.__malloc_free_list
                0x0000000020000350        0x4 f:/f/mounriver_studio/toolchain/risc-v embedded gcc/bin/../lib/gcc/riscv-none-embed/8.2.0/../../../../riscv-none-embed/lib/rv32imafc/ilp32f\libg_nano.a(lib_a-nano-mallocr.o)
                0x0000000020000350                __malloc_free_list
 .sbss.__malloc_sbrk_start
                0x0000000020000354        0x4 f:/f/mounriver_studio/toolchain/risc-v embedded gcc/bin/../lib/gcc/riscv-none-embed/8.2.0/../../../../riscv-none-embed/lib/rv32imafc/ilp32f\libg_nano.a(lib_a-nano-mallocr.o)
                0x0000000020000354                __malloc_sbrk_start
 .sbss.heap_end.1520
                0x0000000020000358        0x4 f:/f/mounriver_studio/toolchain/risc-v embedded gcc/bin/../lib/gcc/riscv-none-embed/8.2.0/../../../../riscv-none-embed/lib/rv32imafc/ilp32f\libnosys.a(sbrk.o)
 *(.gnu.linkonce.sb.*)
 *(.bss*)
 .bss.timer_function_state
                0x000000002000035c       0x28 ./zf_driver/zf_driver_timer.o
 .bss.timer_mode_state
                0x0000000020000384       0x28 ./zf_driver/zf_driver_timer.o
 .bss.gnss_receiver_fifo
                0x00000000200003ac       0x19 ./zf_device/zf_device_gnss.o
 *fill*         0x00000000200003c5        0x3 
 .bss.gps_gga_buffer
                0x00000000200003c8       0x80 ./zf_device/zf_device_gnss.o
 .bss.gps_rmc_buffer
                0x0000000020000448       0x80 ./zf_device/zf_device_gnss.o
 .bss.gps_ths_buffer
                0x00000000200004c8       0x80 ./zf_device/zf_device_gnss.o
 .bss.mt9v03x_image
                0x0000000020000548     0x5820 ./zf_device/zf_device_mt9v03x_dvp.o
                0x0000000020000548                mt9v03x_image
 .bss.debug_uart_buffer
                0x0000000020005d68       0x40 ./zf_common/zf_common_debug.o
                0x0000000020005d68                debug_uart_buffer
 .bss.debug_uart_fifo
                0x0000000020005da8       0x19 ./zf_common/zf_common_debug.o
                0x0000000020005da8                debug_uart_fifo
 *fill*         0x0000000020005dc1        0x3 
 .bss.debug_output_info
                0x0000000020005dc4       0x14 ./zf_common/zf_common_debug.o
 .bss.ex_mt9v03x_image_binaryzation
                0x0000000020005dd8     0x5820 ./code/better_mt9v034.o
                0x0000000020005dd8                ex_mt9v03x_image_binaryzation
 .bss.mt9v03x_iic_inf_struct
                0x000000002000b5f8       0x10 F:\H\desktop\document\CHV307_Library-master\CHV307_Library-master\Seekfree_CH32V307VCT6_Opensource_Library\libraries\zf_device\libzf_device_config.a(zf_device_config.o)
 *(.gnu.linkonce.b.*)
 *(COMMON*)
 COMMON         0x000000002000b608        0x4 f:/f/mounriver_studio/toolchain/risc-v embedded gcc/bin/../lib/gcc/riscv-none-embed/8.2.0/../../../../riscv-none-embed/lib/rv32imafc/ilp32f\libg_nano.a(lib_a-reent.o)
                0x000000002000b608                errno
                0x000000002000b60c                . = ALIGN (0x4)
                0x000000002000b60c                PROVIDE (_ebss = .)
                [!provide]                        PROVIDE (_end = _ebss)
                0x000000002000b60c                PROVIDE (end = .)

.stack          0x000000002000f440      0x800
                [!provide]                        PROVIDE (_heap_end = .)
                0x000000002000f440                . = ALIGN (0x4)
                [!provide]                        PROVIDE (_susrstack = .)
                0x000000002000fc40                . = (. + __stack_size)
 *fill*         0x000000002000f440      0x800 
                0x000000002000fc40                PROVIDE (_eusrstack = .)
OUTPUT(Seekfree_CH32V307VCT6_Opensource_Library.elf elf32-littleriscv)

.debug_info     0x0000000000000000    0x2157c
 .debug_info    0x0000000000000000      0xa28 ./zf_driver/zf_driver_delay.o
 .debug_info    0x0000000000000a28      0xf36 ./zf_driver/zf_driver_dvp.o
 .debug_info    0x000000000000195e      0xefa ./zf_driver/zf_driver_gpio.o
 .debug_info    0x0000000000002858     0x10a9 ./zf_driver/zf_driver_pit.o
 .debug_info    0x0000000000003901     0x1602 ./zf_driver/zf_driver_soft_iic.o